[INFO] [1785509839.127672801] [rl_env_node]: 
--- ACTION DIAGNOSTICS ---
Raw delta pos: [ 0.99927306 -0.992085    0.98564327]
Safe target pos: [ 0.63196207 -0.00217575  0.39458955]
Target orientation (quat): [-0.49617416  0.69722811  0.40327724  0.3241167 ]
Stiffness (Kp_pos diag): [162.17569096671085, 1.2626902210765043, 162.17578321368742]
--------------------------
[INFO] [1785509839.161693052] [rl_env_node]: 
--- ACTION DIAGNOSTICS ---
Raw delta pos: [ 0.99927306 -0.992085    0.98564327]
Safe target pos: [ 0.63196207 -0.00217575  0.39458955]
Target orientation (quat): [-0.49617416  0.69722811  0.40327724  0.3241167 ]
Stiffness (Kp_pos diag): [162.17569096671085, 1.2626902210765043, 162.17578321368742]
--------------------------
[INFO] [1785509839.211748399] [rl_env_node]: 
--- ACTION DIAGNOSTICS ---
Raw delta pos: [ 0.9992827  -0.99194175  0.98570824]
Safe target pos: [ 0.63196207 -0.00217575  0.39458955]
Target orientation (quat): [-0.49617416  0.69722811  0.40327724  0.3241167 ]
Stiffness (Kp_pos diag): [162.1756932274812, 1.262690771063873, 162.17578334904613]
--------------------------
[INFO] [1785509839.263658005] [rl_env_node]: 
--- ACTION DIAGNOSTICS ---
Raw delta pos: [ 0.99927306 -0.992085    0.98564327]
Safe target pos: [ 0.63196207 -0.00217575  0.39458955]
Target orientation (quat): [-0.49617416  0.69722811  0.40327724  0.3241167 ]
Stiffness (Kp_pos diag): [162.17569096671085, 1.2626902210765043, 162.17578321368742]
--------------------------
[INFO] [1785509839.323872840] [rl_env_node]: 
--- ACTION DIAGNOSTICS ---
Raw delta pos: [ 0.9992827  -0.99194175  0.98570824]
Safe target pos: [ 0.63196207 -0.00217575  0.39458955]
Target orientation (quat): [-0.49617416  0.69722811  0.40327724  0.3241167 ]
Stiffness (Kp_pos diag): [162.1756932274812, 1.262690771063873, 162.17578334904613]
--------------------------
[INFO] [1785509839.365317255] [rl_env_node]: 
--- ACTION DIAGNOSTICS ---
Raw delta pos: [ 0.9992827  -0.99194175  0.98570824]
Safe target pos: [ 0.63196207 -0.00217575  0.39458955]
Target orientation (quat): [-0.49617416  0.69722811  0.40327724  0.3241167 ]
Stiffness (Kp_pos diag): [162.1756932274812, 1.262690771063873, 162.17578334904613]
--------------------------
[INFO] [1785509839.411488439] [rl_env_node]: 
--- ACTION DIAGNOSTICS ---
Raw delta pos: [ 0.9992827  -0.99194175  0.98570824]
Safe target pos: [ 0.63196207 -0.00217575  0.39458955]
Target orientation (quat): [-0.49617416  0.69722811  0.40327724  0.3241167 ]
Stiffness (Kp_pos diag): [162.1756932274812, 1.262690771063873, 162.17578334904613]
--------------------------
[INFO] [1785509839.461913382] [rl_env_node]: 
--- ACTION DIAGNOSTICS ---
Raw delta pos: [ 0.99927306 -0.992085    0.98564327]
Safe target pos: [ 0.63196207 -0.00217575  0.39458955]
Target orientation (quat): [-0.49617416  0.69722811  0.40327724  0.3241167 ]
Stiffness (Kp_pos diag): [162.17569096671085, 1.2626902210765043, 162.17578321368742]
--------------------------
[INFO] [1785509839.511509009] [rl_env_node]: 
--- ACTION DIAGNOSTICS ---
Raw delta pos: [ 0.9992827  -0.99194175  0.98570824]
Safe target pos: [ 0.63196207 -0.00217575  0.39458955]
Target orientation (quat): [-0.49617416  0.69722811  0.40327724  0.3241167 ]
Stiffness (Kp_pos diag): [162.1756932274812, 1.262690771063873, 162.17578334904613]
--------------------------
[INFO] [1785509839.561677877] [rl_env_node]: 
--- ACTION DIAGNOSTICS ---
Raw delta pos: [ 0.9992827  -0.99194175  0.98570824]
Safe target pos: [ 0.63196207 -0.00217575  0.39458955]
Target orientation (quat): [-0.49617416  0.69722811  0.40327724  0.3241167 ]
Stiffness (Kp_pos diag): [162.1756932274812, 1.262690771063873, 162.17578334904613]
--------------------------
[INFO] [1785509839.611383963] [rl_env_node]: 
--- ACTION DIAGNOSTICS ---
Raw delta pos: [ 0.9992827  -0.99194175  0.98570824]
Safe target pos: [ 0.63196207 -0.00217575  0.39458955]
Target orientation (quat): [-0.49617416  0.69722811  0.40327724  0.3241167 ]
Stiffness (Kp_pos diag): [162.1756932274812, 1.262690771063873, 162.17578334904613]
--------------------------
[INFO] [1785509839.661897034] [rl_env_node]: 
--- ACTION DIAGNOSTICS ---
Raw delta pos: [ 0.9992827  -0.99194175  0.98570824]
Safe target pos: [ 0.63196207 -0.00217575  0.39458955]
Target orientation (quat): [-0.49617416  0.69722811  0.40327724  0.3241167 ]
Stiffness (Kp_pos diag): [162.1756932274812, 1.262690771063873, 162.17578334904613]
--------------------------
[INFO] [1785509839.718256151] [rl_env_node]: 
--- ACTION DIAGNOSTICS ---
Raw delta pos: [ 0.9992827  -0.99194175  0.98570824]
Safe target pos: [ 0.63196207 -0.00217575  0.39458955]
Target orientation (quat): [-0.49617416  0.69722811  0.40327724  0.3241167 ]
Stiffness (Kp_pos diag): [162.1756932274812, 1.262690771063873, 162.17578334904613]
--------------------------
[INFO] [1785509839.761647461] [rl_env_node]: 
--- ACTION DIAGNOSTICS ---
Raw delta pos: [ 0.9992827  -0.99194175  0.98570824]
Safe target pos: [ 0.63196207 -0.00217575  0.39458955]
Target orientation (quat): [-0.49617416  0.69722811  0.40327724  0.3241167 ]
Stiffness (Kp_pos diag): [162.1756932274812, 1.262690771063873, 162.17578334904613]
--------------------------
[INFO] [1785509839.811822319] [rl_env_node]: 
--- ACTION DIAGNOSTICS ---
Raw delta pos: [ 0.9992827  -0.99194175  0.98570824]
Safe target pos: [ 0.63196207 -0.00217575  0.39458955]
Target orientation (quat): [-0.49617416  0.69722811  0.40327724  0.3241167 ]
Stiffness (Kp_pos diag): [162.1756932274812, 1.262690771063873, 162.17578334904613]
--------------------------
[INFO] [1785509839.864982342] [rl_env_node]: 
--- ACTION DIAGNOSTICS ---
Raw delta pos: [ 0.9992827  -0.99194175  0.98570824]
Safe target pos: [ 0.63196207 -0.00217575  0.39458955]
Target orientation (quat): [-0.49617416  0.69722811  0.40327724  0.3241167 ]
Stiffness (Kp_pos diag): [162.1756932274812, 1.262690771063873, 162.17578334904613]
--------------------------
[INFO] [1785509839.911539758] [rl_env_node]: 
--- ACTION DIAGNOSTICS ---
Raw delta pos: [ 0.9992827  -0.99194175  0.98570824]
Safe target pos: [ 0.63196207 -0.00217575  0.39458955]
Target orientation (quat): [-0.49617416  0.69722811  0.40327724  0.3241167 ]
Stiffness (Kp_pos diag): [162.1756932274812, 1.262690771063873, 162.17578334904613]
--------------------------
[INFO] [1785509839.961610174] [rl_env_node]: 
--- ACTION DIAGNOSTICS ---
Raw delta pos: [ 0.9992827  -0.99194175  0.98570824]
Safe target pos: [ 0.63196207 -0.00217575  0.39458955]
Target orientation (quat): [-0.49617416  0.69722811  0.40327724  0.3241167 ]
Stiffness (Kp_pos diag): [162.1756932274812, 1.262690771063873, 162.17578334904613]
--------------------------
[INFO] [1785509840.011711104] [rl_env_node]: 
--- ACTION DIAGNOSTICS ---
Raw delta pos: [ 0.9992827  -0.99194175  0.98570824]
Safe target pos: [ 0.63196207 -0.00217575  0.39458955]
Target orientation (quat): [-0.49617416  0.69722811  0.40327724  0.3241167 ]
Stiffness (Kp_pos diag): [162.1756932274812, 1.262690771063873, 162.17578334904613]
--------------------------
[INFO] [1785509840.061506625] [rl_env_node]: 
--- ACTION DIAGNOSTICS ---
Raw delta pos: [ 0.9992827  -0.99194175  0.98570824]
Safe target pos: [ 0.63196207 -0.00217575  0.39458955]
Target orientation (quat): [-0.49617416  0.69722811  0.40327724  0.3241167 ]
Stiffness (Kp_pos diag): [162.1756932274812, 1.262690771063873, 162.17578334904613]
--------------------------
[INFO] [1785509840.111635284] [rl_env_node]: 
--- ACTION DIAGNOSTICS ---
Raw delta pos: [ 0.99927306 -0.992085    0.98564327]
Safe target pos: [ 0.63196207 -0.00217575  0.39458955]
Target orientation (quat): [-0.49617416  0.69722811  0.40327724  0.3241167 ]
Stiffness (Kp_pos diag): [162.17569096671085, 1.2626902210765043, 162.17578321368742]
--------------------------
[INFO] [1785509840.161583871] [rl_env_node]: 
--- ACTION DIAGNOSTICS ---
Raw delta pos: [ 0.9992827  -0.99194175  0.98570824]
Safe target pos: [ 0.63196207 -0.00217575  0.39458955]
Target orientation (quat): [-0.49617416  0.69722811  0.40327724  0.3241167 ]
Stiffness (Kp_pos diag): [162.1756932274812, 1.262690771063873, 162.17578334904613]
--------------------------
[INFO] [1785509840.211586867] [rl_env_node]: 
--- ACTION DIAGNOSTICS ---
Raw delta pos: [ 0.9992827  -0.99194175  0.98570824]
Safe target pos: [ 0.63196207 -0.00217575  0.39458955]
Target orientation (quat): [-0.49617416  0.69722811  0.40327724  0.3241167 ]
Stiffness (Kp_pos diag): [162.1756932274812, 1.262690771063873, 162.17578334904613]
--------------------------
[INFO] [1785509840.261595819] [rl_env_node]: 
--- ACTION DIAGNOSTICS ---
Raw delta pos: [ 0.9992827  -0.99194175  0.98570824]
Safe target pos: [ 0.63196207 -0.00217575  0.39458955]
Target orientation (quat): [-0.49617416  0.69722811  0.40327724  0.3241167 ]
Stiffness (Kp_pos diag): [162.1756932274812, 1.262690771063873, 162.17578334904613]
--------------------------
[INFO] [1785509840.312166680] [rl_env_node]: 
--- ACTION DIAGNOSTICS ---
Raw delta pos: [ 0.9992827  -0.99194175  0.98570824]
Safe target pos: [ 0.63196207 -0.00217575  0.39458955]
Target orientation (quat): [-0.49617416  0.69722811  0.40327724  0.3241167 ]
Stiffness (Kp_pos diag): [162.1756932274812, 1.262690771063873, 162.17578334904613]
--------------------------
[INFO] [1785509840.361932896] [rl_env_node]: 
--- ACTION DIAGNOSTICS ---
Raw delta pos: [ 0.99927306 -0.992085    0.98564327]
Safe target pos: [ 0.63196207 -0.00217575  0.39458955]
Target orientation (quat): [-0.49617416  0.69722811  0.40327724  0.3241167 ]
Stiffness (Kp_pos diag): [162.17569096671085, 1.2626902210765043, 162.17578321368742]
--------------------------
[INFO] [1785509840.411919276] [rl_env_node]: 
--- ACTION DIAGNOSTICS ---
Raw delta pos: [ 0.99927306 -0.992085    0.98564327]
Safe target pos: [ 0.63196207 -0.00217575  0.39458955]
Target orientation (quat): [-0.49617416  0.69722811  0.40327724  0.3241167 ]
Stiffness (Kp_pos diag): [162.17569096671085, 1.2626902210765043, 162.17578321368742]
--------------------------
[INFO] [1785509840.469302603] [rl_env_node]: 
--- ACTION DIAGNOSTICS ---
Raw delta pos: [ 0.9992827  -0.99194175  0.98570824]
Safe target pos: [ 0.63196207 -0.00217575  0.39458955]
Target orientation (quat): [-0.49617416  0.69722811  0.40327724  0.3241167 ]
Stiffness (Kp_pos diag): [162.1756932274812, 1.262690771063873, 162.17578334904613]
--------------------------
[INFO] [1785509840.517500991] [rl_env_node]: 
--- ACTION DIAGNOSTICS ---
Raw delta pos: [ 0.9992827  -0.99194175  0.98570824]
Safe target pos: [ 0.63196207 -0.00217575  0.39458955]
Target orientation (quat): [-0.49617416  0.69722811  0.40327724  0.3241167 ]
Stiffness (Kp_pos diag): [162.1756932274812, 1.262690771063873, 162.17578334904613]
--------------------------
[INFO] [1785509840.562253346] [rl_env_node]: 
--- ACTION DIAGNOSTICS ---
Raw delta pos: [ 0.9992827  -0.99194175  0.98570824]
Safe target pos: [ 0.63196207 -0.00217575  0.39458955]
Target orientation (quat): [-0.49617416  0.69722811  0.40327724  0.3241167 ]
Stiffness (Kp_pos diag): [162.1756932274812, 1.262690771063873, 162.17578334904613]
--------------------------
[INFO] [1785509840.617508769] [rl_env_node]: 
--- ACTION DIAGNOSTICS ---
Raw delta pos: [ 0.9992827  -0.99194175  0.98570824]
Safe target pos: [ 0.63196207 -0.00217575  0.39458955]
Target orientation (quat): [-0.49617416  0.69722811  0.40327724  0.3241167 ]
Stiffness (Kp_pos diag): [162.1756932274812, 1.262690771063873, 162.17578334904613]
--------------------------
[INFO] [1785509840.661675534] [rl_env_node]: 
--- ACTION DIAGNOSTICS ---
Raw delta pos: [ 0.9992827  -0.99194175  0.98570824]
Safe target pos: [ 0.63196207 -0.00217575  0.39458955]
Target orientation (quat): [-0.49617416  0.69722811  0.40327724  0.3241167 ]
Stiffness (Kp_pos diag): [162.1756932274812, 1.262690771063873, 162.17578334904613]
--------------------------
[INFO] [1785509840.717447233] [rl_env_node]: 
--- ACTION DIAGNOSTICS ---
Raw delta pos: [ 0.9992827  -0.99194175  0.98570824]
Safe target pos: [ 0.63196207 -0.00217575  0.39458955]
Target orientation (quat): [-0.49617416  0.69722811  0.40327724  0.3241167 ]
Stiffness (Kp_pos diag): [162.1756932274812, 1.262690771063873, 162.17578334904613]
--------------------------
[INFO] [1785509840.761970016] [rl_env_node]: 
--- ACTION DIAGNOSTICS ---
Raw delta pos: [ 0.99927306 -0.992085    0.98564327]
Safe target pos: [ 0.63196207 -0.00217575  0.39458955]
Target orientation (quat): [-0.49617416  0.69722811  0.40327724  0.3241167 ]
Stiffness (Kp_pos diag): [162.17569096671085, 1.2626902210765043, 162.17578321368742]
--------------------------
[INFO] [1785509840.811642480] [rl_env_node]: 
--- ACTION DIAGNOSTICS ---
Raw delta pos: [ 0.99927306 -0.992085    0.98564327]
Safe target pos: [ 0.63196207 -0.00217575  0.39458955]
Target orientation (quat): [-0.49617416  0.69722811  0.40327724  0.3241167 ]
Stiffness (Kp_pos diag): [162.17569096671085, 1.2626902210765043, 162.17578321368742]
--------------------------
[INFO] [1785509840.861608794] [rl_env_node]: 
--- ACTION DIAGNOSTICS ---
Raw delta pos: [ 0.9992827  -0.99194175  0.98570824]
Safe target pos: [ 0.63196207 -0.00217575  0.39458955]
Target orientation (quat): [-0.49617416  0.69722811  0.40327724  0.3241167 ]
Stiffness (Kp_pos diag): [162.1756932274812, 1.262690771063873, 162.17578334904613]
--------------------------
[INFO] [1785509840.911726909] [rl_env_node]: 
--- ACTION DIAGNOSTICS ---
Raw delta pos: [ 0.99927306 -0.992085    0.98564327]
Safe target pos: [ 0.63196207 -0.00217575  0.39458955]
Target orientation (quat): [-0.49617416  0.69722811  0.40327724  0.3241167 ]
Stiffness (Kp_pos diag): [162.17569096671085, 1.2626902210765043, 162.17578321368742]
--------------------------
[INFO] [1785509840.961881968] [rl_env_node]: 
--- ACTION DIAGNOSTICS ---
Raw delta pos: [ 0.9992827  -0.99194175  0.98570824]
Safe target pos: [ 0.63196207 -0.00217575  0.39458955]
Target orientation (quat): [-0.49617416  0.69722811  0.40327724  0.3241167 ]
Stiffness (Kp_pos diag): [162.1756932274812, 1.262690771063873, 162.17578334904613]
--------------------------
[INFO] [1785509841.011908991] [rl_env_node]: 
--- ACTION DIAGNOSTICS ---
Raw delta pos: [ 0.9992827  -0.99194175  0.98570824]
Safe target pos: [ 0.63196207 -0.00217575  0.39458955]
Target orientation (quat): [-0.49617416  0.69722811  0.40327724  0.3241167 ]
Stiffness (Kp_pos diag): [162.1756932274812, 1.262690771063873, 162.17578334904613]
--------------------------
[INFO] [1785509841.061611168] [rl_env_node]: 
--- ACTION DIAGNOSTICS ---
Raw delta pos: [ 0.9992827  -0.99194175  0.98570824]
Safe target pos: [ 0.63196207 -0.00217575  0.39458955]
Target orientation (quat): [-0.49617416  0.69722811  0.40327724  0.3241167 ]
Stiffness (Kp_pos diag): [162.1756932274812, 1.262690771063873, 162.17578334904613]
--------------------------
[INFO] [1785509841.119024052] [rl_env_node]: 
--- ACTION DIAGNOSTICS ---
Raw delta pos: [ 0.99927306 -0.992085    0.98564327]
Safe target pos: [ 0.63196207 -0.00217575  0.39458955]
Target orientation (quat): [-0.49617416  0.69722811  0.40327724  0.3241167 ]
Stiffness (Kp_pos diag): [162.17569096671085, 1.2626902210765043, 162.17578321368742]
--------------------------
[INFO] [1785509841.161860744] [rl_env_node]: 
--- ACTION DIAGNOSTICS ---
Raw delta pos: [ 0.9992827  -0.99194175  0.98570824]
Safe target pos: [ 0.63196207 -0.00217575  0.39458955]
Target orientation (quat): [-0.49617416  0.69722811  0.40327724  0.3241167 ]
Stiffness (Kp_pos diag): [162.1756932274812, 1.262690771063873, 162.17578334904613]
--------------------------
[INFO] [1785509841.213252963] [rl_env_node]: 
--- ACTION DIAGNOSTICS ---
Raw delta pos: [ 0.9992827  -0.99194175  0.98570824]
Safe target pos: [ 0.63196207 -0.00217575  0.39458955]
Target orientation (quat): [-0.49617416  0.69722811  0.40327724  0.3241167 ]
Stiffness (Kp_pos diag): [162.1756932274812, 1.262690771063873, 162.17578334904613]
--------------------------
[INFO] [1785509841.265371692] [rl_env_node]: 
--- ACTION DIAGNOSTICS ---
Raw delta pos: [ 0.9992827  -0.99194175  0.98570824]
Safe target pos: [ 0.63196207 -0.00217575  0.39458955]
Target orientation (quat): [-0.49617416  0.69722811  0.40327724  0.3241167 ]
Stiffness (Kp_pos diag): [162.1756932274812, 1.262690771063873, 162.17578334904613]
--------------------------
[INFO] [1785509841.313349096] [rl_env_node]: 
--- ACTION DIAGNOSTICS ---
Raw delta pos: [ 0.99927306 -0.992085    0.98564327]
Safe target pos: [ 0.63196207 -0.00217575  0.39458955]
Target orientation (quat): [-0.49617416  0.69722811  0.40327724  0.3241167 ]
Stiffness (Kp_pos diag): [162.17569096671085, 1.2626902210765043, 162.17578321368742]
--------------------------
[INFO] [1785509841.365309676] [rl_env_node]: 
--- ACTION DIAGNOSTICS ---
Raw delta pos: [ 0.9992827  -0.99194175  0.98570824]
Safe target pos: [ 0.63196207 -0.00217575  0.39458955]
Target orientation (quat): [-0.49617416  0.69722811  0.40327724  0.3241167 ]
Stiffness (Kp_pos diag): [162.1756932274812, 1.262690771063873, 162.17578334904613]
--------------------------
[INFO] [1785509841.411970981] [rl_env_node]: 
--- ACTION DIAGNOSTICS ---
Raw delta pos: [ 0.9992827  -0.99194175  0.98570824]
Safe target pos: [ 0.63196207 -0.00217575  0.39458955]
Target orientation (quat): [-0.49617416  0.69722811  0.40327724  0.3241167 ]
Stiffness (Kp_pos diag): [162.1756932274812, 1.262690771063873, 162.17578334904613]
--------------------------
[INFO] [1785509841.461742400] [rl_env_node]: 
--- ACTION DIAGNOSTICS ---
Raw delta pos: [ 0.9992827  -0.99194175  0.98570824]
Safe target pos: [ 0.63196207 -0.00217575  0.39458955]
Target orientation (quat): [-0.49617416  0.69722811  0.40327724  0.3241167 ]
Stiffness (Kp_pos diag): [162.1756932274812, 1.262690771063873, 162.17578334904613]
--------------------------
[INFO] [1785509841.511718704] [rl_env_node]: 
--- ACTION DIAGNOSTICS ---
Raw delta pos: [ 0.9992827  -0.99194175  0.98570824]
Safe target pos: [ 0.63196207 -0.00217575  0.39458955]
Target orientation (quat): [-0.49617416  0.69722811  0.40327724  0.3241167 ]
Stiffness (Kp_pos diag): [162.1756932274812, 1.262690771063873, 162.17578334904613]
--------------------------
[INFO] [1785509841.561712575] [rl_env_node]: 
--- ACTION DIAGNOSTICS ---
Raw delta pos: [ 0.9992827  -0.99194175  0.98570824]
Safe target pos: [ 0.63196207 -0.00217575  0.39458955]
Target orientation (quat): [-0.49617416  0.69722811  0.40327724  0.3241167 ]
Stiffness (Kp_pos diag): [162.1756932274812, 1.262690771063873, 162.17578334904613]
--------------------------
[INFO] [1785509841.616756195] [rl_env_node]: 
--- ACTION DIAGNOSTICS ---
Raw delta pos: [ 0.9992827  -0.99194175  0.98570824]
Safe target pos: [ 0.63196207 -0.00217575  0.39458955]
Target orientation (quat): [-0.49617416  0.69722811  0.40327724  0.3241167 ]
Stiffness (Kp_pos diag): [162.1756932274812, 1.262690771063873, 162.17578334904613]
--------------------------
[INFO] [1785509841.662030884] [rl_env_node]: 
--- ACTION DIAGNOSTICS ---
Raw delta pos: [ 0.9992827  -0.99194175  0.98570824]
Safe target pos: [ 0.63196207 -0.00217575  0.39458955]
Target orientation (quat): [-0.49617416  0.69722811  0.40327724  0.3241167 ]
Stiffness (Kp_pos diag): [162.1756932274812, 1.262690771063873, 162.17578334904613]
--------------------------
[INFO] [1785509841.712081772] [rl_env_node]: 
--- ACTION DIAGNOSTICS ---
Raw delta pos: [ 0.9992827  -0.99194175  0.98570824]
Safe target pos: [ 0.63196207 -0.00217575  0.39458955]
Target orientation (quat): [-0.49617416  0.69722811  0.40327724  0.3241167 ]
Stiffness (Kp_pos diag): [162.1756932274812, 1.262690771063873, 162.17578334904613]
--------------------------
[INFO] [1785509841.765267033] [rl_env_node]: 
--- ACTION DIAGNOSTICS ---
Raw delta pos: [ 0.9992827  -0.99194175  0.98570824]
Safe target pos: [ 0.63196207 -0.00217575  0.39458955]
Target orientation (quat): [-0.49617416  0.69722811  0.40327724  0.3241167 ]
Stiffness (Kp_pos diag): [162.1756932274812, 1.262690771063873, 162.17578334904613]
--------------------------
[INFO] [1785509841.812206796] [rl_env_node]: 
--- ACTION DIAGNOSTICS ---
Raw delta pos: [ 0.9992827  -0.99194175  0.98570824]
Safe target pos: [ 0.63196207 -0.00217575  0.39458955]
Target orientation (quat): [-0.49617416  0.69722811  0.40327724  0.3241167 ]
Stiffness (Kp_pos diag): [162.1756932274812, 1.262690771063873, 162.17578334904613]
--------------------------
[INFO] [1785509841.865292475] [rl_env_node]: 
--- ACTION DIAGNOSTICS ---
Raw delta pos: [ 0.9992827  -0.99194175  0.98570824]
Safe target pos: [ 0.63196207 -0.00217575  0.39458955]
Target orientation (quat): [-0.49617416  0.69722811  0.40327724  0.3241167 ]
Stiffness (Kp_pos diag): [162.1756932274812, 1.262690771063873, 162.17578334904613]
--------------------------
[INFO] [1785509841.913265934] [rl_env_node]: 
--- ACTION DIAGNOSTICS ---
Raw delta pos: [ 0.9992827  -0.99194175  0.98570824]
Safe target pos: [ 0.63196207 -0.00217575  0.39458955]
Target orientation (quat): [-0.49617416  0.69722811  0.40327724  0.3241167 ]
Stiffness (Kp_pos diag): [162.1756932274812, 1.262690771063873, 162.17578334904613]
--------------------------
[INFO] [1785509841.962091216] [rl_env_node]: 
--- ACTION DIAGNOSTICS ---
Raw delta pos: [ 0.9992827  -0.99194175  0.98570824]
Safe target pos: [ 0.63196207 -0.00217575  0.39458955]
Target orientation (quat): [-0.49617416  0.69722811  0.40327724  0.3241167 ]
Stiffness (Kp_pos diag): [162.1756932274812, 1.262690771063873, 162.17578334904613]
--------------------------
[INFO] [1785509842.011879733] [rl_env_node]: 
--- ACTION DIAGNOSTICS ---
Raw delta pos: [ 0.9992827  -0.99194175  0.98570824]
Safe target pos: [ 0.63196207 -0.00217575  0.39458955]
Target orientation (quat): [-0.49617416  0.69722811  0.40327724  0.3241167 ]
Stiffness (Kp_pos diag): [162.1756932274812, 1.262690771063873, 162.17578334904613]
--------------------------
[INFO] [1785509842.069221713] [rl_env_node]: 
--- ACTION DIAGNOSTICS ---
Raw delta pos: [ 0.9992827  -0.99194175  0.98570824]
Safe target pos: [ 0.63196207 -0.00217575  0.39458955]
Target orientation (quat): [-0.49617416  0.69722811  0.40327724  0.3241167 ]
Stiffness (Kp_pos diag): [162.1756932274812, 1.262690771063873, 162.17578334904613]
--------------------------
[INFO] [1785509842.113458870] [rl_env_node]: 
--- ACTION DIAGNOSTICS ---
Raw delta pos: [ 0.9992827  -0.99194175  0.98570824]
Safe target pos: [ 0.63196207 -0.00217575  0.39458955]
Target orientation (quat): [-0.49617416  0.69722811  0.40327724  0.3241167 ]
Stiffness (Kp_pos diag): [162.1756932274812, 1.262690771063873, 162.17578334904613]
--------------------------
[INFO] [1785509842.172364412] [rl_env_node]: 
--- ACTION DIAGNOSTICS ---
Raw delta pos: [ 0.9992827  -0.99194175  0.98570824]
Safe target pos: [ 0.63196207 -0.00217575  0.39458955]
Target orientation (quat): [-0.49617416  0.69722811  0.40327724  0.3241167 ]
Stiffness (Kp_pos diag): [162.1756932274812, 1.262690771063873, 162.17578334904613]
--------------------------
[INFO] [1785509842.211937622] [rl_env_node]: 
--- ACTION DIAGNOSTICS ---
Raw delta pos: [ 0.9992827  -0.99194175  0.98570824]
Safe target pos: [ 0.63196207 -0.00217575  0.39458955]
Target orientation (quat): [-0.49617416  0.69722811  0.40327724  0.3241167 ]
Stiffness (Kp_pos diag): [162.1756932274812, 1.262690771063873, 162.17578334904613]
--------------------------
[INFO] [1785509842.269232430] [rl_env_node]: 
--- ACTION DIAGNOSTICS ---
Raw delta pos: [ 0.9992827  -0.99194175  0.98570824]
Safe target pos: [ 0.63196207 -0.00217575  0.39458955]
Target orientation (quat): [-0.49617416  0.69722811  0.40327724  0.3241167 ]
Stiffness (Kp_pos diag): [162.1756932274812, 1.262690771063873, 162.17578334904613]
--------------------------
[INFO] [1785509842.313284512] [rl_env_node]: 
--- ACTION DIAGNOSTICS ---
Raw delta pos: [ 0.9992827  -0.99194175  0.98570824]
Safe target pos: [ 0.63196207 -0.00217575  0.39458955]
Target orientation (quat): [-0.49617416  0.69722811  0.40327724  0.3241167 ]
Stiffness (Kp_pos diag): [162.1756932274812, 1.262690771063873, 162.17578334904613]
--------------------------
[INFO] [1785509842.369400250] [rl_env_node]: 
--- ACTION DIAGNOSTICS ---
Raw delta pos: [ 0.9992827  -0.99194175  0.98570824]
Safe target pos: [ 0.63196207 -0.00217575  0.39458955]
Target orientation (quat): [-0.49617416  0.69722811  0.40327724  0.3241167 ]
Stiffness (Kp_pos diag): [162.1756932274812, 1.262690771063873, 162.17578334904613]
--------------------------
[INFO] [1785509842.412607140] [rl_env_node]: 
--- ACTION DIAGNOSTICS ---
Raw delta pos: [ 0.9992827  -0.99194175  0.98570824]
Safe target pos: [ 0.63196207 -0.00217575  0.39458955]
Target orientation (quat): [-0.49617416  0.69722811  0.40327724  0.3241167 ]
Stiffness (Kp_pos diag): [162.1756932274812, 1.262690771063873, 162.17578334904613]
--------------------------
[INFO] [1785509842.471333696] [rl_env_node]: 
--- ACTION DIAGNOSTICS ---
Raw delta pos: [ 0.9992827  -0.99194175  0.98570824]
Safe target pos: [ 0.63196207 -0.00217575  0.39458955]
Target orientation (quat): [-0.49617416  0.69722811  0.40327724  0.3241167 ]
Stiffness (Kp_pos diag): [162.1756932274812, 1.262690771063873, 162.17578334904613]
--------------------------
[INFO] [1785509842.518822065] [rl_env_node]: 
--- ACTION DIAGNOSTICS ---
Raw delta pos: [ 0.9992827  -0.99194175  0.98570824]
Safe target pos: [ 0.63196207 -0.00217575  0.39458955]
Target orientation (quat): [-0.49617416  0.69722811  0.40327724  0.3241167 ]
Stiffness (Kp_pos diag): [162.1756932274812, 1.262690771063873, 162.17578334904613]
