[INFO] [1788376728.586033978] [rl_env_node]: 
--- ACTION DIAGNOSTICS ---
Raw delta pos: [ 0.9937284   0.8341322  -0.99233204]
Safe target pos: [0.45368127 0.1646232  0.21734833]
Target orientation (quat): [ 0.75237955  0.59721987 -0.15543005 -0.23042338]
Stiffness (Kp_pos diag): [86.643974, 159.90796, 159.92488]
Stiffness (Kp_ori): [157.45976, 159.9992, 140.85603]
--------------------------
[INFO] [1788376728.636910778] [rl_env_node]: 
--- ACTION DIAGNOSTICS ---
Raw delta pos: [-0.9968662   0.99293065 -0.9803203 ]
Safe target pos: [0.44203331 0.17087885 0.21135992]
Target orientation (quat): [ 0.78844218  0.58145515 -0.07481236 -0.18620407]
Stiffness (Kp_pos diag): [159.99773, 1.0052551, 159.94107]
Stiffness (Kp_ori): [159.99333, 158.18031, 3.825078]
--------------------------
[INFO] [1788376728.686740088] [rl_env_node]: 
--- ACTION DIAGNOSTICS ---
Raw delta pos: [ 0.9612255   0.5395365  -0.99981326]
Safe target pos: [0.44564634 0.17099719 0.21143137]
Target orientation (quat): [ 0.75247095  0.59452179 -0.15478792 -0.23742791]
Stiffness (Kp_pos diag): [17.097603, 159.96773, 159.99586]
Stiffness (Kp_ori): [1.5099933, 159.80194, 6.1718736]
--------------------------
[INFO] [1788376728.734914586] [rl_env_node]: 
================================================================ OBS SNAPSHOT ================================================================
  [00:06]  joint_pos      = [+0.1812  +0.1015  +0.0972  -2.3523  +0.2950  +2.0633  +0.5028]
  [07:13]  cos(jnt_pos)   = [+0.9836  +0.9949  +0.9953  -0.7043  +0.9568  -0.4729  +0.8762]
  [14:20]  sin(jnt_pos)   = [+0.1802  +0.1013  +0.0971  -0.7099  +0.2907  +0.8811  +0.4819]
  [21:27]  joint_vel      = [+0.0010  +0.0290  -0.0281  +0.0266  +0.6532  +0.1894  +1.3880]
  [28:34]  joint_acc      = [-0.3671  -1.3075  -1.3918  +2.6282  +4.0800  +2.4352  +38.8867]
  [35:37]  eef_pos(TCP)   = [+0.4172  +0.1507  +0.2100]  (eraser tip)
  [38:41]  eef_quat       = [+0.8011  +0.5558  -0.1346  -0.1765]  (flange xyzw)
  [42:45]  eef_quat_site  = [+0.4898  +0.2304  -0.5059  -0.6717]  (grip-site xyzw)
  [46]     contact        = 0  (|Fz|>2N)
  [47:81]  markers (active=0):
    M0 (active )  pos=[+0.5579  -0.1035  +0.0491]  g2m=[+0.1407  -0.2542  -0.1609]
    M1 (pending)  pos=[+0.5438  -0.0443  +0.0592]  g2m=[+0.1267  -0.1950  -0.1508]
    M2 (pending)  pos=[+0.5305  +0.0164  +0.0687]  g2m=[+0.1133  -0.1343  -0.1413]
    M3 (pending)  pos=[+0.5107  +0.0791  +0.0830]  g2m=[+0.0935  -0.0716  -0.1270]
    M4 (pending)  pos=[+0.4841  +0.1412  +0.1022]  g2m=[+0.0669  -0.0095  -0.1078]
  [82:84]  g2active_wp    = [+0.1407  -0.2542  -0.1609]
  obs_dim  = 85
=============================================================================================================================================
[INFO] [1788376728.736567862] [rl_env_node]: 
--- ACTION DIAGNOSTICS ---
Raw delta pos: [ 0.01649559  0.97621155 -0.99968714]
Safe target pos: [0.44821837 0.17123384 0.21156991]
Target orientation (quat): [ 0.76829647  0.60923203 -0.075148   -0.18141013]
Stiffness (Kp_pos diag): [155.80771, 22.610056, 159.98796]
Stiffness (Kp_ori): [146.27843, 158.45903, 130.47139]
--------------------------
[INFO] [1788376728.788897559] [rl_env_node]: 
--- ACTION DIAGNOSTICS ---
Raw delta pos: [ 0.9627284  0.6275109 -0.9998547]
Safe target pos: [0.45023817 0.17254055 0.2107931 ]
Target orientation (quat): [ 0.78341762  0.5624319  -0.20750664 -0.16391519]
Stiffness (Kp_pos diag): [153.0024, 130.45592, 159.93439]
Stiffness (Kp_ori): [137.06842, 159.9707, 151.14493]
--------------------------
[INFO] [1788376728.841175698] [rl_env_node]: 
--- ACTION DIAGNOSTICS ---
Raw delta pos: [ 0.94707227  0.99600124 -0.99970335]
Safe target pos: [0.45045634 0.17229089 0.2110765 ]
Target orientation (quat): [ 0.74114168  0.60777041 -0.15255311 -0.24093916]
Stiffness (Kp_pos diag): [1.0231005, 159.6638, 159.99979]
Stiffness (Kp_ori): [10.223739, 159.33424, 1.0006776]
--------------------------
[INFO] [1788376728.897361596] [rl_env_node]: 
--- ACTION DIAGNOSTICS ---
Raw delta pos: [-0.7103906  0.8831694 -0.9994438]
Safe target pos: [0.43859277 0.1778289  0.20574619]
Target orientation (quat): [ 0.7618953   0.61427737 -0.07115006 -0.19265652]
Stiffness (Kp_pos diag): [146.95709, 155.25899, 159.80447]
Stiffness (Kp_ori): [142.1012, 159.69438, 152.80501]
--------------------------
[INFO] [1788376728.936916995] [rl_env_node]: 
--- ACTION DIAGNOSTICS ---
Raw delta pos: [ 0.6316004   0.49709582 -0.9987008 ]
Safe target pos: [0.44250227 0.17859003 0.20507624]
Target orientation (quat): [ 0.76625386  0.60619311 -0.0697041  -0.2013114 ]
Stiffness (Kp_pos diag): [159.16328, 144.86313, 159.9623]
Stiffness (Kp_ori): [153.68614, 159.9815, 129.20119]
--------------------------
[INFO] [1788376728.991134857] [rl_env_node]: 
--- ACTION DIAGNOSTICS ---
Raw delta pos: [ 0.99581265  0.6948235  -0.9975577 ]
Safe target pos: [0.44420614 0.17716964 0.20580026]
Target orientation (quat): [ 0.72874294  0.6207513  -0.1482668  -0.24823076]
Stiffness (Kp_pos diag): [105.505165, 159.90506, 159.97498]
Stiffness (Kp_ori): [151.96788, 159.99979, 76.83643]
--------------------------
[INFO] [1788376729.036930958] [rl_env_node]: 
--- ACTION DIAGNOSTICS ---
Raw delta pos: [-0.9926447   0.99197364 -0.9786883 ]
Safe target pos: [0.43280953 0.1814527  0.20155615]
Target orientation (quat): [ 0.76142502  0.61298899 -0.06776242 -0.19971151]
Stiffness (Kp_pos diag): [159.9976, 1.0159405, 159.9499]
Stiffness (Kp_ori): [159.99608, 159.20729, 4.475513]
--------------------------
[INFO] [1788376729.085751288] [rl_env_node]: 
--- ACTION DIAGNOSTICS ---
Raw delta pos: [ 0.96945405 -0.47108823 -0.99939054]
Safe target pos: [0.44120031 0.16993991 0.19473355]
Target orientation (quat): [ 0.76717057  0.61749511 -0.12498902 -0.1205274 ]
Stiffness (Kp_pos diag): [135.0128, 157.70921, 159.85567]
Stiffness (Kp_ori): [9.714352, 159.90242, 30.45608]
--------------------------
[INFO] [1788376729.135758654] [rl_env_node]: 
--- ACTION DIAGNOSTICS ---
Raw delta pos: [ 0.99597096  0.92761827 -0.9974835 ]
Safe target pos: [0.44381477 0.17247282 0.19720067]
Target orientation (quat): [ 0.73832418  0.64374523 -0.06741327 -0.18953873]
Stiffness (Kp_pos diag): [109.39709, 84.22954, 159.98772]
Stiffness (Kp_ori): [155.68187, 159.99892, 149.7426]
--------------------------
[INFO] [1788376729.186175740] [rl_env_node]: 
--- ACTION DIAGNOSTICS ---
Raw delta pos: [-0.50246173  0.8424599  -0.99963295]
Safe target pos: [0.43258498 0.17879834 0.19292534]
Target orientation (quat): [ 0.75677609  0.61879627 -0.06158974 -0.20146422]
Stiffness (Kp_pos diag): [155.41653, 102.14487, 159.9013]
Stiffness (Kp_ori): [122.42916, 158.81659, 68.45967]
--------------------------
[INFO] [1788376729.235235727] [rl_env_node]: 
================================================================ OBS SNAPSHOT ================================================================
  [00:06]  joint_pos      = [+0.1969  +0.1220  +0.1050  -2.3600  +0.3080  +2.0947  +0.3851]
  [07:13]  cos(jnt_pos)   = [+0.9807  +0.9926  +0.9945  -0.7098  +0.9529  -0.5002  +0.9267]
  [14:20]  sin(jnt_pos)   = [+0.1956  +0.1217  +0.1048  -0.7044  +0.3032  +0.8659  +0.3757]
  [21:27]  joint_vel      = [+0.0983  +0.0244  +0.0615  +0.0795  -1.4479  -0.0995  -2.3072]
  [28:34]  joint_acc      = [+1.2000  -0.2170  +1.5769  +3.8276  -59.2287  -10.5570  -87.0298]
  [35:37]  eef_pos(TCP)   = [+0.4124  +0.1619  +0.1979]  (eraser tip)
  [38:41]  eef_quat       = [+0.7646  +0.6042  -0.1194  -0.1900]  (flange xyzw)
  [42:45]  eef_quat_site  = [+0.4588  +0.2785  -0.5300  -0.6566]  (grip-site xyzw)
  [46]     contact        = 1  (|Fz|>2N)
  [47:81]  markers (active=0):
    M0 (active )  pos=[+0.5579  -0.1035  +0.0491]  g2m=[+0.1455  -0.2654  -0.1488]
    M1 (pending)  pos=[+0.5438  -0.0443  +0.0592]  g2m=[+0.1315  -0.2063  -0.1387]
    M2 (pending)  pos=[+0.5305  +0.0164  +0.0687]  g2m=[+0.1181  -0.1455  -0.1292]
    M3 (pending)  pos=[+0.5107  +0.0791  +0.0830]  g2m=[+0.0983  -0.0828  -0.1149]
    M4 (pending)  pos=[+0.4841  +0.1412  +0.1022]  g2m=[+0.0717  -0.0208  -0.0957]
  [82:84]  g2active_wp    = [+0.1455  -0.2654  -0.1488]
  obs_dim  = 85
=============================================================================================================================================
[INFO] [1788376729.237029512] [rl_env_node]: 
--- ACTION DIAGNOSTICS ---
Raw delta pos: [ 0.9523957   0.99848175 -0.99965674]
Safe target pos: [0.43764848 0.18015217 0.19454514]
Target orientation (quat): [ 0.71611945  0.63655227 -0.13649639 -0.25168012]
Stiffness (Kp_pos diag): [1.0404342, 159.93147, 159.99977]
Stiffness (Kp_ori): [6.557157, 159.74931, 1.000398]
--------------------------
[INFO] [1788376729.285829500] [rl_env_node]: 
--- ACTION DIAGNOSTICS ---
Raw delta pos: [-0.6810347   0.9718528  -0.99891734]
Safe target pos: [0.4271998  0.18392742 0.19255182]
Target orientation (quat): [ 0.80120017  0.56034731 -0.0384617  -0.20642158]
Stiffness (Kp_pos diag): [158.75946, 16.556173, 159.9691]
Stiffness (Kp_ori): [150.47133, 158.12753, 107.062675]
--------------------------
[INFO] [1788376729.335731506] [rl_env_node]: 
--- ACTION DIAGNOSTICS ---
Raw delta pos: [ 0.5984094   0.3326435  -0.99711686]
Safe target pos: [0.43421226 0.18618092 0.19217832]
Target orientation (quat): [ 0.74496114  0.63403909 -0.05383351 -0.20032295]
Stiffness (Kp_pos diag): [157.36996, 156.77403, 159.70056]
Stiffness (Kp_ori): [135.18015, 159.53157, 139.12021]
--------------------------
[INFO] [1788376729.385826923] [rl_env_node]: 
--- ACTION DIAGNOSTICS ---
Raw delta pos: [ 0.9940455   0.7345526  -0.99766797]
Safe target pos: [0.43871653 0.18660768 0.19325584]
Target orientation (quat): [ 0.70751937  0.64763556 -0.12777668 -0.25230466]
Stiffness (Kp_pos diag): [131.75, 159.95747, 159.9774]
Stiffness (Kp_ori): [147.14418, 159.9999, 123.49388]
--------------------------
[INFO] [1788376729.438697844] [rl_env_node]: 
--- ACTION DIAGNOSTICS ---
Raw delta pos: [-0.9957293   0.9828962  -0.97541046]
Safe target pos: [0.42802709 0.19084786 0.19005067]
Target orientation (quat): [ 0.74396589  0.63472039 -0.04726894 -0.20349553]
Stiffness (Kp_pos diag): [159.99577, 1.0185277, 159.93495]
Stiffness (Kp_ori): [159.99634, 158.93309, 5.6324015]
--------------------------
[INFO] [1788376729.494185579] [rl_env_node]: 
--- ACTION DIAGNOSTICS ---
Raw delta pos: [ 0.9803169  -0.19805413 -0.9995483 ]
Safe target pos: [0.43678995 0.17966508 0.18315303]
Target orientation (quat): [ 0.73016684  0.63173418 -0.18269351 -0.18544914]
Stiffness (Kp_pos diag): [69.23842, 159.91162, 159.95667]
Stiffness (Kp_ori): [2.7665813, 159.94144, 11.093048]
--------------------------
[INFO] [1788376729.538930544] [rl_env_node]: 
--- ACTION DIAGNOSTICS ---
Raw delta pos: [ 0.99070454  0.96998966 -0.9931387 ]
Safe target pos: [0.44019708 0.18324337 0.18571357]
Target orientation (quat): [ 0.70704971  0.64751999 -0.12201895 -0.25672932]
Stiffness (Kp_pos diag): [132.25801, 27.895731, 159.69968]
Stiffness (Kp_ori): [155.53862, 159.89085, 146.84013]
--------------------------
[INFO] [1788376729.585418799] [rl_env_node]: 
--- ACTION DIAGNOSTICS ---
Raw delta pos: [ 0.6850507   0.72003555 -0.99986917]
Safe target pos: [0.44263539 0.18655576 0.18687487]
Target orientation (quat): [ 0.73122867  0.63626603 -0.08244327 -0.23167493]
Stiffness (Kp_pos diag): [150.90002, 124.033, 159.96063]
Stiffness (Kp_ori): [150.78331, 159.95511, 140.7303]
--------------------------
[INFO] [1788376729.636887691] [rl_env_node]: 
--- ACTION DIAGNOSTICS ---
Raw delta pos: [ 0.9501951  0.9996588 -0.99956  ]
Safe target pos: [0.44325757 0.18827506 0.18807022]
Target orientation (quat): [ 0.69718437  0.65589057 -0.12164587 -0.2625715 ]
Stiffness (Kp_pos diag): [1.0689888, 159.96336, 159.99979]
Stiffness (Kp_ori): [1.8176544, 159.67877, 1.0001564]
--------------------------
[INFO] [1788376729.692947215] [rl_env_node]: 
--- ACTION DIAGNOSTICS ---
Raw delta pos: [-0.35131675  0.9560684  -0.9994875 ]
Safe target pos: [0.43132336 0.19346412 0.18399363]
Target orientation (quat): [ 0.71769232  0.66421945 -0.0468639  -0.20379899]
Stiffness (Kp_pos diag): [155.63107, 96.3424, 159.96606]
Stiffness (Kp_ori): [148.26921, 159.05101, 151.57245]
--------------------------
[INFO] [1788376729.737816882] [rl_env_node]: 
--- ACTION DIAGNOSTICS ---
Raw delta pos: [ 0.33128655  0.5653429  -0.9995927 ]
Safe target pos: [0.43562205 0.19394417 0.18454787]
Target orientation (quat): [ 0.72530532  0.65483976 -0.04915114 -0.20664282]
Stiffness (Kp_pos diag): [157.94246, 137.26447, 159.91713]
Stiffness (Kp_ori): [144.13786, 159.9517, 148.29553]
--------------------------
[INFO] [1788376729.784519698] [rl_env_node]: 
================================================================ OBS SNAPSHOT ================================================================
  [00:06]  joint_pos      = [+0.2180  +0.1495  +0.1103  -2.3659  +0.3144  +2.1318  +0.2719]
  [07:13]  cos(jnt_pos)   = [+0.9763  +0.9889  +0.9939  -0.7139  +0.9510  -0.5321  +0.9633]
  [14:20]  sin(jnt_pos)   = [+0.2163  +0.1489  +0.1101  -0.7002  +0.3092  +0.8467  +0.2686]
  [21:27]  joint_vel      = [+0.0149  +0.0549  +0.0886  +0.1052  -1.3705  -0.2598  -2.6853]
  [28:34]  joint_acc      = [+0.1122  -0.7363  +2.0618  +3.6886  -26.4088  -4.1014  -50.1061]
  [35:37]  eef_pos(TCP)   = [+0.4094  +0.1725  +0.1858]  (eraser tip)
  [38:41]  eef_quat       = [+0.7340  +0.6409  -0.1093  -0.1962]  (flange xyzw)
  [42:45]  eef_quat_site  = [+0.4360  +0.3143  -0.5490  -0.6401]  (grip-site xyzw)
  [46]     contact        = 1  (|Fz|>2N)
  [47:81]  markers (active=0):
    M0 (active )  pos=[+0.5579  -0.1035  +0.0491]  g2m=[+0.1485  -0.2760  -0.1366]
    M1 (pending)  pos=[+0.5438  -0.0443  +0.0592]  g2m=[+0.1344  -0.2168  -0.1266]
    M2 (pending)  pos=[+0.5305  +0.0164  +0.0687]  g2m=[+0.1211  -0.1561  -0.1170]
    M3 (pending)  pos=[+0.5107  +0.0791  +0.0830]  g2m=[+0.1012  -0.0934  -0.1028]
    M4 (pending)  pos=[+0.4841  +0.1412  +0.1022]  g2m=[+0.0747  -0.0313  -0.0835]
  [82:84]  g2active_wp    = [+0.1485  -0.2760  -0.1366]
  obs_dim  = 85
=============================================================================================================================================
[INFO] [1788376729.789151011] [rl_env_node]: 
--- ACTION DIAGNOSTICS ---
Raw delta pos: [ 0.99102736  0.76420677 -0.99658465]
Safe target pos: [0.43834497 0.19299303 0.18620465]
Target orientation (quat): [ 0.68401686  0.67082079 -0.12333933 -0.25866545]
Stiffness (Kp_pos diag): [28.803247, 159.98961, 159.99173]
Stiffness (Kp_ori): [68.14098, 159.99858, 26.727877]
--------------------------
[INFO] [1788376729.835733949] [rl_env_node]: 
--- ACTION DIAGNOSTICS ---
Raw delta pos: [-0.9911197   0.99381113 -0.96943825]
Safe target pos: [0.42739212 0.19702075 0.182906  ]
Target orientation (quat): [ 0.72416768  0.65584332 -0.04575035 -0.20822494]
Stiffness (Kp_pos diag): [159.9956, 1.0082262, 159.88586]
Stiffness (Kp_ori): [159.99905, 158.7426, 6.550964]
--------------------------
[INFO] [1788376729.889651699] [rl_env_node]: 
--- ACTION DIAGNOSTICS ---
Raw delta pos: [ 0.9786391   0.93882227 -0.999664  ]
Safe target pos: [0.43312291 0.19731844 0.18325098]
Target orientation (quat): [ 0.68120514  0.67132654 -0.11887487 -0.26673771]
Stiffness (Kp_pos diag): [3.6890197, 159.98096, 159.9988]
Stiffness (Kp_ori): [2.1813207, 159.95335, 1.2713352]
--------------------------
[INFO] [1788376729.936921916] [rl_env_node]: 
--- ACTION DIAGNOSTICS ---
Raw delta pos: [-0.4807533   0.9870986  -0.99874467]
Safe target pos: [0.42296092 0.199644   0.18161539]
Target orientation (quat): [ 0.7481234   0.62812718 -0.02922185 -0.21192854]
Stiffness (Kp_pos diag): [159.74696, 3.5217006, 159.96364]
Stiffness (Kp_ori): [159.77399, 158.92578, 32.3813]
--------------------------
[INFO] [1788376729.989134082] [rl_env_node]: 
--- ACTION DIAGNOSTICS ---
Raw delta pos: [ 0.96378446  0.16080546 -0.9992699 ]
Safe target pos: [0.43017985 0.20151779 0.18044814]
Target orientation (quat): [ 0.72007892  0.65082799 -0.15596587 -0.18325916]
Stiffness (Kp_pos diag): [155.72786, 85.003044, 159.90895]
Stiffness (Kp_ori): [103.40201, 159.97195, 153.51074]
--------------------------
[INFO] [1788376730.045151242] [rl_env_node]: 
--- ACTION DIAGNOSTICS ---
Raw delta pos: [ 0.9779136   0.61416936 -0.9990939 ]
Safe target pos: [0.43438918 0.20118104 0.18124638]
Target orientation (quat): [ 0.67778231  0.69742429 -0.06045286 -0.22484649]
Stiffness (Kp_pos diag): [1.0583223, 157.7047, 159.99568]
Stiffness (Kp_ori): [33.268864, 159.33127, 1.0024072]
--------------------------
[INFO] [1788376730.095138876] [rl_env_node]: 
--- ACTION DIAGNOSTICS ---
Raw delta pos: [-0.4900229   0.91804516 -0.9994729 ]
Safe target pos: [0.42362801 0.20464846 0.17814615]
Target orientation (quat): [ 0.69682603  0.68434066 -0.0376321  -0.21141235]
Stiffness (Kp_pos diag): [158.4942, 48.988377, 159.8848]
Stiffness (Kp_ori): [154.58623, 159.32066, 117.09409]
--------------------------
[INFO] [1788376730.137095175] [rl_env_node]: 
--- ACTION DIAGNOSTICS ---
Raw delta pos: [ 0.91074324  0.08269846 -0.99821633]
Safe target pos: [0.42996376 0.20569674 0.17719874]
Target orientation (quat): [ 0.68375231  0.66620021 -0.1104628  -0.27651045]
Stiffness (Kp_pos diag): [153.37569, 159.79672, 159.97466]
Stiffness (Kp_ori): [73.930435, 159.98056, 119.13435]
--------------------------
[INFO] [1788376730.185878245] [rl_env_node]: 
--- ACTION DIAGNOSTICS ---
Raw delta pos: [ 0.99040914  0.61492157 -0.9835355 ]
Safe target pos: [0.43374858 0.20518592 0.17752356]
Target orientation (quat): [ 0.6693348   0.71272881 -0.03815129 -0.20628391]
Stiffness (Kp_pos diag): [84.42073, 159.718, 159.90677]
Stiffness (Kp_ori): [154.71071, 159.9974, 124.108215]
--------------------------
[INFO] [1788376730.236431461] [rl_env_node]: 
--- ACTION DIAGNOSTICS ---
Raw delta pos: [-0.9489428   0.9926629  -0.96844995]
Safe target pos: [0.42290945 0.2089625  0.17393557]
Target orientation (quat): [ 0.68991008  0.69091305 -0.03386273 -0.2133461 ]
Stiffness (Kp_pos diag): [159.99164, 1.0408323, 159.87447]
Stiffness (Kp_ori): [159.99945, 159.51834, 12.352346]
--------------------------
[INFO] [1788376730.290048257] [rl_env_node]: 
--- ACTION DIAGNOSTICS ---
Raw delta pos: [ 0.9031819  -0.35959268 -0.9988281 ]
Safe target pos: [0.43198654 0.19792521 0.16616618]
Target orientation (quat): [ 0.70017914  0.69299802 -0.09721049 -0.14160874]
Stiffness (Kp_pos diag): [153.45319, 155.00168, 159.64235]
Stiffness (Kp_ori): [14.426707, 159.95364, 25.671745]
--------------------------
[INFO] [1788376730.335226812] [rl_env_node]: 
================================================================ OBS SNAPSHOT ================================================================
  [00:06]  joint_pos      = [+0.2377  +0.1798  +0.1175  -2.3703  +0.3957  +2.1812  +0.2089]
  [07:13]  cos(jnt_pos)   = [+0.9719  +0.9839  +0.9931  -0.7170  +0.9227  -0.5732  +0.9783]
  [14:20]  sin(jnt_pos)   = [+0.2355  +0.1788  +0.1173  -0.6971  +0.3854  +0.8194  +0.2074]
  [21:27]  joint_vel      = [+0.0224  +0.0038  -0.0095  +0.1213  -0.1696  +0.1727  +0.0749]
  [28:34]  joint_acc      = [+0.1116  -1.9319  +0.1056  +5.1421  -23.1556  -2.1495  -13.4896]
  [35:37]  eef_pos(TCP)   = [+0.4071  +0.1880  +0.1736]  (eraser tip)
  [38:41]  eef_quat       = [+0.7077  +0.6687  -0.0885  -0.2103]  (flange xyzw)
  [42:45]  eef_quat_site  = [+0.4101  +0.3510  -0.5548  -0.6332]  (grip-site xyzw)
  [46]     contact        = 1  (|Fz|>2N)
  [47:81]  markers (active=0):
    M0 (active )  pos=[+0.5579  -0.1035  +0.0491]  g2m=[+0.1508  -0.2915  -0.1244]
    M1 (pending)  pos=[+0.5438  -0.0443  +0.0592]  g2m=[+0.1367  -0.2323  -0.1144]
    M2 (pending)  pos=[+0.5305  +0.0164  +0.0687]  g2m=[+0.1234  -0.1716  -0.1049]
    M3 (pending)  pos=[+0.5107  +0.0791  +0.0830]  g2m=[+0.1035  -0.1088  -0.0906]
    M4 (pending)  pos=[+0.4841  +0.1412  +0.1022]  g2m=[+0.0769  -0.0468  -0.0714]
  [82:84]  g2active_wp    = [+0.1508  -0.2915  -0.1244]
  obs_dim  = 85
=============================================================================================================================================
[INFO] [1788376730.336846219] [rl_env_node]: 
--- ACTION DIAGNOSTICS ---
Raw delta pos: [ 0.9807894   0.48386085 -0.99601865]
Safe target pos: [0.4355647  0.2007471  0.16872819]
Target orientation (quat): [ 0.68312172  0.69831494 -0.13103585 -0.16890995]
Stiffness (Kp_pos diag): [103.67049, 145.56061, 159.80226]
Stiffness (Kp_ori): [148.42026, 159.99669, 60.239754]
--------------------------
[INFO] [1788376730.393218219] [rl_env_node]: 
--- ACTION DIAGNOSTICS ---
Raw delta pos: [-0.46715653  0.8615627  -0.99954545]
Safe target pos: [0.4245437  0.20618247 0.16573007]
Target orientation (quat): [ 0.68975419  0.69134274 -0.02686217 -0.21345446]
Stiffness (Kp_pos diag): [158.70068, 53.590363, 159.91823]
Stiffness (Kp_ori): [158.08852, 159.6455, 74.21245]
--------------------------
[INFO] [1788376730.441053500] [rl_env_node]: 
--- ACTION DIAGNOSTICS ---
Raw delta pos: [ 0.9638028   0.99777234 -0.9988036 ]
Safe target pos: [0.43015466 0.20734734 0.16729106]
Target orientation (quat): [ 0.66472724  0.71844023 -0.03021465 -0.20265341]
Stiffness (Kp_pos diag): [1.0464332, 159.89316, 159.99966]
Stiffness (Kp_ori): [3.592874, 158.5371, 1.0000616]
--------------------------
[INFO] [1788376730.489841849] [rl_env_node]: 
--- ACTION DIAGNOSTICS ---
Raw delta pos: [-0.32460558  0.77508116 -0.9980565 ]
Safe target pos: [0.42020714 0.21018539 0.16657765]
Target orientation (quat): [ 0.66826236  0.71601806 -0.02656149 -0.20009508]
Stiffness (Kp_pos diag): [153.62503, 154.37178, 158.37369]
Stiffness (Kp_ori): [155.77054, 159.66736, 157.83447]
--------------------------
[INFO] [1788376730.542284289] [rl_env_node]: 
--- ACTION DIAGNOSTICS ---
Raw delta pos: [-0.07968432  0.63702977 -0.9985586 ]
Safe target pos: [0.41249009 0.21301763 0.16595629]
Target orientation (quat): [ 0.69963158  0.69518852 -0.07504024 -0.14696099]
Stiffness (Kp_pos diag): [150.58232, 142.91685, 158.88062]
Stiffness (Kp_ori): [137.22964, 159.57286, 146.16827]
--------------------------
[INFO] [1788376730.590067575] [rl_env_node]: 
--- ACTION DIAGNOSTICS ---
Raw delta pos: [ 0.9944439  -0.16305768 -0.9964614 ]
Safe target pos: [0.42231523 0.20247079 0.15766031]
Target orientation (quat): [ 0.65818505  0.705833   -0.12731741 -0.22887221]
Stiffness (Kp_pos diag): [128.19162, 159.16084, 159.9621]
Stiffness (Kp_ori): [139.92558, 159.9993, 58.613308]
--------------------------
[INFO] [1788376730.636947845] [rl_env_node]: 
--- ACTION DIAGNOSTICS ---
Raw delta pos: [-0.64537215  0.9613683  -0.9975935 ]
Safe target pos: [0.41368149 0.20785836 0.15816535]
Target orientation (quat): [ 0.68694474  0.69792633 -0.00924564 -0.20228763]
Stiffness (Kp_pos diag): [159.86192, 2.1689765, 159.95894]
Stiffness (Kp_ori): [159.84045, 158.88173, 20.585165]
--------------------------
[INFO] [1788376730.685532009] [rl_env_node]: 
--- ACTION DIAGNOSTICS ---
Raw delta pos: [ 0.9851241  0.6779033 -0.9993762]
Safe target pos: [0.42230966 0.21261725 0.15736084]
Target orientation (quat): [ 0.68543291  0.68411042 -0.1525535  -0.1972361 ]
Stiffness (Kp_pos diag): [144.2821, 114.763535, 159.57855]
Stiffness (Kp_ori): [145.91173, 159.988, 153.70906]
--------------------------
[INFO] [1788376730.741255712] [rl_env_node]: 
--- ACTION DIAGNOSTICS ---
Raw delta pos: [ 0.98001003  0.34099436 -0.9988814 ]
Safe target pos: [0.42782871 0.21417054 0.15967762]
Target orientation (quat): [ 0.64013592  0.7441205  -0.01903573 -0.19012711]
Stiffness (Kp_pos diag): [1.0346863, 146.96127, 159.97995]
Stiffness (Kp_ori): [38.304165, 156.93732, 1.0011847]
--------------------------
[INFO] [1788376730.789078638] [rl_env_node]: 
--- ACTION DIAGNOSTICS ---
Raw delta pos: [-0.6588702   0.96264744 -0.98608613]
Safe target pos: [0.41761102 0.21812171 0.15757162]
Target orientation (quat): [ 0.70638058  0.6784495  -0.00726642 -0.20169269]
Stiffness (Kp_pos diag): [159.88853, 2.2272942, 159.74901]
Stiffness (Kp_ori): [159.95284, 159.41249, 18.683496]
--------------------------
[INFO] [1788376730.845043178] [rl_env_node]: 
--- ACTION DIAGNOSTICS ---
Raw delta pos: [ 0.94938564  0.99946547 -0.99877805]
Safe target pos: [0.42432421 0.21916556 0.15795696]
Target orientation (quat): [ 0.63709854  0.72454038 -0.07865982 -0.25091693]
Stiffness (Kp_pos diag): [1.1614715, 159.9814, 159.99971]
Stiffness (Kp_ori): [1.254864, 159.49014, 1.000019]
--------------------------
[INFO] [1788376730.884472423] [rl_env_node]: 
================================================================ OBS SNAPSHOT ================================================================
  [00:06]  joint_pos      = [+0.2575  +0.2034  +0.1345  -2.3836  +0.3697  +2.2619  +0.1531]
  [07:13]  cos(jnt_pos)   = [+0.9670  +0.9794  +0.9910  -0.7262  +0.9324  -0.6374  +0.9883]
  [14:20]  sin(jnt_pos)   = [+0.2546  +0.2020  +0.1341  -0.6874  +0.3614  +0.7706  +0.1525]
  [21:27]  joint_vel      = [-0.0095  -0.0035  +0.0519  +0.1174  -0.9886  -0.1642  -1.1395]
  [28:34]  joint_acc      = [-0.5769  -0.9832  -1.0049  +1.4286  +13.0973  +0.6049  +29.3119]
  [35:37]  eef_pos(TCP)   = [+0.4056  +0.1992  +0.1605]  (eraser tip)
  [38:41]  eef_quat       = [+0.6933  +0.6902  -0.0748  -0.1932]  (flange xyzw)
  [42:45]  eef_quat_site  = [+0.4138  +0.3769  -0.5586  -0.6121]  (grip-site xyzw)
  [46]     contact        = 1  (|Fz|>2N)
  [47:81]  markers (active=0):
    M0 (active )  pos=[+0.5579  -0.1035  +0.0491]  g2m=[+0.1523  -0.3027  -0.1114]
    M1 (pending)  pos=[+0.5438  -0.0443  +0.0592]  g2m=[+0.1382  -0.2436  -0.1013]
    M2 (pending)  pos=[+0.5305  +0.0164  +0.0687]  g2m=[+0.1249  -0.1828  -0.0918]
    M3 (pending)  pos=[+0.5107  +0.0791  +0.0830]  g2m=[+0.1050  -0.1201  -0.0775]
    M4 (pending)  pos=[+0.4841  +0.1412  +0.1022]  g2m=[+0.0785  -0.0581  -0.0583]
  [82:84]  g2active_wp    = [+0.1523  -0.3027  -0.1114]
  obs_dim  = 85
=============================================================================================================================================
[INFO] [1788376730.889333370] [rl_env_node]: 
--- ACTION DIAGNOSTICS ---
Raw delta pos: [-0.41468823  0.6596627  -0.99780136]
Safe target pos: [0.41492012 0.22055595 0.15783434]
Target orientation (quat): [ 0.69885056  0.68837356 -0.00176842 -0.19428488]
Stiffness (Kp_pos diag): [154.37846, 145.14093, 159.43106]
Stiffness (Kp_ori): [157.47404, 159.38245, 157.33833]
