Target orientation (quat): [ 0.39167994  0.87164304 -0.14217823 -0.25809027]
Stiffness (Kp_pos diag): [56.831, 14.53505, 153.34045]
Stiffness (Kp_ori): [5.9144225, 155.30594, 45.694572]
--------------------------
[INFO] [1788373730.425998850] [rl_env_node]: 
--- ACTION DIAGNOSTICS ---
Raw delta pos: [ 0.92290306 -0.5462365  -0.9740246 ]
Safe target pos: [0.62090493 0.02761607 0.19803052]
Target orientation (quat): [ 0.38740082  0.86921696 -0.14745178 -0.26951892]
Stiffness (Kp_pos diag): [59.202175, 14.028914, 153.23518]
Stiffness (Kp_ori): [5.3935065, 155.55476, 45.382946]
--------------------------
[INFO] [1788373730.473866794] [rl_env_node]: 
================================================================ OBS SNAPSHOT ================================================================
  [00:06]  joint_pos      = [+0.1035  +0.6684  -0.0438  -1.5324  -0.0091  +1.5838  -0.5399]
  [07:13]  cos(jnt_pos)   = [+0.9947  +0.7848  +0.9990  +0.0384  +1.0000  -0.0130  +0.8578]
  [14:20]  sin(jnt_pos)   = [+0.1033  +0.6197  -0.0438  -0.9993  -0.0091  +0.9999  -0.5140]
  [21:27]  joint_vel      = [-0.0013  -0.0004  +0.0005  +0.0002  +0.0006  -0.0003  -0.0973]
  [28:34]  joint_acc      = [-0.0116  -0.0081  +0.0208  +0.0385  +0.0091  -0.0124  -0.1208]
  [35:37]  eef_pos(TCP)   = [+0.5937  +0.0355  +0.1836]  (eraser tip)
  [38:41]  eef_quat       = [+0.4426  +0.8437  -0.1731  -0.2497]  (flange xyzw)
  [42:45]  eef_quat_site  = [+0.2095  +0.4385  -0.7390  -0.4666]  (grip-site xyzw)
  [46]     contact        = 0  (|Fz|>2N)
  [47:81]  markers (active=2):
    M0 (WIPED  )  pos=[+0.5532  -0.0942  +0.0526]  g2m=[-0.0405  -0.1297  -0.1310]
    M1 (WIPED  )  pos=[+0.5375  -0.0297  +0.0638]  g2m=[-0.0561  -0.0652  -0.1198]
    M2 (active )  pos=[+0.5186  +0.0409  +0.0774]  g2m=[-0.0751  +0.0054  -0.1062]
    M3 (pending)  pos=[+0.4978  +0.1031  +0.0923]  g2m=[-0.0959  +0.0676  -0.0912]
    M4 (WIPED  )  pos=[+0.4825  +0.1477  +0.1034]  g2m=[-0.1112  +0.1122  -0.0802]
  [82:84]  g2active_wp    = [-0.0751  +0.0054  -0.1062]
  obs_dim  = 85
=============================================================================================================================================
[INFO] [1788373730.475451516] [rl_env_node]: 
--- ACTION DIAGNOSTICS ---
Raw delta pos: [ 0.9225359 -0.5357301 -0.9749217]
Safe target pos: [0.62090183 0.02762092 0.19802796]
Target orientation (quat): [ 0.38734203  0.87306032 -0.14168872 -0.26010794]
Stiffness (Kp_pos diag): [57.868176, 14.421794, 153.4068]
Stiffness (Kp_ori): [5.9089966, 155.31912, 45.55839]
--------------------------
[INFO] [1788373730.525086198] [rl_env_node]: 
--- ACTION DIAGNOSTICS ---
Raw delta pos: [ 0.9220536 -0.5361954 -0.9748151]
Safe target pos: [0.62090463 0.02761703 0.19802777]
Target orientation (quat): [ 0.38403213  0.87233819 -0.14399273 -0.26610431]
Stiffness (Kp_pos diag): [58.824524, 14.270335, 153.39738]
Stiffness (Kp_ori): [5.690667, 155.36581, 44.49727]
--------------------------
[INFO] [1788373730.575057129] [rl_env_node]: 
--- ACTION DIAGNOSTICS ---
Raw delta pos: [ 0.92249644 -0.5328231  -0.974973  ]
Safe target pos: [0.62090493 0.02762141 0.19802909]
Target orientation (quat): [ 0.38195297  0.87320795 -0.14342071 -0.26655264]
Stiffness (Kp_pos diag): [59.037285, 14.175449, 153.49039]
Stiffness (Kp_ori): [5.790485, 155.31102, 44.227615]
--------------------------
[INFO] [1788373730.628825919] [rl_env_node]: 
--- ACTION DIAGNOSTICS ---
Raw delta pos: [ 0.9213419  -0.5273726  -0.97552335]
Safe target pos: [0.62090505 0.02762011 0.19802847]
Target orientation (quat): [ 0.38146389  0.87638188 -0.13881831 -0.25917094]
Stiffness (Kp_pos diag): [58.88569, 14.376986, 153.59271]
Stiffness (Kp_ori): [6.015292, 155.18921, 44.281883]
--------------------------
[INFO] [1788373730.680995874] [rl_env_node]: 
--- ACTION DIAGNOSTICS ---
Raw delta pos: [ 0.9220097 -0.5272398 -0.9754355]
Safe target pos: [0.62092216 0.02761909 0.19802927]
Target orientation (quat): [ 0.37788691  0.87507693 -0.14202223 -0.26696728]
Stiffness (Kp_pos diag): [58.606968, 14.227161, 153.59792]
Stiffness (Kp_ori): [5.910494, 155.20491, 43.333706]
--------------------------
[INFO] [1788373730.733562004] [rl_env_node]: 
--- ACTION DIAGNOSTICS ---
Raw delta pos: [ 0.9208467  -0.52482533 -0.9750975 ]
Safe target pos: [0.6209277  0.02762041 0.19802565]
Target orientation (quat): [ 0.37507962  0.87502598 -0.14300794 -0.27054306]
Stiffness (Kp_pos diag): [60.656624, 14.066922, 153.54608]
Stiffness (Kp_ori): [5.814775, 155.30011, 44.06977]
--------------------------
[INFO] [1788373730.775534311] [rl_env_node]: 
--- ACTION DIAGNOSTICS ---
Raw delta pos: [ 0.92122054 -0.5227684  -0.9758314 ]
Safe target pos: [0.62093068 0.02762128 0.19803024]
Target orientation (quat): [ 0.37408545  0.87718571 -0.14015732 -0.26638549]
Stiffness (Kp_pos diag): [60.311893, 14.222319, 153.692]
Stiffness (Kp_ori): [5.948393, 155.11943, 42.652256]
--------------------------
[INFO] [1788373730.834273069] [rl_env_node]: 
--- ACTION DIAGNOSTICS ---
Raw delta pos: [ 0.9205148  -0.5127859  -0.97607297]
Safe target pos: [0.62092889 0.02761955 0.19802864]
Target orientation (quat): [ 0.37311204  0.87995956 -0.13635446 -0.26051113]
Stiffness (Kp_pos diag): [60.153236, 14.309111, 153.79448]
Stiffness (Kp_ori): [6.2309966, 155.065, 43.461212]
--------------------------
[INFO] [1788373730.876674923] [rl_env_node]: 
--- ACTION DIAGNOSTICS ---
Raw delta pos: [ 0.92085874 -0.5187239  -0.97559595]
Safe target pos: [0.6209311  0.02761933 0.1980252 ]
Target orientation (quat): [ 0.36845616  0.87664711 -0.14266599 -0.27454746]
Stiffness (Kp_pos diag): [61.939896, 13.893657, 153.71251]
Stiffness (Kp_ori): [5.6925955, 155.2045, 41.59936]
--------------------------
[INFO] [1788373730.925249649] [rl_env_node]: 
--- ACTION DIAGNOSTICS ---
Raw delta pos: [ 0.92013526 -0.51348126 -0.9761766 ]
Safe target pos: [0.62093104 0.02762035 0.19802888]
Target orientation (quat): [ 0.36899115  0.88143117 -0.13552654 -0.26183426]
Stiffness (Kp_pos diag): [61.487946, 14.247599, 153.84555]
Stiffness (Kp_ori): [6.0805426, 155.05061, 42.48193]
--------------------------
[INFO] [1788373730.974136714] [rl_env_node]: 
================================================================ OBS SNAPSHOT ================================================================
  [00:06]  joint_pos      = [+0.1035  +0.6684  -0.0438  -1.5324  -0.0090  +1.5840  -0.5871]
  [07:13]  cos(jnt_pos)   = [+0.9947  +0.7848  +0.9990  +0.0384  +1.0000  -0.0132  +0.8325]
  [14:20]  sin(jnt_pos)   = [+0.1033  +0.6197  -0.0438  -0.9993  -0.0090  +0.9999  -0.5540]
  [21:27]  joint_vel      = [-0.0002  -0.0001  +0.0005  -0.0004  +0.0001  -0.0013  -0.0931]
  [28:34]  joint_acc      = [+0.0142  +0.0016  -0.0115  +0.0053  -0.0239  +0.0029  +0.0410]
  [35:37]  eef_pos(TCP)   = [+0.5937  +0.0355  +0.1836]  (eraser tip)
  [38:41]  eef_quat       = [+0.4226  +0.8539  -0.1671  -0.2537]  (flange xyzw)
  [42:45]  eef_quat_site  = [+0.1935  +0.4517  -0.7422  -0.4557]  (grip-site xyzw)
  [46]     contact        = 0  (|Fz|>2N)
  [47:81]  markers (active=2):
    M0 (WIPED  )  pos=[+0.5532  -0.0942  +0.0526]  g2m=[-0.0405  -0.1297  -0.1310]
    M1 (WIPED  )  pos=[+0.5375  -0.0297  +0.0638]  g2m=[-0.0562  -0.0652  -0.1198]
    M2 (active )  pos=[+0.5186  +0.0409  +0.0774]  g2m=[-0.0751  +0.0054  -0.1062]
    M3 (pending)  pos=[+0.4978  +0.1031  +0.0923]  g2m=[-0.0959  +0.0676  -0.0912]
    M4 (WIPED  )  pos=[+0.4825  +0.1477  +0.1034]  g2m=[-0.1112  +0.1122  -0.0802]
  [82:84]  g2active_wp    = [-0.0751  +0.0054  -0.1062]
  obs_dim  = 85
=============================================================================================================================================
[INFO] [1788373730.976476149] [rl_env_node]: 
--- ACTION DIAGNOSTICS ---
Raw delta pos: [ 0.92065215 -0.5101237  -0.976222  ]
Safe target pos: [0.6209339  0.02762245 0.19803058]
Target orientation (quat): [ 0.36592389  0.88087782 -0.13730308 -0.26702405]
Stiffness (Kp_pos diag): [61.88453, 14.105129, 153.87886]
Stiffness (Kp_ori): [6.00328, 155.03714, 41.30848]
--------------------------
[INFO] [1788373731.025282381] [rl_env_node]: 
--- ACTION DIAGNOSTICS ---
Raw delta pos: [ 0.9199023 -0.5072799 -0.9763122]
Safe target pos: [0.62093771 0.02762375 0.19803201]
Target orientation (quat): [ 0.36403085  0.88192578 -0.13634498 -0.26664303]
Stiffness (Kp_pos diag): [61.57842, 14.188372, 153.90987]
Stiffness (Kp_ori): [6.086608, 154.97833, 40.971085]
--------------------------
[INFO] [1788373731.075371891] [rl_env_node]: 
--- ACTION DIAGNOSTICS ---
Raw delta pos: [ 0.9201827  -0.51357645 -0.9761263 ]
Safe target pos: [0.62094022 0.02762279 0.19802936]
Target orientation (quat): [ 0.36095518  0.88088446 -0.13872154 -0.27296568]
Stiffness (Kp_pos diag): [63.29799, 13.920424, 153.89032]
Stiffness (Kp_ori): [5.825503, 155.10507, 41.00899]
--------------------------
[INFO] [1788373731.125086571] [rl_env_node]: 
--- ACTION DIAGNOSTICS ---
Raw delta pos: [ 0.9204024  -0.49638748 -0.9768524 ]
Safe target pos: [0.62093974 0.02762122 0.19802739]
Target orientation (quat): [ 0.36165103  0.88580449 -0.13136924 -0.25942448]
Stiffness (Kp_pos diag): [61.302444, 14.249461, 154.12257]
Stiffness (Kp_ori): [6.509686, 154.74687, 40.664616]
--------------------------
[INFO] [1788373731.176921521] [rl_env_node]: 
--- ACTION DIAGNOSTICS ---
Raw delta pos: [ 0.9203687  -0.49960732 -0.97634757]
Safe target pos: [0.62096603 0.02762454 0.19802933]
Target orientation (quat): [ 0.35650388  0.8819139  -0.13843307 -0.275625  ]
Stiffness (Kp_pos diag): [62.37013, 13.885762, 154.01834]
Stiffness (Kp_ori): [6.1330647, 154.91974, 40.12948]
--------------------------
[INFO] [1788373731.225217333] [rl_env_node]: 
--- ACTION DIAGNOSTICS ---
Raw delta pos: [ 0.91839266 -0.5064417  -0.97700197]
Safe target pos: [0.62096972 0.02762391 0.19802394]
Target orientation (quat): [ 0.35591892  0.88478265 -0.13452319 -0.26904443]
Stiffness (Kp_pos diag): [64.84384, 14.054914, 154.05861]
Stiffness (Kp_ori): [5.98497, 154.92146, 39.887817]
--------------------------
[INFO] [1788373731.275121182] [rl_env_node]: 
--- ACTION DIAGNOSTICS ---
Raw delta pos: [ 0.9199543  -0.50547296 -0.9766054 ]
Safe target pos: [0.62097097 0.02762565 0.198028  ]
Target orientation (quat): [ 0.35293657  0.88355096 -0.13703189 -0.27567326]
Stiffness (Kp_pos diag): [64.6414, 13.8019085, 154.08456]
Stiffness (Kp_ori): [5.857792, 154.94344, 38.877224]
--------------------------
[INFO] [1788373731.328823087] [rl_env_node]: 
--- ACTION DIAGNOSTICS ---
Raw delta pos: [ 0.92008376 -0.48570526 -0.9772517 ]
Safe target pos: [0.62096448 0.02762217 0.19802654]
Target orientation (quat): [ 0.35449121  0.88978322 -0.12766016 -0.25753579]
Stiffness (Kp_pos diag): [62.71508, 14.205568, 154.30875]
Stiffness (Kp_ori): [6.733996, 154.61322, 40.035755]
--------------------------
[INFO] [1788373731.381212076] [rl_env_node]: 
--- ACTION DIAGNOSTICS ---
Raw delta pos: [ 0.91880476 -0.4896239  -0.9771223 ]
Safe target pos: [0.62097205 0.02762282 0.1980256 ]
Target orientation (quat): [ 0.35003672  0.88660109 -0.13347368 -0.27128875]
Stiffness (Kp_pos diag): [64.25824, 13.963351, 154.19781]
Stiffness (Kp_ori): [6.252737, 154.77391, 38.99832]
--------------------------
[INFO] [1788373731.432894520] [rl_env_node]: 
--- ACTION DIAGNOSTICS ---
Raw delta pos: [ 0.919935   -0.4855399  -0.97682315]
Safe target pos: [0.62098653 0.02762411 0.19802742]
Target orientation (quat): [ 0.34817547  0.88717045 -0.1331284  -0.27199129]
Stiffness (Kp_pos diag): [64.536224, 13.806571, 154.2676]
Stiffness (Kp_ori): [6.2872105, 154.75446, 39.052395]
--------------------------
[INFO] [1788373731.477199129] [rl_env_node]: 
--- ACTION DIAGNOSTICS ---
Raw delta pos: [ 0.91828465 -0.48484123 -0.9780256 ]
Safe target pos: [0.62098617 0.02762353 0.1980255 ]
Target orientation (quat): [ 0.34753988  0.89012741 -0.12909975 -0.26499526]
Stiffness (Kp_pos diag): [65.08265, 14.179709, 154.36185]
Stiffness (Kp_ori): [6.439389, 154.57532, 37.788773]
--------------------------
[INFO] [1788373731.523712964] [rl_env_node]: 
================================================================ OBS SNAPSHOT ================================================================
  [00:06]  joint_pos      = [+0.1035  +0.6684  -0.0438  -1.5324  -0.0090  +1.5844  -0.6335]
  [07:13]  cos(jnt_pos)   = [+0.9947  +0.7848  +0.9990  +0.0384  +1.0000  -0.0136  +0.8060]
  [14:20]  sin(jnt_pos)   = [+0.1033  +0.6197  -0.0438  -0.9993  -0.0090  +0.9999  -0.5920]
  [21:27]  joint_vel      = [-0.0004  +0.0002  +0.0011  -0.0003  -0.0002  +0.0014  -0.0766]
  [28:34]  joint_acc      = [-0.0325  -0.0039  +0.0641  -0.0170  -0.0004  +0.0520  +0.2378]
  [35:37]  eef_pos(TCP)   = [+0.5938  +0.0355  +0.1836]  (eraser tip)
  [38:41]  eef_quat       = [+0.4022  +0.8638  -0.1610  -0.2574]  (flange xyzw)
  [42:45]  eef_quat_site  = [+0.1774  +0.4647  -0.7449  -0.4446]  (grip-site xyzw)
  [46]     contact        = 0  (|Fz|>2N)
  [47:81]  markers (active=2):
    M0 (WIPED  )  pos=[+0.5532  -0.0942  +0.0526]  g2m=[-0.0406  -0.1297  -0.1310]
    M1 (WIPED  )  pos=[+0.5375  -0.0297  +0.0638]  g2m=[-0.0562  -0.0652  -0.1198]
    M2 (active )  pos=[+0.5186  +0.0409  +0.0774]  g2m=[-0.0752  +0.0054  -0.1062]
    M3 (pending)  pos=[+0.4978  +0.1031  +0.0923]  g2m=[-0.0960  +0.0676  -0.0912]
    M4 (WIPED  )  pos=[+0.4825  +0.1477  +0.1034]  g2m=[-0.1113  +0.1122  -0.0802]
  [82:84]  g2active_wp    = [-0.0752  +0.0054  -0.1062]
  obs_dim  = 85
=============================================================================================================================================
[INFO] [1788373731.525168578] [rl_env_node]: 
--- ACTION DIAGNOSTICS ---
Raw delta pos: [ 0.9190879  -0.48724616 -0.97688574]
Safe target pos: [0.62099738 0.02762569 0.19802666]
Target orientation (quat): [ 0.34362196  0.88722708 -0.13409912 -0.27707305]
Stiffness (Kp_pos diag): [65.809265, 13.567733, 154.28572]
Stiffness (Kp_ori): [6.1001835, 154.8026, 38.324474]
--------------------------
[INFO] [1788373731.585118634] [rl_env_node]: 
--- ACTION DIAGNOSTICS ---
Raw delta pos: [ 0.9182612 -0.4719705 -0.9779095]
Safe target pos: [0.62099589 0.02762539 0.19802359]
Target orientation (quat): [ 0.34467558  0.89283726 -0.12595775 -0.26110347]
Stiffness (Kp_pos diag): [65.3185, 14.155349, 154.45937]
Stiffness (Kp_ori): [6.7190504, 154.50453, 38.42821]
--------------------------
[INFO] [1788373731.625213099] [rl_env_node]: 
--- ACTION DIAGNOSTICS ---
Raw delta pos: [ 0.9186537  -0.47974432 -0.9778037 ]
Safe target pos: [0.62101764 0.02762616 0.19802455]
Target orientation (quat): [ 0.34065595  0.89030165 -0.13051126 -0.27254964]
Stiffness (Kp_pos diag): [64.93887, 13.851857, 154.4425]
Stiffness (Kp_ori): [6.3339276, 154.52643, 36.34557]
--------------------------
[INFO] [1788373731.675850625] [rl_env_node]: 
--- ACTION DIAGNOSTICS ---
Raw delta pos: [ 0.91836905 -0.47795248 -0.97748923]
Safe target pos: [0.62102885 0.02762675 0.19802335]
Target orientation (quat): [ 0.33881042  0.89085479 -0.13015291 -0.27321321]
Stiffness (Kp_pos diag): [66.9306, 13.650094, 154.44354]
Stiffness (Kp_ori): [6.316324, 154.67062, 37.857628]
--------------------------
[INFO] [1788373731.731823495] [rl_env_node]: 
--- ACTION DIAGNOSTICS ---
Raw delta pos: [ 0.91835546 -0.46860862 -0.9782157 ]
Safe target pos: [0.62102921 0.02763169 0.19802128]
Target orientation (quat): [ 0.33847625  0.89393739 -0.12593186 -0.26542596]
Stiffness (Kp_pos diag): [65.591866, 14.030032, 154.56483]
Stiffness (Kp_ori): [6.70465, 154.39131, 36.779324]
--------------------------
[INFO] [1788373731.775651074] [rl_env_node]: 
--- ACTION DIAGNOSTICS ---
Raw delta pos: [ 0.9188783  -0.47300053 -0.97766423]
Safe target pos: [0.62104792 0.0276312  0.19802338]
Target orientation (quat): [ 0.33458878  0.89087471 -0.130989   -0.27791092]
Stiffness (Kp_pos diag): [66.79697, 13.507202, 154.51865]
Stiffness (Kp_ori): [6.3541994, 154.5542, 36.557163]
--------------------------
[INFO] [1788373731.825364682] [rl_env_node]: 
--- ACTION DIAGNOSTICS ---
Raw delta pos: [ 0.91762805 -0.46761906 -0.9785111 ]
Safe target pos: [0.6210518  0.02763076 0.19802338]
Target orientation (quat): [ 0.3349608   0.89506557 -0.1251528  -0.26645013]
Stiffness (Kp_pos diag): [66.5976, 13.921979, 154.63072]
Stiffness (Kp_ori): [6.754097, 154.32181, 36.486176]
--------------------------
[INFO] [1788373731.875087470] [rl_env_node]: 
--- ACTION DIAGNOSTICS ---
Raw delta pos: [ 0.91709876 -0.45687854 -0.97867185]
Safe target pos: [0.62106378 0.02763139 0.19802447]
Target orientation (quat): [ 0.33335609  0.89621251 -0.1239064  -0.26518682]
Stiffness (Kp_pos diag): [66.2915, 13.981069, 154.68768]
Stiffness (Kp_ori): [6.9385643, 154.3267, 36.854855]
--------------------------
[INFO] [1788373731.926827359] [rl_env_node]: 
--- ACTION DIAGNOSTICS ---
Raw delta pos: [ 0.91964436 -0.45105737 -0.9772198 ]
Safe target pos: [0.62112374 0.02763232 0.19801814]
Target orientation (quat): [ 0.32782555  0.89065125 -0.13245857 -0.28587671]
Stiffness (Kp_pos diag): [66.49896, 13.212146, 154.61311]
Stiffness (Kp_ori): [6.599989, 154.47935, 36.136127]
--------------------------
[INFO] [1788373731.976107450] [rl_env_node]: 
--- ACTION DIAGNOSTICS ---
Raw delta pos: [ 0.9150181  -0.46947157 -0.9794116 ]
Safe target pos: [0.62112595 0.02763627 0.1980116 ]
Target orientation (quat): [ 0.32908117  0.89648818 -0.12442055 -0.26932147]
Stiffness (Kp_pos diag): [68.99048, 13.913023, 154.68283]
Stiffness (Kp_ori): [6.6632013, 154.19298, 35.08402]
--------------------------
[INFO] [1788373732.024741715] [rl_env_node]: 
================================================================ OBS SNAPSHOT ================================================================
  [00:06]  joint_pos      = [+0.1035  +0.6684  -0.0438  -1.5324  -0.0090  +1.5852  -0.6739]
  [07:13]  cos(jnt_pos)   = [+0.9947  +0.7848  +0.9990  +0.0384  +1.0000  -0.0144  +0.7814]
  [14:20]  sin(jnt_pos)   = [+0.1033  +0.6197  -0.0438  -0.9993  -0.0090  +0.9999  -0.6241]
  [21:27]  joint_vel      = [+0.0000  -0.0005  +0.0000  +0.0019  +0.0001  -0.0006  -0.0741]
  [28:34]  joint_acc      = [-0.0351  -0.0163  -0.0187  +0.0316  +0.0069  -0.0071  +0.2440]
  [35:37]  eef_pos(TCP)   = [+0.5939  +0.0355  +0.1835]  (eraser tip)
  [38:41]  eef_quat       = [+0.3846  +0.8719  -0.1555  -0.2603]  (flange xyzw)
  [42:45]  eef_quat_site  = [+0.1637  +0.4758  -0.7469  -0.4347]  (grip-site xyzw)
  [46]     contact        = 0  (|Fz|>2N)
  [47:81]  markers (active=2):
    M0 (WIPED  )  pos=[+0.5532  -0.0942  +0.0526]  g2m=[-0.0407  -0.1297  -0.1310]
    M1 (WIPED  )  pos=[+0.5375  -0.0297  +0.0638]  g2m=[-0.0564  -0.0652  -0.1198]
    M2 (active )  pos=[+0.5186  +0.0409  +0.0774]  g2m=[-0.0753  +0.0054  -0.1062]
    M3 (pending)  pos=[+0.4978  +0.1031  +0.0923]  g2m=[-0.0961  +0.0676  -0.0912]
    M4 (WIPED  )  pos=[+0.4825  +0.1477  +0.1034]  g2m=[-0.1114  +0.1122  -0.0801]
  [82:84]  g2active_wp    = [-0.0753  +0.0054  -0.1062]
  obs_dim  = 85
=============================================================================================================================================
[INFO] [1788373732.028820007] [rl_env_node]: 
--- ACTION DIAGNOSTICS ---
Raw delta pos: [ 0.91672826 -0.46351182 -0.9783016 ]
Safe target pos: [0.62112666 0.02763588 0.19801502]
Target orientation (quat): [ 0.32582235  0.89454345 -0.12766126 -0.27809066]
Stiffness (Kp_pos diag): [68.80157, 13.490527, 154.6703]
Stiffness (Kp_ori): [6.416545, 154.50017, 35.683502]
--------------------------
[INFO] [1788373732.078390049] [rl_env_node]: 
--- ACTION DIAGNOSTICS ---
Raw delta pos: [ 0.9172988  -0.45060664 -0.97871834]
Safe target pos: [0.62112094 0.0276334  0.19801233]
Target orientation (quat): [ 0.32551653  0.89760932 -0.12359495 -0.27029758]
Stiffness (Kp_pos diag): [67.79497, 13.638214, 154.8137]
Stiffness (Kp_ori): [6.85717, 154.2455, 35.167206]
--------------------------
[INFO] [1788373732.125236100] [rl_env_node]: 
--- ACTION DIAGNOSTICS ---
Raw delta pos: [ 0.91600823 -0.44614547 -0.9789565 ]
Safe target pos: [0.6211182  0.02763596 0.19801224]
Target orientation (quat): [ 0.32434661  0.89942578 -0.1213406  -0.26666273]
Stiffness (Kp_pos diag): [67.892395, 13.739563, 154.82845]
Stiffness (Kp_ori): [7.0338144, 154.2034, 35.677532]
--------------------------
[INFO] [1788373732.175462139] [rl_env_node]: 
--- ACTION DIAGNOSTICS ---
Raw delta pos: [ 0.9167695 -0.4576893 -0.978666 ]
Safe target pos: [0.62113089 0.02763224 0.19801635]
Target orientation (quat): [ 0.32022157  0.89585993 -0.12684193 -0.28072096]
Stiffness (Kp_pos diag): [69.27278, 13.325185, 154.78403]
Stiffness (Kp_ori): [6.3753996, 154.34624, 33.756363]
--------------------------
[INFO] [1788373732.230452830] [rl_env_node]: 
--- ACTION DIAGNOSTICS ---
Raw delta pos: [ 0.9168376  -0.44374573 -0.9789469 ]
Safe target pos: [0.6211238  0.02763459 0.19800957]
Target orientation (quat): [ 0.32105761  0.90071874 -0.12020598 -0.26679258]
Stiffness (Kp_pos diag): [68.31787, 13.596548, 154.90675]
Stiffness (Kp_ori): [7.0908856, 154.1804, 35.521694]
--------------------------
[INFO] [1788373732.275058562] [rl_env_node]: 
--- ACTION DIAGNOSTICS ---
Raw delta pos: [ 0.9166825  -0.44804764 -0.9791006 ]
Safe target pos: [0.62113077 0.02763802 0.19801447]
Target orientation (quat): [ 0.31801225  0.89863501 -0.12354021 -0.27579184]
Stiffness (Kp_pos diag): [69.33745, 13.380431, 154.8933]
Stiffness (Kp_ori): [6.7376823, 154.16832, 33.716045]
--------------------------
[INFO] [1788373732.325657697] [rl_env_node]: 
--- ACTION DIAGNOSTICS ---
Raw delta pos: [ 0.91626406 -0.43588132 -0.97913796]
Safe target pos: [0.62112958 0.02763536 0.19801337]
Target orientation (quat): [ 0.31765613  0.90157569 -0.11966842 -0.26820761]
Stiffness (Kp_pos diag): [69.22952, 13.5182295, 154.9624]
Stiffness (Kp_ori): [7.1436925, 154.13654, 35.007824]
--------------------------
[INFO] [1788373732.375114267] [rl_env_node]: 
--- ACTION DIAGNOSTICS ---
Raw delta pos: [ 0.9161993  -0.43086123 -0.9794947 ]
Safe target pos: [0.62115026 0.02763665 0.19801614]
Target orientation (quat): [ 0.31566714  0.90184422 -0.11964741 -0.26965857]
Stiffness (Kp_pos diag): [68.18289, 13.526052, 155.02019]
Stiffness (Kp_ori): [7.286764, 153.95491, 33.87068]
--------------------------
[INFO] [1788373732.425617535] [rl_env_node]: 
--- ACTION DIAGNOSTICS ---
Raw delta pos: [ 0.91757345 -0.4320799  -0.9785794 ]
Safe target pos: [0.62119449 0.02763887 0.1980141 ]
Target orientation (quat): [ 0.31146095  0.89791623 -0.1253881  -0.28463372]
Stiffness (Kp_pos diag): [69.42533, 12.983567, 154.95801]
Stiffness (Kp_ori): [6.921444, 154.175, 33.91412]
--------------------------
[INFO] [1788373732.486168972] [rl_env_node]: 
--- ACTION DIAGNOSTICS ---
Raw delta pos: [ 0.9145311  -0.44196254 -0.9801453 ]
Safe target pos: [0.62119789 0.02763985 0.19801027]
Target orientation (quat): [ 0.3124112   0.90326398 -0.11827625 -0.2693031 ]
Stiffness (Kp_pos diag): [71.53144, 13.526616, 155.0491]
Stiffness (Kp_ori): [7.0078425, 153.93227, 33.047604]
--------------------------
[INFO] [1788373732.529112888] [rl_env_node]: 
--- ACTION DIAGNOSTICS ---
Raw delta pos: [ 0.9147637  -0.43889397 -0.9792908 ]
Safe target pos: [0.6211998  0.02764154 0.1980133 ]
Target orientation (quat): [ 0.30932705  0.90095979 -0.12175742 -0.27886083]
Stiffness (Kp_pos diag): [71.18079, 13.226187, 154.96542]
Stiffness (Kp_ori): [6.8021884, 154.17903, 33.63689]
--------------------------
[INFO] [1788373732.574068322] [rl_env_node]: 
================================================================ OBS SNAPSHOT ================================================================
  [00:06]  joint_pos      = [+0.1035  +0.6684  -0.0438  -1.5324  -0.0091  +1.5857  -0.7166]
  [07:13]  cos(jnt_pos)   = [+0.9947  +0.7848  +0.9990  +0.0384  +1.0000  -0.0149  +0.7541]
  [14:20]  sin(jnt_pos)   = [+0.1033  +0.6197  -0.0438  -0.9993  -0.0091  +0.9999  -0.6568]
  [21:27]  joint_vel      = [+0.0017  +0.0001  -0.0002  -0.0001  -0.0005  +0.0009  -0.0815]
  [28:34]  joint_acc      = [+0.0382  -0.0046  -0.0134  -0.0040  -0.0289  +0.0278  -0.2916]
  [35:37]  eef_pos(TCP)   = [+0.5940  +0.0355  +0.1835]  (eraser tip)
  [38:41]  eef_quat       = [+0.3666  +0.8796  -0.1500  -0.2632]  (flange xyzw)
  [42:45]  eef_quat_site  = [+0.1496  +0.4867  -0.7486  -0.4246]  (grip-site xyzw)
  [46]     contact        = 0  (|Fz|>2N)
  [47:81]  markers (active=2):
    M0 (WIPED  )  pos=[+0.5532  -0.0942  +0.0526]  g2m=[-0.0408  -0.1297  -0.1310]
    M1 (WIPED  )  pos=[+0.5375  -0.0297  +0.0638]  g2m=[-0.0565  -0.0652  -0.1198]
    M2 (active )  pos=[+0.5186  +0.0409  +0.0774]  g2m=[-0.0754  +0.0054  -0.1062]
    M3 (pending)  pos=[+0.4978  +0.1031  +0.0923]  g2m=[-0.0962  +0.0676  -0.0912]
    M4 (WIPED  )  pos=[+0.4825  +0.1477  +0.1034]  g2m=[-0.1115  +0.1122  -0.0801]
  [82:84]  g2active_wp    = [-0.0754  +0.0054  -0.1062]
  obs_dim  = 85
=============================================================================================================================================
[INFO] [1788373732.576064040] [rl_env_node]: 
--- ACTION DIAGNOSTICS ---
Raw delta pos: [ 0.91612685 -0.42284393 -0.9799503 ]
Safe target pos: [0.62119962 0.02763659 0.19801137]
Target orientation (quat): [ 0.30976648  0.90527403 -0.11602009 -0.26657643]
Stiffness (Kp_pos diag): [68.70704, 13.467464, 155.17415]
Stiffness (Kp_ori): [7.576281, 153.76146, 32.953445]
--------------------------
[INFO] [1788373732.628841163] [rl_env_node]: 
--- ACTION DIAGNOSTICS ---
Raw delta pos: [ 0.91449666 -0.42866665 -0.9794506 ]
Safe target pos: [0.62120915 0.02764192 0.19801251]
Target orientation (quat): [ 0.30653043  0.90311961 -0.11933829 -0.27599354]
Stiffness (Kp_pos diag): [71.398544, 13.115593, 155.06895]
Stiffness (Kp_ori): [7.032483, 154.07646, 33.6415]
--------------------------
[INFO] [1788373732.676383353] [rl_env_node]: 
--- ACTION DIAGNOSTICS ---
Raw delta pos: [ 0.9153497  -0.42219007 -0.9799476 ]
Safe target pos: [0.62122    0.02764043 0.19801479]
Target orientation (quat): [ 0.30545417  0.90487797 -0.11719425 -0.27232171]
Stiffness (Kp_pos diag): [70.804695, 13.303268, 155.1705]
Stiffness (Kp_ori): [7.248017, 153.87633, 32.48731]


-------
[INFO] [1788376363.300456941] [rl_env_node]: 
================================================================ OBS SNAPSHOT ================================================================
  [00:06]  joint_pos      = [+0.1830  +0.0298  +0.3711  -2.1773  +0.0056  +1.9129  +1.0292]
  [07:13]  cos(jnt_pos)   = [+0.9833  +0.9996  +0.9319  -0.5700  +1.0000  -0.3355  +0.5155]
  [14:20]  sin(jnt_pos)   = [+0.1820  +0.0298  +0.3626  -0.8216  +0.0056  +0.9420  +0.8569]
  [21:27]  joint_vel      = [-0.0002  -0.0009  +0.0000  +0.0005  -0.0002  +0.0006  -0.0002]
  [28:34]  joint_acc      = [+0.0226  -0.0289  -0.0217  +0.0135  -0.0227  +0.0081  +0.0116]
  [35:37]  eef_pos(TCP)   = [+0.4124  +0.2564  +0.3002]  (eraser tip)
  [38:41]  eef_quat       = [+0.8448  +0.5148  -0.1456  -0.0069]  (flange xyzw)
  [42:45]  eef_quat_site  = [+0.6361  +0.1888  -0.4705  -0.5817]  (grip-site xyzw)
  [46]     contact        = 0  (|Fz|>2N)
  [47:81]  markers (active=0):
    M0 (active )  pos=[+0.5579  -0.1035  +0.0491]  g2m=[+0.1455  -0.3598  -0.2511]
    M1 (pending)  pos=[+0.5438  -0.0443  +0.0592]  g2m=[+0.1314  -0.3007  -0.2410]
    M2 (pending)  pos=[+0.5305  +0.0164  +0.0687]  g2m=[+0.1181  -0.2400  -0.2315]
    M3 (pending)  pos=[+0.5107  +0.0791  +0.0830]  g2m=[+0.0982  -0.1772  -0.2172]
    M4 (pending)  pos=[+0.4841  +0.1412  +0.1022]  g2m=[+0.0717  -0.1152  -0.1980]
  [82:84]  g2active_wp    = [+0.1455  -0.3598  -0.2511]
  obs_dim  = 85
=============================================================================================================================================
[INFO] [1788376363.301919869] [rl_env_node]: 
--- ACTION DIAGNOSTICS ---
Raw delta pos: [ 0.9666207   0.86225533 -0.9996599 ]
Safe target pos: [0.44311024 0.28361075 0.30582913]
Target orientation (quat): [ 0.84484105  0.51476851 -0.14563341 -0.00692016]
Stiffness (Kp_pos diag): [150.0, 150.0, 150.0]
Stiffness (Kp_ori): [50.0, 50.0, 50.0]
--------------------------
[INFO] [1788376363.352365022] [rl_env_node]: 
--- ACTION DIAGNOSTICS ---
Raw delta pos: [ 0.9665065   0.8619976  -0.99966186]
Safe target pos: [0.44311064 0.28361128 0.3058284 ]
Target orientation (quat): [ 0.84484168  0.51476786 -0.14563194 -0.00692211]
Stiffness (Kp_pos diag): [150.0, 150.0, 150.0]
Stiffness (Kp_ori): [50.0, 50.0, 50.0]
--------------------------
[INFO] [1788376363.403337427] [rl_env_node]: 
--- ACTION DIAGNOSTICS ---
Raw delta pos: [ 0.96651554  0.86530447 -0.9996614 ]
Safe target pos: [0.44311099 0.2836121  0.30582724]
Target orientation (quat): [ 0.84484087  0.51476942 -0.14563125 -0.00692148]
Stiffness (Kp_pos diag): [150.0, 150.0, 150.0]
Stiffness (Kp_ori): [50.0, 50.0, 50.0]
--------------------------
[INFO] [1788376363.460343749] [rl_env_node]: 
--- ACTION DIAGNOSTICS ---
Raw delta pos: [ 0.9665115   0.86286557 -0.9996605 ]
Safe target pos: [0.44311117 0.28361256 0.30582698]
Target orientation (quat): [ 0.84484249  0.5147673  -0.14562921 -0.0069232 ]
Stiffness (Kp_pos diag): [150.0, 150.0, 150.0]
Stiffness (Kp_ori): [50.0, 50.0, 50.0]
--------------------------
[INFO] [1788376363.505060367] [rl_env_node]: 
--- ACTION DIAGNOSTICS ---
Raw delta pos: [ 0.96679795  0.86313975 -0.9996596 ]
Safe target pos: [0.44311141 0.28361215 0.30582607]
Target orientation (quat): [ 0.84484198  0.5147677  -0.1456307  -0.00692411]
Stiffness (Kp_pos diag): [150.0, 150.0, 150.0]
Stiffness (Kp_ori): [50.0, 50.0, 50.0]
--------------------------
[INFO] [1788376363.555343740] [rl_env_node]: 
--- ACTION DIAGNOSTICS ---
Raw delta pos: [ 0.966521   0.8636291 -0.9996604]
Safe target pos: [0.44311178 0.28361266 0.30582528]
Target orientation (quat): [ 0.84484154  0.51476887 -0.1456292  -0.00692298]
Stiffness (Kp_pos diag): [150.0, 150.0, 150.0]
Stiffness (Kp_ori): [50.0, 50.0, 50.0]
--------------------------
[INFO] [1788376363.602425980] [rl_env_node]: 
--- ACTION DIAGNOSTICS ---
Raw delta pos: [ 0.9663887   0.8634622  -0.99966335]
Safe target pos: [0.4431123  0.28361225 0.30582491]
Target orientation (quat): [ 0.84484217  0.51476836 -0.14562736 -0.00692198]
Stiffness (Kp_pos diag): [150.0, 150.0, 150.0]
Stiffness (Kp_ori): [50.0, 50.0, 50.0]
--------------------------
[INFO] [1788376363.652893163] [rl_env_node]: 
--- ACTION DIAGNOSTICS ---
Raw delta pos: [ 0.9664731   0.86336017 -0.99965954]
Safe target pos: [0.44311359 0.28361183 0.30582486]
Target orientation (quat): [ 0.84484398  0.51476629 -0.14562414 -0.006923  ]
Stiffness (Kp_pos diag): [150.0, 150.0, 150.0]
Stiffness (Kp_ori): [50.0, 50.0, 50.0]
--------------------------
[INFO] [1788376363.704976877] [rl_env_node]: 
--- ACTION DIAGNOSTICS ---
Raw delta pos: [ 0.9665991   0.86313534 -0.99965984]
Safe target pos: [0.44311452 0.28361336 0.30582386]
Target orientation (quat): [ 0.84484104  0.51477162 -0.14562235 -0.00692216]
Stiffness (Kp_pos diag): [150.0, 150.0, 150.0]
Stiffness (Kp_ori): [50.0, 50.0, 50.0]
--------------------------
[INFO] [1788376363.756866493] [rl_env_node]: 
--- ACTION DIAGNOSTICS ---
Raw delta pos: [ 0.9668076   0.86436796 -0.9996579 ]
Safe target pos: [0.44311434 0.28361324 0.30582409]
Target orientation (quat): [ 0.84484246  0.51476912 -0.14562293 -0.00692316]
Stiffness (Kp_pos diag): [150.0, 150.0, 150.0]
Stiffness (Kp_ori): [50.0, 50.0, 50.0]
--------------------------
[INFO] [1788376363.801220554] [rl_env_node]: 
================================================================ OBS SNAPSHOT ================================================================
  [00:06]  joint_pos      = [+0.1830  +0.0298  +0.3711  -2.1773  +0.0056  +1.9130  +1.0292]
  [07:13]  cos(jnt_pos)   = [+0.9833  +0.9996  +0.9319  -0.5700  +1.0000  -0.3355  +0.5155]
  [14:20]  sin(jnt_pos)   = [+0.1820  +0.0298  +0.3626  -0.8216  +0.0056  +0.9420  +0.8569]
  [21:27]  joint_vel      = [-0.0007  -0.0025  -0.0002  -0.0006  -0.0002  +0.0002  +0.0006]
  [28:34]  joint_acc      = [+0.0142  -0.0733  +0.0241  -0.0487  -0.0008  -0.0255  +0.0172]
  [35:37]  eef_pos(TCP)   = [+0.4124  +0.2564  +0.3002]  (eraser tip)
  [38:41]  eef_quat       = [+0.8448  +0.5148  -0.1456  -0.0069]  (flange xyzw)
  [42:45]  eef_quat_site  = [+0.6361  +0.1888  -0.4705  -0.5817]  (grip-site xyzw)
  [46]     contact        = 0  (|Fz|>2N)
  [47:81]  markers (active=0):
    M0 (active )  pos=[+0.5579  -0.1035  +0.0491]  g2m=[+0.1455  -0.3598  -0.2510]
    M1 (pending)  pos=[+0.5438  -0.0443  +0.0592]  g2m=[+0.1314  -0.3007  -0.2410]
    M2 (pending)  pos=[+0.5305  +0.0164  +0.0687]  g2m=[+0.1181  -0.2400  -0.2315]
    M3 (pending)  pos=[+0.5107  +0.0791  +0.0830]  g2m=[+0.0982  -0.1772  -0.2172]
    M4 (pending)  pos=[+0.4841  +0.1412  +0.1022]  g2m=[+0.0717  -0.1152  -0.1980]
  [82:84]  g2active_wp    = [+0.1455  -0.3598  -0.2510]
  obs_dim  = 85
