[INFO] [1785510528.010947616] [rl_env_node]: cos(joint_pos): [ 0.94616395  0.90133387  1.         -0.12626784  0.40320918  0.06882213
  0.02044591]
[INFO] [1785510528.011349663] [rl_env_node]: sin(joint_pos): [-3.2368770e-01  4.3312496e-01  1.8528370e-04 -9.9199617e-01
  9.1510785e-01  9.9762893e-01  9.9979097e-01]
[INFO] [1785510528.011714279] [rl_env_node]: joint_pos: [-3.2962444e-01  4.4795695e-01  1.8528370e-04 -1.6974021e+00
  1.1557753e+00  1.5019197e+00  1.5503490e+00]
[INFO] [1785510528.012220629] [rl_env_node]: joint_vel: [ 0.03370776 -0.00995273  0.02383058 -0.07337711  0.11860962  0.22238973
 -0.09915572]
[INFO] [1785510528.012696452] [rl_env_node]: eef_pos: [ 0.6246864 -0.0047346  0.3297294]
[INFO] [1785510528.013162850] [rl_env_node]: eef_quat: [ 0.6074992  -0.5301306  -0.37286744 -0.45921245]
[INFO] [1785510528.013594512] [rl_env_node]: eef_vel_lin: [0. 0. 0.]
[INFO] [1785510528.013976464] [rl_env_node]: eef_vel_ang: [0. 0. 0.]
[INFO] [1785510528.014293209] [rl_env_node]: robot0_contact: [1.]
[INFO] [1785510528.015357269] [rl_env_node]: robot0_contact_force: [ 4.65799   -1.1614757  1.8860748]
[INFO] [1785510528.015857540] [rl_env_node]: robot0_contact_torque: [ 0.9830792   0.94737667 -0.4783353 ]
[INFO] [1785510528.016976790] [rl_env_node]: wipe_centroid: [ 0.6089144  -0.05527192  0.15195258]
[INFO] [1785510528.017280418] [rl_env_node]: proportion_wiped: [0.]
[INFO] [1785510528.017633426] [rl_env_node]: gripper_to_wipe_centroid: [-0.01577204 -0.05053732 -0.17777683]
[INFO] [1785510528.060852747] [rl_env_node]: cos(joint_pos): [ 0.94616395  0.90133387  1.         -0.12626784  0.40320918  0.06882213
  0.02044591]
[INFO] [1785510528.062658737] [rl_env_node]: sin(joint_pos): [-3.2368770e-01  4.3312496e-01  1.8528370e-04 -9.9199617e-01
  9.1510785e-01  9.9762893e-01  9.9979097e-01]
[INFO] [1785510528.063173425] [rl_env_node]: joint_pos: [-3.2962444e-01  4.4795695e-01  1.8528370e-04 -1.6974021e+00
  1.1557753e+00  1.5019197e+00  1.5503490e+00]
[INFO] [1785510528.063675253] [rl_env_node]: joint_vel: [ 0.03370776 -0.00995273  0.02383058 -0.07337711  0.11860962  0.22238973
 -0.09915572]
[INFO] [1785510528.064171808] [rl_env_node]: eef_pos: [ 0.6246864 -0.0047346  0.3297294]
[INFO] [1785510528.064664473] [rl_env_node]: eef_quat: [ 0.6074992  -0.5301306  -0.37286744 -0.45921245]
[INFO] [1785510528.065114334] [rl_env_node]: eef_vel_lin: [0. 0. 0.]
[INFO] [1785510528.065563186] [rl_env_node]: eef_vel_ang: [0. 0. 0.]
[INFO] [1785510528.066032019] [rl_env_node]: robot0_contact: [1.]
[INFO] [1785510528.066513006] [rl_env_node]: robot0_contact_force: [ 4.65799   -1.1614757  1.8860748]
[INFO] [1785510528.066964214] [rl_env_node]: robot0_contact_torque: [ 0.9830792   0.94737667 -0.4783353 ]
[INFO] [1785510528.067284523] [rl_env_node]: wipe_centroid: [ 0.6089144  -0.05527192  0.15195258]
[INFO] [1785510528.067565677] [rl_env_node]: proportion_wiped: [0.]
[INFO] [1785510528.068033180] [rl_env_node]: gripper_to_wipe_centroid: [-0.01577204 -0.05053732 -0.17777683]
[INFO] [1785510528.111067486] [rl_env_node]: cos(joint_pos): [ 0.94616395  0.90133387  1.         -0.12626784  0.40320918  0.06882213
  0.02044591]
[INFO] [1785510528.111641776] [rl_env_node]: sin(joint_pos): [-3.2368770e-01  4.3312496e-01  1.8528370e-04 -9.9199617e-01
  9.1510785e-01  9.9762893e-01  9.9979097e-01]
[INFO] [1785510528.112034238] [rl_env_node]: joint_pos: [-3.2962444e-01  4.4795695e-01  1.8528370e-04 -1.6974021e+00
  1.1557753e+00  1.5019197e+00  1.5503490e+00]
[INFO] [1785510528.112384915] [rl_env_node]: joint_vel: [ 0.03370776 -0.00995273  0.02383058 -0.07337711  0.11860962  0.22238973
 -0.09915572]
[INFO] [1785510528.112717344] [rl_env_node]: eef_pos: [ 0.6246864 -0.0047346  0.3297294]
[INFO] [1785510528.113050354] [rl_env_node]: eef_quat: [ 0.6074992  -0.5301306  -0.37286744 -0.45921245]
[INFO] [1785510528.113352418] [rl_env_node]: eef_vel_lin: [0. 0. 0.]
[INFO] [1785510528.113653079] [rl_env_node]: eef_vel_ang: [0. 0. 0.]
[INFO] [1785510528.113972291] [rl_env_node]: robot0_contact: [1.]
[INFO] [1785510528.114426183] [rl_env_node]: robot0_contact_force: [ 4.65799   -1.1614757  1.8860748]
[INFO] [1785510528.114892627] [rl_env_node]: robot0_contact_torque: [ 0.9830792   0.94737667 -0.4783353 ]
[INFO] [1785510528.115354265] [rl_env_node]: wipe_centroid: [ 0.6089144  -0.05527192  0.15195258]
[INFO] [1785510528.115784093] [rl_env_node]: proportion_wiped: [0.]
[INFO] [1785510528.116245740] [rl_env_node]: gripper_to_wipe_centroid: [-0.01577204 -0.05053732 -0.17777683]
[INFO] [1785510528.160617412] [rl_env_node]: cos(joint_pos): [ 0.94616395  0.90133387  1.         -0.12626784  0.40320918  0.06882213
  0.02044591]
[INFO] [1785510528.161016739] [rl_env_node]: sin(joint_pos): [-3.2368770e-01  4.3312496e-01  1.8528370e-04 -9.9199617e-01
  9.1510785e-01  9.9762893e-01  9.9979097e-01]
[INFO] [1785510528.161380587] [rl_env_node]: joint_pos: [-3.2962444e-01  4.4795695e-01  1.8528370e-04 -1.6974021e+00
  1.1557753e+00  1.5019197e+00  1.5503490e+00]
[INFO] [1785510528.161772418] [rl_env_node]: joint_vel: [ 0.03370776 -0.00995273  0.02383058 -0.07337711  0.11860962  0.22238973
 -0.09915572]
[INFO] [1785510528.162191471] [rl_env_node]: eef_pos: [ 0.6246864 -0.0047346  0.3297294]
[INFO] [1785510528.162538009] [rl_env_node]: eef_quat: [ 0.6074992  -0.5301306  -0.37286744 -0.45921245]
[INFO] [1785510528.162853467] [rl_env_node]: eef_vel_lin: [0. 0. 0.]
[INFO] [1785510528.163162272] [rl_env_node]: eef_vel_ang: [0. 0. 0.]
[INFO] [1785510528.163494056] [rl_env_node]: robot0_contact: [1.]
[INFO] [1785510528.163959869] [rl_env_node]: robot0_contact_force: [ 4.65799   -1.1614757  1.8860748]
[INFO] [1785510528.164328628] [rl_env_node]: robot0_contact_torque: [ 0.9830792   0.94737667 -0.4783353 ]
[INFO] [1785510528.164672982] [rl_env_node]: wipe_centroid: [ 0.6089144  -0.05527192  0.15195258]
[INFO] [1785510528.164974640] [rl_env_node]: proportion_wiped: [0.]
[INFO] [1785510528.165338899] [rl_env_node]: gripper_to_wipe_centroid: [-0.01577204 -0.05053732 -0.17777683]
[INFO] [1785510528.210595269] [rl_env_node]: cos(joint_pos): [ 0.94616395  0.90133387  1.         -0.12626784  0.40320918  0.06882213
  0.02044591]
[INFO] [1785510528.210970244] [rl_env_node]: sin(joint_pos): [-3.2368770e-01  4.3312496e-01  1.8528370e-04 -9.9199617e-01
  9.1510785e-01  9.9762893e-01  9.9979097e-01]
[INFO] [1785510528.211312779] [rl_env_node]: joint_pos: [-3.2962444e-01  4.4795695e-01  1.8528370e-04 -1.6974021e+00
  1.1557753e+00  1.5019197e+00  1.5503490e+00]
[INFO] [1785510528.211649471] [rl_env_node]: joint_vel: [ 0.03370776 -0.00995273  0.02383058 -0.07337711  0.11860962  0.22238973
 -0.09915572]
[INFO] [1785510528.212027271] [rl_env_node]: eef_pos: [ 0.6246864 -0.0047346  0.3297294]
[INFO] [1785510528.212397679] [rl_env_node]: eef_quat: [ 0.6074992  -0.5301306  -0.37286744 -0.45921245]
[INFO] [1785510528.212730528] [rl_env_node]: eef_vel_lin: [0. 0. 0.]
[INFO] [1785510528.213141286] [rl_env_node]: eef_vel_ang: [0. 0. 0.]
[INFO] [1785510528.213480132] [rl_env_node]: robot0_contact: [1.]
[INFO] [1785510528.213816509] [rl_env_node]: robot0_contact_force: [ 4.65799   -1.1614757  1.8860748]
[INFO] [1785510528.214156197] [rl_env_node]: robot0_contact_torque: [ 0.9830792   0.94737667 -0.4783353 ]
[INFO] [1785510528.214500268] [rl_env_node]: wipe_centroid: [ 0.6089144  -0.05527192  0.15195258]
[INFO] [1785510528.214839775] [rl_env_node]: proportion_wiped: [0.]
[INFO] [1785510528.215202364] [rl_env_node]: gripper_to_wipe_centroid: [-0.01577204 -0.05053732 -0.17777683]
[INFO] [1785510528.260604718] [rl_env_node]: cos(joint_pos): [ 0.94616395  0.90133387  1.         -0.12626784  0.40320918  0.06882213
  0.02044591]
[INFO] [1785510528.261090073] [rl_env_node]: sin(joint_pos): [-3.2368770e-01  4.3312496e-01  1.8528370e-04 -9.9199617e-01
  9.1510785e-01  9.9762893e-01  9.9979097e-01]
[INFO] [1785510528.261503809] [rl_env_node]: joint_pos: [-3.2962444e-01  4.4795695e-01  1.8528370e-04 -1.6974021e+00
  1.1557753e+00  1.5019197e+00  1.5503490e+00]
[INFO] [1785510528.261936174] [rl_env_node]: joint_vel: [ 0.03370776 -0.00995273  0.02383058 -0.07337711  0.11860962  0.22238973
 -0.09915572]
[INFO] [1785510528.262316252] [rl_env_node]: eef_pos: [ 0.6246864 -0.0047346  0.3297294]
[INFO] [1785510528.262738443] [rl_env_node]: eef_quat: [ 0.6074992  -0.5301306  -0.37286744 -0.45921245]
[INFO] [1785510528.263098575] [rl_env_node]: eef_vel_lin: [0. 0. 0.]
[INFO] [1785510528.263507153] [rl_env_node]: eef_vel_ang: [0. 0. 0.]
[INFO] [1785510528.263890167] [rl_env_node]: robot0_contact: [1.]
[INFO] [1785510528.264262531] [rl_env_node]: robot0_contact_force: [ 4.65799   -1.1614757  1.8860748]
[INFO] [1785510528.264626886] [rl_env_node]: robot0_contact_torque: [ 0.9830792   0.94737667 -0.4783353 ]
[INFO] [1785510528.265007485] [rl_env_node]: wipe_centroid: [ 0.6089144  -0.05527192  0.15195258]
[INFO] [1785510528.265366109] [rl_env_node]: proportion_wiped: [0.]
[INFO] [1785510528.265828240] [rl_env_node]: gripper_to_wipe_centroid: [-0.01577204 -0.05053732 -0.17777683]
[INFO] [1785510528.310660706] [rl_env_node]: cos(joint_pos): [ 0.94616395  0.90133387  1.         -0.12626784  0.40320918  0.06882213
  0.02044591]
[INFO] [1785510528.311090656] [rl_env_node]: sin(joint_pos): [-3.2368770e-01  4.3312496e-01  1.8528370e-04 -9.9199617e-01
  9.1510785e-01  9.9762893e-01  9.9979097e-01]
[INFO] [1785510528.311475855] [rl_env_node]: joint_pos: [-3.2962444e-01  4.4795695e-01  1.8528370e-04 -1.6974021e+00
  1.1557753e+00  1.5019197e+00  1.5503490e+00]
[INFO] [1785510528.311941808] [rl_env_node]: joint_vel: [ 0.03370776 -0.00995273  0.02383058 -0.07337711  0.11860962  0.22238973
 -0.09915572]
[INFO] [1785510528.312409727] [rl_env_node]: eef_pos: [ 0.6246864 -0.0047346  0.3297294]
[INFO] [1785510528.312855568] [rl_env_node]: eef_quat: [ 0.6074992  -0.5301306  -0.37286744 -0.45921245]
[INFO] [1785510528.313260917] [rl_env_node]: eef_vel_lin: [0. 0. 0.]
[INFO] [1785510528.313673146] [rl_env_node]: eef_vel_ang: [0. 0. 0.]
[INFO] [1785510528.314093741] [rl_env_node]: robot0_contact: [1.]
[INFO] [1785510528.314499815] [rl_env_node]: robot0_contact_force: [ 4.65799   -1.1614757  1.8860748]
[INFO] [1785510528.314856413] [rl_env_node]: robot0_contact_torque: [ 0.9830792   0.94737667 -0.4783353 ]
[INFO] [1785510528.315206883] [rl_env_node]: wipe_centroid: [ 0.6089144  -0.05527192  0.15195258]
[INFO] [1785510528.315519169] [rl_env_node]: proportion_wiped: [0.]
[INFO] [1785510528.315893016] [rl_env_node]: gripper_to_wipe_centroid: [-0.01577204 -0.05053732 -0.17777683]
[INFO] [1785510528.360495861] [rl_env_node]: cos(joint_pos): [ 0.94616395  0.90133387  1.         -0.12626784  0.40320918  0.06882213
  0.02044591]
[INFO] [1785510528.360869125] [rl_env_node]: sin(joint_pos): [-3.2368770e-01  4.3312496e-01  1.8528370e-04 -9.9199617e-01
  9.1510785e-01  9.9762893e-01  9.9979097e-01]
[INFO] [1785510528.361205565] [rl_env_node]: joint_pos: [-3.2962444e-01  4.4795695e-01  1.8528370e-04 -1.6974021e+00
  1.1557753e+00  1.5019197e+00  1.5503490e+00]
[INFO] [1785510528.361536650] [rl_env_node]: joint_vel: [ 0.03370776 -0.00995273  0.02383058 -0.07337711  0.11860962  0.22238973
 -0.09915572]
[INFO] [1785510528.361853353] [rl_env_node]: eef_pos: [ 0.6246864 -0.0047346  0.3297294]
[INFO] [1785510528.362172325] [rl_env_node]: eef_quat: [ 0.6074992  -0.5301306  -0.37286744 -0.45921245]
[INFO] [1785510528.362458979] [rl_env_node]: eef_vel_lin: [0. 0. 0.]
[INFO] [1785510528.362744801] [rl_env_node]: eef_vel_ang: [0. 0. 0.]
[INFO] [1785510528.363048937] [rl_env_node]: robot0_contact: [1.]
[INFO] [1785510528.363362181] [rl_env_node]: robot0_contact_force: [ 4.65799   -1.1614757  1.8860748]
[INFO] [1785510528.363675222] [rl_env_node]: robot0_contact_torque: [ 0.9830792   0.94737667 -0.4783353 ]
[INFO] [1785510528.364019877] [rl_env_node]: wipe_centroid: [ 0.6089144  -0.05527192  0.15195258]
[INFO] [1785510528.364305149] [rl_env_node]: proportion_wiped: [0.]
[INFO] [1785510528.364619913] [rl_env_node]: gripper_to_wipe_centroid: [-0.01577204 -0.05053732 -0.17777683]
[INFO] [1785510528.410626827] [rl_env_node]: cos(joint_pos): [ 0.94616395  0.90133387  1.         -0.12626784  0.40320918  0.06882213
  0.02044591]
[INFO] [1785510528.411075970] [rl_env_node]: sin(joint_pos): [-3.2368770e-01  4.3312496e-01  1.8528370e-04 -9.9199617e-01
  9.1510785e-01  9.9762893e-01  9.9979097e-01]
[INFO] [1785510528.411541190] [rl_env_node]: joint_pos: [-3.2962444e-01  4.4795695e-01  1.8528370e-04 -1.6974021e+00
  1.1557753e+00  1.5019197e+00  1.5503490e+00]
[INFO] [1785510528.411914488] [rl_env_node]: joint_vel: [ 0.03370776 -0.00995273  0.02383058 -0.07337711  0.11860962  0.22238973
 -0.09915572]
[INFO] [1785510528.412255465] [rl_env_node]: eef_pos: [ 0.6246864 -0.0047346  0.3297294]
[INFO] [1785510528.412604189] [rl_env_node]: eef_quat: [ 0.6074992  -0.5301306  -0.37286744 -0.45921245]
[INFO] [1785510528.412910879] [rl_env_node]: eef_vel_lin: [0. 0. 0.]
[INFO] [1785510528.413219498] [rl_env_node]: eef_vel_ang: [0. 0. 0.]
[INFO] [1785510528.413676018] [rl_env_node]: robot0_contact: [1.]
[INFO] [1785510528.414040355] [rl_env_node]: robot0_contact_force: [ 4.65799   -1.1614757  1.8860748]
[INFO] [1785510528.414402589] [rl_env_node]: robot0_contact_torque: [ 0.9830792   0.94737667 -0.4783353 ]
[INFO] [1785510528.414763709] [rl_env_node]: wipe_centroid: [ 0.6089144  -0.05527192  0.15195258]
[INFO] [1785510528.415071600] [rl_env_node]: proportion_wiped: [0.]
[INFO] [1785510528.415488016] [rl_env_node]: gripper_to_wipe_centroid: [-0.01577204 -0.05053732 -0.17777683]
[INFO] [1785510528.460754264] [rl_env_node]: cos(joint_pos): [ 0.94616395  0.90133387  1.         -0.12626784  0.40320918  0.06882213
  0.02044591]
[INFO] [1785510528.461285448] [rl_env_node]: sin(joint_pos): [-3.2368770e-01  4.3312496e-01  1.8528370e-04 -9.9199617e-01
  9.1510785e-01  9.9762893e-01  9.9979097e-01]
[INFO] [1785510528.461804759] [rl_env_node]: joint_pos: [-3.2962444e-01  4.4795695e-01  1.8528370e-04 -1.6974021e+00
  1.1557753e+00  1.5019197e+00  1.5503490e+00]
[INFO] [1785510528.462298845] [rl_env_node]: joint_vel: [ 0.03370776 -0.00995273  0.02383058 -0.07337711  0.11860962  0.22238973
 -0.09915572]
[INFO] [1785510528.462762467] [rl_env_node]: eef_pos: [ 0.6246864 -0.0047346  0.3297294]
[INFO] [1785510528.463225432] [rl_env_node]: eef_quat: [ 0.6074992  -0.5301306  -0.37286744 -0.45921245]
[INFO] [1785510528.463641292] [rl_env_node]: eef_vel_lin: [0. 0. 0.]
[INFO] [1785510528.464110931] [rl_env_node]: eef_vel_ang: [0. 0. 0.]
[INFO] [1785510528.464433000] [rl_env_node]: robot0_contact: [1.]
[INFO] [1785510528.464742562] [rl_env_node]: robot0_contact_force: [ 4.65799   -1.1614757  1.8860748]
[INFO] [1785510528.465064050] [rl_env_node]: robot0_contact_torque: [ 0.9830792   0.94737667 -0.4783353 ]
[INFO] [1785510528.465382681] [rl_env_node]: wipe_centroid: [ 0.6089144  -0.05527192  0.15195258]
[INFO] [1785510528.465665128] [rl_env_node]: proportion_wiped: [0.]
[INFO] [1785510528.465980636] [rl_env_node]: gripper_to_wipe_centroid: [-0.01577204 -0.05053732 -0.17777683]
[INFO] [1785510528.510552126] [rl_env_node]: cos(joint_pos): [ 0.94616395  0.90133387  1.         -0.12626784  0.40320918  0.06882213
  0.02044591]
[INFO] [1785510528.510923798] [rl_env_node]: sin(joint_pos): [-3.2368770e-01  4.3312496e-01  1.8528370e-04 -9.9199617e-01
  9.1510785e-01  9.9762893e-01  9.9979097e-01]
[INFO] [1785510528.511265734] [rl_env_node]: joint_pos: [-3.2962444e-01  4.4795695e-01  1.8528370e-04 -1.6974021e+00
  1.1557753e+00  1.5019197e+00  1.5503490e+00]
[INFO] [1785510528.511601002] [rl_env_node]: joint_vel: [ 0.03370776 -0.00995273  0.02383058 -0.07337711  0.11860962  0.22238973
 -0.09915572]
[INFO] [1785510528.511972952] [rl_env_node]: eef_pos: [ 0.6246864 -0.0047346  0.3297294]
[INFO] [1785510528.512340540] [rl_env_node]: eef_quat: [ 0.6074992  -0.5301306  -0.37286744 -0.45921245]
[INFO] [1785510528.512680294] [rl_env_node]: eef_vel_lin: [0. 0. 0.]
[INFO] [1785510528.513039860] [rl_env_node]: eef_vel_ang: [0. 0. 0.]
[INFO] [1785510528.513400114] [rl_env_node]: robot0_contact: [1.]
[INFO] [1785510528.513785307] [rl_env_node]: robot0_contact_force: [ 4.65799   -1.1614757  1.8860748]
[INFO] [1785510528.514159209] [rl_env_node]: robot0_contact_torque: [ 0.9830792   0.94737667 -0.4783353 ]
[INFO] [1785510528.514559505] [rl_env_node]: wipe_centroid: [ 0.6089144  -0.05527192  0.15195258]
[INFO] [1785510528.514919801] [rl_env_node]: proportion_wiped: [0.]
[INFO] [1785510528.515338194] [rl_env_node]: gripper_to_wipe_centroid: [-0.01577204 -0.05053732 -0.17777683]
[INFO] [1785510528.560759118] [rl_env_node]: cos(joint_pos): [ 0.94616395  0.90133387  1.         -0.12626784  0.40320918  0.06882213
  0.02044591]
[INFO] [1785510528.561269100] [rl_env_node]: sin(joint_pos): [-3.2368770e-01  4.3312496e-01  1.8528370e-04 -9.9199617e-01
  9.1510785e-01  9.9762893e-01  9.9979097e-01]
[INFO] [1785510528.561743303] [rl_env_node]: joint_pos: [-3.2962444e-01  4.4795695e-01  1.8528370e-04 -1.6974021e+00
  1.1557753e+00  1.5019197e+00  1.5503490e+00]
[INFO] [1785510528.562206507] [rl_env_node]: joint_vel: [ 0.03370776 -0.00995273  0.02383058 -0.07337711  0.11860962  0.22238973
 -0.09915572]
[INFO] [1785510528.562652429] [rl_env_node]: eef_pos: [ 0.6246864 -0.0047346  0.3297294]
[INFO] [1785510528.563099128] [rl_env_node]: eef_quat: [ 0.6074992  -0.5301306  -0.37286744 -0.45921245]
[INFO] [1785510528.563505093] [rl_env_node]: eef_vel_lin: [0. 0. 0.]
[INFO] [1785510528.563921049] [rl_env_node]: eef_vel_ang: [0. 0. 0.]
[INFO] [1785510528.564347610] [rl_env_node]: robot0_contact: [1.]
[INFO] [1785510528.564784469] [rl_env_node]: robot0_contact_force: [ 4.65799   -1.1614757  1.8860748]
[INFO] [1785510528.565221761] [rl_env_node]: robot0_contact_torque: [ 0.9830792   0.94737667 -0.4783353 ]
[INFO] [1785510528.565657504] [rl_env_node]: wipe_centroid: [ 0.6089144  -0.05527192  0.15195258]
[INFO] [1785510528.566074385] [rl_env_node]: proportion_wiped: [0.]
[INFO] [1785510528.566510038] [rl_env_node]: gripper_to_wipe_centroid: [-0.01577204 -0.05053732 -0.17777683]
[INFO] [1785510528.610774048] [rl_env_node]: cos(joint_pos): [ 0.94616395  0.90133387  1.         -0.12626784  0.40320918  0.06882213
  0.02044591]
[INFO] [1785510528.611380158] [rl_env_node]: sin(joint_pos): [-3.2368770e-01  4.3312496e-01  1.8528370e-04 -9.9199617e-01
  9.1510785e-01  9.9762893e-01  9.9979097e-01]
[INFO] [1785510528.613321567] [rl_env_node]: joint_pos: [-3.2962444e-01  4.4795695e-01  1.8528370e-04 -1.6974021e+00
  1.1557753e+00  1.5019197e+00  1.5503490e+00]
[INFO] [1785510528.613721575] [rl_env_node]: joint_vel: [ 0.03370776 -0.00995273  0.02383058 -0.07337711  0.11860962  0.22238973
 -0.09915572]
[INFO] [1785510528.614113012] [rl_env_node]: eef_pos: [ 0.6246864 -0.0047346  0.3297294]
[INFO] [1785510528.614469024] [rl_env_node]: eef_quat: [ 0.6074992  -0.5301306  -0.37286744 -0.45921245]
[INFO] [1785510528.615587785] [rl_env_node]: eef_vel_lin: [0. 0. 0.]
[INFO] [1785510528.615925923] [rl_env_node]: eef_vel_ang: [0. 0. 0.]
[INFO] [1785510528.616291186] [rl_env_node]: robot0_contact: [1.]
[INFO] [1785510528.617102195] [rl_env_node]: robot0_contact_force: [ 4.65799   -1.1614757  1.8860748]
[INFO] [1785510528.617597444] [rl_env_node]: robot0_contact_torque: [ 0.9830792   0.94737667 -0.4783353 ]
[INFO] [1785510528.618002150] [rl_env_node]: wipe_centroid: [ 0.6089144  -0.05527192  0.15195258]
[INFO] [1785510528.618350087] [rl_env_node]: proportion_wiped: [0.]
[INFO] [1785510528.618756680] [rl_env_node]: gripper_to_wipe_centroid: [-0.01577204 -0.05053732 -0.17777683]
[INFO] [1785510528.660901057] [rl_env_node]: cos(joint_pos): [ 0.94616395  0.90133387  1.         -0.12626784  0.40320918  0.06882213
  0.02044591]
[INFO] [1785510528.661460456] [rl_env_node]: sin(joint_pos): [-3.2368770e-01  4.3312496e-01  1.8528370e-04 -9.9199617e-01
  9.1510785e-01  9.9762893e-01  9.9979097e-01]
[INFO] [1785510528.662055759] [rl_env_node]: joint_pos: [-3.2962444e-01  4.4795695e-01  1.8528370e-04 -1.6974021e+00
  1.1557753e+00  1.5019197e+00  1.5503490e+00]
[INFO] [1785510528.662638794] [rl_env_node]: joint_vel: [ 0.03370776 -0.00995273  0.02383058 -0.07337711  0.11860962  0.22238973
 -0.09915572]
[INFO] [1785510528.663157462] [rl_env_node]: eef_pos: [ 0.6246864 -0.0047346  0.3297294]
[INFO] [1785510528.663670405] [rl_env_node]: eef_quat: [ 0.6074992  -0.5301306  -0.37286744 -0.45921245]
[INFO] [1785510528.664225375] [rl_env_node]: eef_vel_lin: [0. 0. 0.]
[INFO] [1785510528.664703314] [rl_env_node]: eef_vel_ang: [0. 0. 0.]
[INFO] [1785510528.665201212] [rl_env_node]: robot0_contact: [1.]
[INFO] [1785510528.665713114] [rl_env_node]: robot0_contact_force: [ 4.65799   -1.1614757  1.8860748]
[INFO] [1785510528.666108700] [rl_env_node]: robot0_contact_torque: [ 0.9830792   0.94737667 -0.4783353 ]
[INFO] [1785510528.666425150] [rl_env_node]: wipe_centroid: [ 0.6089144  -0.05527192  0.15195258]
[INFO] [1785510528.666705129] [rl_env_node]: proportion_wiped: [0.]
[INFO] [1785510528.667114097] [rl_env_node]: gripper_to_wipe_centroid: [-0.01577204 -0.05053732 -0.17777683]
[INFO] [1785510528.710807353] [rl_env_node]: cos(joint_pos): [ 0.94616395  0.90133387  1.         -0.12626784  0.40320918  0.06882213
  0.02044591]
[INFO] [1785510528.711339899] [rl_env_node]: sin(joint_pos): [-3.2368770e-01  4.3312496e-01  1.8528370e-04 -9.9199617e-01
  9.1510785e-01  9.9762893e-01  9.9979097e-01]
[INFO] [1785510528.711849202] [rl_env_node]: joint_pos: [-3.2962444e-01  4.4795695e-01  1.8528370e-04 -1.6974021e+00
  1.1557753e+00  1.5019197e+00  1.5503490e+00]
[INFO] [1785510528.712340384] [rl_env_node]: joint_vel: [ 0.03370776 -0.00995273  0.02383058 -0.07337711  0.11860962  0.22238973
 -0.09915572]
[INFO] [1785510528.712799264] [rl_env_node]: eef_pos: [ 0.6246864 -0.0047346  0.3297294]
[INFO] [1785510528.713264242] [rl_env_node]: eef_quat: [ 0.6074992  -0.5301306  -0.37286744 -0.45921245]
[INFO] [1785510528.713689029] [rl_env_node]: eef_vel_lin: [0. 0. 0.]
[INFO] [1785510528.714148384] [rl_env_node]: eef_vel_ang: [0. 0. 0.]
[INFO] [1785510528.714592657] [rl_env_node]: robot0_contact: [1.]
[INFO] [1785510528.715051195] [rl_env_node]: robot0_contact_force: [ 4.65799   -1.1614757  1.8860748]
[INFO] [1785510528.715517222] [rl_env_node]: robot0_contact_torque: [ 0.9830792   0.94737667 -0.4783353 ]
[INFO] [1785510528.715996013] [rl_env_node]: wipe_centroid: [ 0.6089144  -0.05527192  0.15195258]
[INFO] [1785510528.716410510] [rl_env_node]: proportion_wiped: [0.]
[INFO] [1785510528.716865676] [rl_env_node]: gripper_to_wipe_centroid: [-0.01577204 -0.05053732 -0.17777683]
[INFO] [1785510528.760785566] [rl_env_node]: cos(joint_pos): [ 0.94616395  0.90133387  1.         -0.12626784  0.40320918  0.06882213
  0.02044591]
[INFO] [1785510528.761269911] [rl_env_node]: sin(joint_pos): [-3.2368770e-01  4.3312496e-01  1.8528370e-04 -9.9199617e-01
  9.1510785e-01  9.9762893e-01  9.9979097e-01]
[INFO] [1785510528.761671425] [rl_env_node]: joint_pos: [-3.2962444e-01  4.4795695e-01  1.8528370e-04 -1.6974021e+00
  1.1557753e+00  1.5019197e+00  1.5503490e+00]
[INFO] [1785510528.762064810] [rl_env_node]: joint_vel: [ 0.03370776 -0.00995273  0.02383058 -0.07337711  0.11860962  0.22238973
 -0.09915572]
[INFO] [1785510528.762441801] [rl_env_node]: eef_pos: [ 0.6246864 -0.0047346  0.3297294]
[INFO] [1785510528.762880263] [rl_env_node]: eef_quat: [ 0.6074992  -0.5301306  -0.37286744 -0.45921245]
[INFO] [1785510528.763250460] [rl_env_node]: eef_vel_lin: [0. 0. 0.]
[INFO] [1785510528.763590211] [rl_env_node]: eef_vel_ang: [0. 0. 0.]
[INFO] [1785510528.763958107] [rl_env_node]: robot0_contact: [1.]
[INFO] [1785510528.764328493] [rl_env_node]: robot0_contact_force: [ 4.65799   -1.1614757  1.8860748]
[INFO] [1785510528.764734261] [rl_env_node]: robot0_contact_torque: [ 0.9830792   0.94737667 -0.4783353 ]
[INFO] [1785510528.765128498] [rl_env_node]: wipe_centroid: [ 0.6089144  -0.05527192  0.15195258]
[INFO] [1785510528.765429055] [rl_env_node]: proportion_wiped: [0.]
[INFO] [1785510528.765758599] [rl_env_node]: gripper_to_wipe_centroid: [-0.01577204 -0.05053732 -0.17777683]
[INFO] [1785510528.810645076] [rl_env_node]: cos(joint_pos): [ 0.94616395  0.90133387  1.         -0.12626784  0.40320918  0.06882213
  0.02044591]
[INFO] [1785510528.811053195] [rl_env_node]: sin(joint_pos): [-3.2368770e-01  4.3312496e-01  1.8528370e-04 -9.9199617e-01
  9.1510785e-01  9.9762893e-01  9.9979097e-01]
[INFO] [1785510528.811416558] [rl_env_node]: joint_pos: [-3.2962444e-01  4.4795695e-01  1.8528370e-04 -1.6974021e+00
  1.1557753e+00  1.5019197e+00  1.5503490e+00]
[INFO] [1785510528.811882436] [rl_env_node]: joint_vel: [ 0.03370776 -0.00995273  0.02383058 -0.07337711  0.11860962  0.22238973
 -0.09915572]
[INFO] [1785510528.812240296] [rl_env_node]: eef_pos: [ 0.6246864 -0.0047346  0.3297294]
[INFO] [1785510528.812585222] [rl_env_node]: eef_quat: [ 0.6074992  -0.5301306  -0.37286744 -0.45921245]
[INFO] [1785510528.812917871] [rl_env_node]: eef_vel_lin: [0. 0. 0.]
[INFO] [1785510528.813231886] [rl_env_node]: eef_vel_ang: [0. 0. 0.]
[INFO] [1785510528.813601066] [rl_env_node]: robot0_contact: [1.]
[INFO] [1785510528.814003605] [rl_env_node]: robot0_contact_force: [ 4.65799   -1.1614757  1.8860748]
[INFO] [1785510528.814344999] [rl_env_node]: robot0_contact_torque: [ 0.9830792   0.94737667 -0.4783353 ]
[INFO] [1785510528.814680480] [rl_env_node]: wipe_centroid: [ 0.6089144  -0.05527192  0.15195258]
[INFO] [1785510528.814985536] [rl_env_node]: proportion_wiped: [0.]
[INFO] [1785510528.815324822] [rl_env_node]: gripper_to_wipe_centroid: [-0.01577204 -0.05053732 -0.17777683]
[INFO] [1785510528.860762165] [rl_env_node]: cos(joint_pos): [ 0.94616395  0.90133387  1.         -0.12626784  0.40320918  0.06882213
  0.02044591]
[INFO] [1785510528.861280910] [rl_env_node]: sin(joint_pos): [-3.2368770e-01  4.3312496e-01  1.8528370e-04 -9.9199617e-01
  9.1510785e-01  9.9762893e-01  9.9979097e-01]
[INFO] [1785510528.861742935] [rl_env_node]: joint_pos: [-3.2962444e-01  4.4795695e-01  1.8528370e-04 -1.6974021e+00
  1.1557753e+00  1.5019197e+00  1.5503490e+00]
[INFO] [1785510528.862228257] [rl_env_node]: joint_vel: [ 0.03370776 -0.00995273  0.02383058 -0.07337711  0.11860962  0.22238973
 -0.09915572]
[INFO] [1785510528.862665954] [rl_env_node]: eef_pos: [ 0.6246864 -0.0047346  0.3297294]
[INFO] [1785510528.863102723] [rl_env_node]: eef_quat: [ 0.6074992  -0.5301306  -0.37286744 -0.45921245]
[INFO] [1785510528.863553993] [rl_env_node]: eef_vel_lin: [0. 0. 0.]
[INFO] [1785510528.863962744] [rl_env_node]: eef_vel_ang: [0. 0. 0.]
[INFO] [1785510528.864457869] [rl_env_node]: robot0_contact: [1.]
[INFO] [1785510528.864928392] [rl_env_node]: robot0_contact_force: [ 4.65799   -1.1614757  1.8860748]
[INFO] [1785510528.865356110] [rl_env_node]: robot0_contact_torque: [ 0.9830792   0.94737667 -0.4783353 ]
[INFO] [1785510528.865788573] [rl_env_node]: wipe_centroid: [ 0.6089144  -0.05527192  0.15195258]
[INFO] [1785510528.866176086] [rl_env_node]: proportion_wiped: [0.]
[INFO] [1785510528.866604938] [rl_env_node]: gripper_to_wipe_centroid: [-0.01577204 -0.05053732 -0.17777683]
[INFO] [1785510528.910534362] [rl_env_node]: cos(joint_pos): [ 0.94616395  0.90133387  1.         -0.12626784  0.40320918  0.06882213
  0.02044591]
[INFO] [1785510528.910902863] [rl_env_node]: sin(joint_pos): [-3.2368770e-01  4.3312496e-01  1.8528370e-04 -9.9199617e-01
  9.1510785e-01  9.9762893e-01  9.9979097e-01]
[INFO] [1785510528.911238506] [rl_env_node]: joint_pos: [-3.2962444e-01  4.4795695e-01  1.8528370e-04 -1.6974021e+00
  1.1557753e+00  1.5019197e+00  1.5503490e+00]
[INFO] [1785510528.911568872] [rl_env_node]: joint_vel: [ 0.03370776 -0.00995273  0.02383058 -0.07337711  0.11860962  0.22238973
 -0.09915572]
[INFO] [1785510528.911929467] [rl_env_node]: eef_pos: [ 0.6246864 -0.0047346  0.3297294]
[INFO] [1785510528.912289193] [rl_env_node]: eef_quat: [ 0.6074992  -0.5301306  -0.37286744 -0.45921245]
[INFO] [1785510528.912578746] [rl_env_node]: eef_vel_lin: [0. 0. 0.]
[INFO] [1785510528.912863387] [rl_env_node]: eef_vel_ang: [0. 0. 0.]
[INFO] [1785510528.913167092] [rl_env_node]: robot0_contact: [1.]
[INFO] [1785510528.913479846] [rl_env_node]: robot0_contact_force: [ 4.65799   -1.1614757  1.8860748]
[INFO] [1785510528.913793126] [rl_env_node]: robot0_contact_torque: [ 0.9830792   0.94737667 -0.4783353 ]
[INFO] [1785510528.914102711] [rl_env_node]: wipe_centroid: [ 0.6089144  -0.05527192  0.15195258]
[INFO] [1785510528.914378376] [rl_env_node]: proportion_wiped: [0.]
[INFO] [1785510528.914688085] [rl_env_node]: gripper_to_wipe_centroid: [-0.01577204 -0.05053732 -0.17777683]
[INFO] [1785510528.960527780] [rl_env_node]: cos(joint_pos): [ 0.94616395  0.90133387  1.         -0.12626784  0.40320918  0.06882213
  0.02044591]
[INFO] [1785510528.960903265] [rl_env_node]: sin(joint_pos): [-3.2368770e-01  4.3312496e-01  1.8528370e-04 -9.9199617e-01
  9.1510785e-01  9.9762893e-01  9.9979097e-01]
[INFO] [1785510528.961252829] [rl_env_node]: joint_pos: [-3.2962444e-01  4.4795695e-01  1.8528370e-04 -1.6974021e+00
  1.1557753e+00  1.5019197e+00  1.5503490e+00]
[INFO] [1785510528.961596045] [rl_env_node]: joint_vel: [ 0.03370776 -0.00995273  0.02383058 -0.07337711  0.11860962  0.22238973
 -0.09915572]
[INFO] [1785510528.961915542] [rl_env_node]: eef_pos: [ 0.6246864 -0.0047346  0.3297294]
[INFO] [1785510528.962234464] [rl_env_node]: eef_quat: [ 0.6074992  -0.5301306  -0.37286744 -0.45921245]
[INFO] [1785510528.962523420] [rl_env_node]: eef_vel_lin: [0. 0. 0.]
[INFO] [1785510528.962810450] [rl_env_node]: eef_vel_ang: [0. 0. 0.]
[INFO] [1785510528.963115049] [rl_env_node]: robot0_contact: [1.]
[INFO] [1785510528.963430282] [rl_env_node]: robot0_contact_force: [ 4.65799   -1.1614757  1.8860748]
[INFO] [1785510528.963744312] [rl_env_node]: robot0_contact_torque: [ 0.9830792   0.94737667 -0.4783353 ]
[INFO] [1785510528.964174482] [rl_env_node]: wipe_centroid: [ 0.6089144  -0.05527192  0.15195258]
[INFO] [1785510528.964539792] [rl_env_node]: proportion_wiped: [0.]
[INFO] [1785510528.964898169] [rl_env_node]: gripper_to_wipe_centroid: [-0.01577204 -0.05053732 -0.17777683]
[INFO] [1785510529.010751600] [rl_env_node]: cos(joint_pos): [ 0.94616395  0.90133387  1.         -0.12626784  0.40320918  0.06882213
  0.02044591]
[INFO] [1785510529.011258213] [rl_env_node]: sin(joint_pos): [-3.2368770e-01  4.3312496e-01  1.8528370e-04 -9.9199617e-01
  9.1510785e-01  9.9762893e-01  9.9979097e-01]
[INFO] [1785510529.011722566] [rl_env_node]: joint_pos: [-3.2962444e-01  4.4795695e-01  1.8528370e-04 -1.6974021e+00
  1.1557753e+00  1.5019197e+00  1.5503490e+00]
[INFO] [1785510529.012194228] [rl_env_node]: joint_vel: [ 0.03370776 -0.00995273  0.02383058 -0.07337711  0.11860962  0.22238973
 -0.09915572]
[INFO] [1785510529.012629589] [rl_env_node]: eef_pos: [ 0.6246864 -0.0047346  0.3297294]
[INFO] [1785510529.013065421] [rl_env_node]: eef_quat: [ 0.6074992  -0.5301306  -0.37286744 -0.45921245]
[INFO] [1785510529.013462824] [rl_env_node]: eef_vel_lin: [0. 0. 0.]
[INFO] [1785510529.013857505] [rl_env_node]: eef_vel_ang: [0. 0. 0.]
[INFO] [1785510529.014274037] [rl_env_node]: robot0_contact: [1.]
[INFO] [1785510529.014702036] [rl_env_node]: robot0_contact_force: [ 4.65799   -1.1614757  1.8860748]
[INFO] [1785510529.015128983] [rl_env_node]: robot0_contact_torque: [ 0.9830792   0.94737667 -0.4783353 ]
[INFO] [1785510529.015555409] [rl_env_node]: wipe_centroid: [ 0.6089144  -0.05527192  0.15195258]
[INFO] [1785510529.015952979] [rl_env_node]: proportion_wiped: [0.]
[INFO] [1785510529.016381587] [rl_env_node]: gripper_to_wipe_centroid: [-0.01577204 -0.05053732 -0.17777683]
