[INFO] [1785510346.368219887] [rl_env_node]: gripper_to_wipe_centroid: [-0.08992827 -0.25116718 -0.21081203]
[INFO] [1785510346.405289838] [rl_env_node]: cos(joint_pos): [ 0.99201447  0.93158805  0.99975437  0.17204691  0.7032779  -0.07272854
  0.407062  ]
[INFO] [1785510346.405818096] [rl_env_node]: sin(joint_pos): [-0.12612423  0.36351576  0.02216296 -0.98508877  0.710915    0.99735177
  0.91340053]
[INFO] [1785510346.406303629] [rl_env_node]: joint_pos: [-0.12646103  0.37203908  0.02216478 -1.3978891   0.7907984   1.6435891
  1.1515611 ]
[INFO] [1785510346.406788043] [rl_env_node]: joint_vel: [ 0.08519741  0.03222503  0.09507177  0.07201029 -0.6195489  -0.3775708
  0.03002691]
[INFO] [1785510346.407265496] [rl_env_node]: eef_pos: [0.669375   0.1321095  0.38606632]
[INFO] [1785510346.407738694] [rl_env_node]: eef_quat: [ 0.71310437 -0.582742   -0.24304534 -0.30466855]
[INFO] [1785510346.408178864] [rl_env_node]: eef_vel_lin: [0. 0. 0.]
[INFO] [1785510346.408609677] [rl_env_node]: eef_vel_ang: [0. 0. 0.]
[INFO] [1785510346.409029308] [rl_env_node]: robot0_contact: [0.]
[INFO] [1785510346.409496798] [rl_env_node]: robot0_contact_force: [-2.8009074 -2.867703   1.6936327]
[INFO] [1785510346.409962749] [rl_env_node]: robot0_contact_torque: [ 2.137282  -2.7146523 -1.8716396]
[INFO] [1785510346.410429413] [rl_env_node]: wipe_centroid: [ 0.57858497 -0.11805613  0.17587514]
[INFO] [1785510346.410884338] [rl_env_node]: proportion_wiped: [0.1764077]
[INFO] [1785510346.411351748] [rl_env_node]: gripper_to_wipe_centroid: [-0.09079003 -0.2501656  -0.21019118]
[INFO] [1785510346.455172037] [rl_env_node]: cos(joint_pos): [ 0.99201447  0.93158805  0.99975437  0.17204691  0.7032779  -0.07272854
  0.407062  ]
[INFO] [1785510346.455689633] [rl_env_node]: sin(joint_pos): [-0.12612423  0.36351576  0.02216296 -0.98508877  0.710915    0.99735177
  0.91340053]
[INFO] [1785510346.456071816] [rl_env_node]: joint_pos: [-0.12646103  0.37203908  0.02216478 -1.3978891   0.7907984   1.6435891
  1.1515611 ]
[INFO] [1785510346.456428708] [rl_env_node]: joint_vel: [ 0.08519741  0.03222503  0.09507177  0.07201029 -0.6195489  -0.3775708
  0.03002691]
[INFO] [1785510346.456773518] [rl_env_node]: eef_pos: [0.669375   0.1321095  0.38606632]
[INFO] [1785510346.457115154] [rl_env_node]: eef_quat: [ 0.71310437 -0.582742   -0.24304534 -0.30466855]
[INFO] [1785510346.457490770] [rl_env_node]: eef_vel_lin: [0. 0. 0.]
[INFO] [1785510346.457809473] [rl_env_node]: eef_vel_ang: [0. 0. 0.]
[INFO] [1785510346.458099333] [rl_env_node]: robot0_contact: [0.]
[INFO] [1785510346.458439289] [rl_env_node]: robot0_contact_force: [-2.8009074 -2.867703   1.6936327]
[INFO] [1785510346.458774887] [rl_env_node]: robot0_contact_torque: [ 2.137282  -2.7146523 -1.8716396]
[INFO] [1785510346.459174556] [rl_env_node]: wipe_centroid: [ 0.578563   -0.11700746  0.17586981]
[INFO] [1785510346.459514631] [rl_env_node]: proportion_wiped: [0.]
[INFO] [1785510346.459870368] [rl_env_node]: gripper_to_wipe_centroid: [-0.09081203 -0.24911696 -0.21019651]
[INFO] [1785510346.505125723] [rl_env_node]: cos(joint_pos): [ 0.99201447  0.93158805  0.99975437  0.17204691  0.7032779  -0.07272854
  0.407062  ]
[INFO] [1785510346.505622982] [rl_env_node]: sin(joint_pos): [-0.12612423  0.36351576  0.02216296 -0.98508877  0.710915    0.99735177
  0.91340053]
[INFO] [1785510346.505992378] [rl_env_node]: joint_pos: [-0.12646103  0.37203908  0.02216478 -1.3978891   0.7907984   1.6435891
  1.1515611 ]
[INFO] [1785510346.506352650] [rl_env_node]: joint_vel: [ 0.08519741  0.03222503  0.09507177  0.07201029 -0.6195489  -0.3775708
  0.03002691]
[INFO] [1785510346.506716769] [rl_env_node]: eef_pos: [0.669375   0.1321095  0.38606632]
[INFO] [1785510346.507053876] [rl_env_node]: eef_quat: [ 0.71310437 -0.582742   -0.24304534 -0.30466855]
[INFO] [1785510346.507438784] [rl_env_node]: eef_vel_lin: [0. 0. 0.]
[INFO] [1785510346.507750552] [rl_env_node]: eef_vel_ang: [0. 0. 0.]
[INFO] [1785510346.508056224] [rl_env_node]: robot0_contact: [0.]
[INFO] [1785510346.508395543] [rl_env_node]: robot0_contact_force: [-2.8009074 -2.867703   1.6936327]
[INFO] [1785510346.508731787] [rl_env_node]: robot0_contact_torque: [ 2.137282  -2.7146523 -1.8716396]
[INFO] [1785510346.509177347] [rl_env_node]: wipe_centroid: [ 0.578563   -0.11700746  0.17586981]
[INFO] [1785510346.509489678] [rl_env_node]: proportion_wiped: [0.]
[INFO] [1785510346.509816567] [rl_env_node]: gripper_to_wipe_centroid: [-0.09081203 -0.24911696 -0.21019651]
[INFO] [1785510346.555318669] [rl_env_node]: cos(joint_pos): [ 0.99201447  0.93158805  0.99975437  0.17204691  0.7032779  -0.07272854
  0.407062  ]
[INFO] [1785510346.555875032] [rl_env_node]: sin(joint_pos): [-0.12612423  0.36351576  0.02216296 -0.98508877  0.710915    0.99735177
  0.91340053]
[INFO] [1785510346.556376508] [rl_env_node]: joint_pos: [-0.12646103  0.37203908  0.02216478 -1.3978891   0.7907984   1.6435891
  1.1515611 ]
[INFO] [1785510346.556874069] [rl_env_node]: joint_vel: [ 0.08519741  0.03222503  0.09507177  0.07201029 -0.6195489  -0.3775708
  0.03002691]
[INFO] [1785510346.557349091] [rl_env_node]: eef_pos: [0.669375   0.1321095  0.38606632]
[INFO] [1785510346.557741411] [rl_env_node]: eef_quat: [ 0.71310437 -0.582742   -0.24304534 -0.30466855]
[INFO] [1785510346.558274147] [rl_env_node]: eef_vel_lin: [0. 0. 0.]
[INFO] [1785510346.558673797] [rl_env_node]: eef_vel_ang: [0. 0. 0.]
[INFO] [1785510346.558962235] [rl_env_node]: robot0_contact: [0.]
[INFO] [1785510346.559337859] [rl_env_node]: robot0_contact_force: [-2.8009074 -2.867703   1.6936327]
[INFO] [1785510346.559685825] [rl_env_node]: robot0_contact_torque: [ 2.137282  -2.7146523 -1.8716396]
[INFO] [1785510346.560055958] [rl_env_node]: wipe_centroid: [ 0.5777226  -0.11705385  0.17649648]
[INFO] [1785510346.560406935] [rl_env_node]: proportion_wiped: [0.1525303]
[INFO] [1785510346.560757632] [rl_env_node]: gripper_to_wipe_centroid: [-0.09165239 -0.24916334 -0.20956984]
[INFO] [1785510346.605033280] [rl_env_node]: cos(joint_pos): [ 0.99201447  0.93158805  0.99975437  0.17204691  0.7032779  -0.07272854
  0.407062  ]
[INFO] [1785510346.605473415] [rl_env_node]: sin(joint_pos): [-0.12612423  0.36351576  0.02216296 -0.98508877  0.710915    0.99735177
  0.91340053]
[INFO] [1785510346.605854954] [rl_env_node]: joint_pos: [-0.12646103  0.37203908  0.02216478 -1.3978891   0.7907984   1.6435891
  1.1515611 ]
[INFO] [1785510346.606221682] [rl_env_node]: joint_vel: [ 0.08519741  0.03222503  0.09507177  0.07201029 -0.6195489  -0.3775708
  0.03002691]
[INFO] [1785510346.606579089] [rl_env_node]: eef_pos: [0.669375   0.1321095  0.38606632]
[INFO] [1785510346.606958779] [rl_env_node]: eef_quat: [ 0.71310437 -0.582742   -0.24304534 -0.30466855]
[INFO] [1785510346.607330929] [rl_env_node]: eef_vel_lin: [0. 0. 0.]
[INFO] [1785510346.607630305] [rl_env_node]: eef_vel_ang: [0. 0. 0.]
[INFO] [1785510346.607922274] [rl_env_node]: robot0_contact: [0.]
[INFO] [1785510346.608239449] [rl_env_node]: robot0_contact_force: [-2.8009074 -2.867703   1.6936327]
[INFO] [1785510346.608553496] [rl_env_node]: robot0_contact_torque: [ 2.137282  -2.7146523 -1.8716396]
[INFO] [1785510346.608904651] [rl_env_node]: wipe_centroid: [ 0.57860696 -0.11910481  0.17588046]
[INFO] [1785510346.609289454] [rl_env_node]: proportion_wiped: [0.16108339]
[INFO] [1785510346.609627372] [rl_env_node]: gripper_to_wipe_centroid: [-0.09076804 -0.2512143  -0.21018586]
[INFO] [1785510346.655087542] [rl_env_node]: cos(joint_pos): [ 0.99201447  0.93158805  0.99975437  0.17204691  0.7032779  -0.07272854
  0.407062  ]
[INFO] [1785510346.655458646] [rl_env_node]: sin(joint_pos): [-0.12612423  0.36351576  0.02216296 -0.98508877  0.710915    0.99735177
  0.91340053]
[INFO] [1785510346.655932492] [rl_env_node]: joint_pos: [-0.12646103  0.37203908  0.02216478 -1.3978891   0.7907984   1.6435891
  1.1515611 ]
[INFO] [1785510346.656317621] [rl_env_node]: joint_vel: [ 0.08519741  0.03222503  0.09507177  0.07201029 -0.6195489  -0.3775708
  0.03002691]
[INFO] [1785510346.656678107] [rl_env_node]: eef_pos: [0.669375   0.1321095  0.38606632]
[INFO] [1785510346.657025628] [rl_env_node]: eef_quat: [ 0.71310437 -0.582742   -0.24304534 -0.30466855]
[INFO] [1785510346.657428867] [rl_env_node]: eef_vel_lin: [0. 0. 0.]
[INFO] [1785510346.657762972] [rl_env_node]: eef_vel_ang: [0. 0. 0.]
[INFO] [1785510346.658058806] [rl_env_node]: robot0_contact: [0.]
[INFO] [1785510346.658398066] [rl_env_node]: robot0_contact_force: [-2.8009074 -2.867703   1.6936327]
[INFO] [1785510346.658733236] [rl_env_node]: robot0_contact_torque: [ 2.137282  -2.7146523 -1.8716396]
[INFO] [1785510346.659066841] [rl_env_node]: wipe_centroid: [ 0.57944673 -0.11905769  0.17525429]
[INFO] [1785510346.659424067] [rl_env_node]: proportion_wiped: [0.07448325]
[INFO] [1785510346.659757560] [rl_env_node]: gripper_to_wipe_centroid: [-0.08992827 -0.25116718 -0.21081203]
[INFO] [1785510346.705412273] [rl_env_node]: cos(joint_pos): [ 0.99201447  0.93158805  0.99975437  0.17204691  0.7032779  -0.07272854
  0.407062  ]
[INFO] [1785510346.705827608] [rl_env_node]: sin(joint_pos): [-0.12612423  0.36351576  0.02216296 -0.98508877  0.710915    0.99735177
  0.91340053]
[INFO] [1785510346.706162006] [rl_env_node]: joint_pos: [-0.12646103  0.37203908  0.02216478 -1.3978891   0.7907984   1.6435891
  1.1515611 ]
[INFO] [1785510346.706487628] [rl_env_node]: joint_vel: [ 0.08519741  0.03222503  0.09507177  0.07201029 -0.6195489  -0.3775708
  0.03002691]
[INFO] [1785510346.706799826] [rl_env_node]: eef_pos: [0.669375   0.1321095  0.38606632]
[INFO] [1785510346.707114614] [rl_env_node]: eef_quat: [ 0.71310437 -0.582742   -0.24304534 -0.30466855]
[INFO] [1785510346.707397967] [rl_env_node]: eef_vel_lin: [0. 0. 0.]
[INFO] [1785510346.707677822] [rl_env_node]: eef_vel_ang: [0. 0. 0.]
[INFO] [1785510346.708952817] [rl_env_node]: robot0_contact: [0.]
[INFO] [1785510346.709745863] [rl_env_node]: robot0_contact_force: [-2.8009074 -2.867703   1.6936327]
[INFO] [1785510346.710188115] [rl_env_node]: robot0_contact_torque: [ 2.137282  -2.7146523 -1.8716396]
[INFO] [1785510346.710915989] [rl_env_node]: wipe_centroid: [ 0.57944673 -0.11905769  0.17525429]
[INFO] [1785510346.711277266] [rl_env_node]: proportion_wiped: [0.07448325]
[INFO] [1785510346.711661415] [rl_env_node]: gripper_to_wipe_centroid: [-0.08992827 -0.25116718 -0.21081203]
[INFO] [1785510346.757572473] [rl_env_node]: cos(joint_pos): [ 0.99201447  0.93158805  0.99975437  0.17204691  0.7032779  -0.07272854
  0.407062  ]
[INFO] [1785510346.757952927] [rl_env_node]: sin(joint_pos): [-0.12612423  0.36351576  0.02216296 -0.98508877  0.710915    0.99735177
  0.91340053]
[INFO] [1785510346.758295990] [rl_env_node]: joint_pos: [-0.12646103  0.37203908  0.02216478 -1.3978891   0.7907984   1.6435891
  1.1515611 ]
[INFO] [1785510346.758688165] [rl_env_node]: joint_vel: [ 0.08519741  0.03222503  0.09507177  0.07201029 -0.6195489  -0.3775708
  0.03002691]
[INFO] [1785510346.760324212] [rl_env_node]: eef_pos: [0.669375   0.1321095  0.38606632]
[INFO] [1785510346.760788886] [rl_env_node]: eef_quat: [ 0.71310437 -0.582742   -0.24304534 -0.30466855]
[INFO] [1785510346.761816188] [rl_env_node]: eef_vel_lin: [0. 0. 0.]
[INFO] [1785510346.762130646] [rl_env_node]: eef_vel_ang: [0. 0. 0.]
[INFO] [1785510346.762442901] [rl_env_node]: robot0_contact: [0.]
[INFO] [1785510346.762794441] [rl_env_node]: robot0_contact_force: [-2.8009074 -2.867703   1.6936327]
[INFO] [1785510346.763313418] [rl_env_node]: robot0_contact_torque: [ 2.137282  -2.7146523 -1.8716396]
[INFO] [1785510346.763875707] [rl_env_node]: wipe_centroid: [ 0.57858497 -0.11805613  0.17587514]
[INFO] [1785510346.764476414] [rl_env_node]: proportion_wiped: [0.16642909]
[INFO] [1785510346.764978131] [rl_env_node]: gripper_to_wipe_centroid: [-0.09079003 -0.2501656  -0.21019118]
[INFO] [1785510346.805067030] [rl_env_node]: cos(joint_pos): [ 0.99201447  0.93158805  0.99975437  0.17204691  0.7032779  -0.07272854
  0.407062  ]
[INFO] [1785510346.805431786] [rl_env_node]: sin(joint_pos): [-0.12612423  0.36351576  0.02216296 -0.98508877  0.710915    0.99735177
  0.91340053]
[INFO] [1785510346.805759961] [rl_env_node]: joint_pos: [-0.12646103  0.37203908  0.02216478 -1.3978891   0.7907984   1.6435891
  1.1515611 ]
[INFO] [1785510346.806085489] [rl_env_node]: joint_vel: [ 0.08519741  0.03222503  0.09507177  0.07201029 -0.6195489  -0.3775708
  0.03002691]
[INFO] [1785510346.806399427] [rl_env_node]: eef_pos: [0.669375   0.1321095  0.38606632]
[INFO] [1785510346.806714779] [rl_env_node]: eef_quat: [ 0.71310437 -0.582742   -0.24304534 -0.30466855]
[INFO] [1785510346.806999451] [rl_env_node]: eef_vel_lin: [0. 0. 0.]
[INFO] [1785510346.807283112] [rl_env_node]: eef_vel_ang: [0. 0. 0.]
[INFO] [1785510346.807557873] [rl_env_node]: robot0_contact: [0.]
[INFO] [1785510346.807887659] [rl_env_node]: robot0_contact_force: [-2.8009074 -2.867703   1.6936327]
[INFO] [1785510346.808206782] [rl_env_node]: robot0_contact_torque: [ 2.137282  -2.7146523 -1.8716396]
[INFO] [1785510346.808526310] [rl_env_node]: wipe_centroid: [ 0.578629   -0.1201535   0.17588578]
[INFO] [1785510346.808831458] [rl_env_node]: proportion_wiped: [0.15965788]
[INFO] [1785510346.809148839] [rl_env_node]: gripper_to_wipe_centroid: [-0.09074599 -0.252263   -0.21018054]
[INFO] [1785510346.855384965] [rl_env_node]: cos(joint_pos): [ 0.99201447  0.93158805  0.99975437  0.17204691  0.7032779  -0.07272854
  0.407062  ]
[INFO] [1785510346.855969431] [rl_env_node]: sin(joint_pos): [-0.12612423  0.36351576  0.02216296 -0.98508877  0.710915    0.99735177
  0.91340053]
[INFO] [1785510346.856498006] [rl_env_node]: joint_pos: [-0.12646103  0.37203908  0.02216478 -1.3978891   0.7907984   1.6435891
  1.1515611 ]
[INFO] [1785510346.857022093] [rl_env_node]: joint_vel: [ 0.08519741  0.03222503  0.09507177  0.07201029 -0.6195489  -0.3775708
  0.03002691]
[INFO] [1785510346.857523870] [rl_env_node]: eef_pos: [0.669375   0.1321095  0.38606632]
[INFO] [1785510346.858026802] [rl_env_node]: eef_quat: [ 0.71310437 -0.582742   -0.24304534 -0.30466855]
[INFO] [1785510346.858484180] [rl_env_node]: eef_vel_lin: [0. 0. 0.]
[INFO] [1785510346.858936697] [rl_env_node]: eef_vel_ang: [0. 0. 0.]
[INFO] [1785510346.859373605] [rl_env_node]: robot0_contact: [0.]
[INFO] [1785510346.859876456] [rl_env_node]: robot0_contact_force: [-2.8009074 -2.867703   1.6936327]
[INFO] [1785510346.860378436] [rl_env_node]: robot0_contact_torque: [ 2.137282  -2.7146523 -1.8716396]
[INFO] [1785510346.860870173] [rl_env_node]: wipe_centroid: [ 0.5535517  -0.09929457  0.19413471]
[INFO] [1785510346.861327773] [rl_env_node]: proportion_wiped: [0.5071276]
[INFO] [1785510346.861795213] [rl_env_node]: gripper_to_wipe_centroid: [-0.11582333 -0.23140407 -0.1919316 ]
[INFO] [1785510346.905073277] [rl_env_node]: cos(joint_pos): [ 0.99201447  0.93158805  0.99975437  0.17204691  0.7032779  -0.07272854
  0.407062  ]
[INFO] [1785510346.905471103] [rl_env_node]: sin(joint_pos): [-0.12612423  0.36351576  0.02216296 -0.98508877  0.710915    0.99735177
  0.91340053]
[INFO] [1785510346.905962558] [rl_env_node]: joint_pos: [-0.12646103  0.37203908  0.02216478 -1.3978891   0.7907984   1.6435891
  1.1515611 ]
[INFO] [1785510346.906330462] [rl_env_node]: joint_vel: [ 0.08519741  0.03222503  0.09507177  0.07201029 -0.6195489  -0.3775708
  0.03002691]
[INFO] [1785510346.906671842] [rl_env_node]: eef_pos: [0.669375   0.1321095  0.38606632]
[INFO] [1785510346.907015571] [rl_env_node]: eef_quat: [ 0.71310437 -0.582742   -0.24304534 -0.30466855]
[INFO] [1785510346.907319778] [rl_env_node]: eef_vel_lin: [0. 0. 0.]
[INFO] [1785510346.907689011] [rl_env_node]: eef_vel_ang: [0. 0. 0.]
[INFO] [1785510346.908034055] [rl_env_node]: robot0_contact: [0.]
[INFO] [1785510346.908389976] [rl_env_node]: robot0_contact_force: [-2.8009074 -2.867703   1.6936327]
[INFO] [1785510346.908771058] [rl_env_node]: robot0_contact_torque: [ 2.137282  -2.7146523 -1.8716396]
[INFO] [1785510346.909124723] [rl_env_node]: wipe_centroid: [ 0.5535517  -0.09929457  0.19413471]
[INFO] [1785510346.909547994] [rl_env_node]: proportion_wiped: [0.5071276]
[INFO] [1785510346.909931187] [rl_env_node]: gripper_to_wipe_centroid: [-0.11582333 -0.23140407 -0.1919316 ]
[INFO] [1785510346.955109047] [rl_env_node]: cos(joint_pos): [ 0.99201447  0.93158805  0.99975437  0.17204691  0.7032779  -0.07272854
  0.407062  ]
[INFO] [1785510346.955578542] [rl_env_node]: sin(joint_pos): [-0.12612423  0.36351576  0.02216296 -0.98508877  0.710915    0.99735177
  0.91340053]
[INFO] [1785510346.956055458] [rl_env_node]: joint_pos: [-0.12646103  0.37203908  0.02216478 -1.3978891   0.7907984   1.6435891
  1.1515611 ]
[INFO] [1785510346.956466256] [rl_env_node]: joint_vel: [ 0.08519741  0.03222503  0.09507177  0.07201029 -0.6195489  -0.3775708
  0.03002691]
[INFO] [1785510346.956816690] [rl_env_node]: eef_pos: [0.669375   0.1321095  0.38606632]
[INFO] [1785510346.957173464] [rl_env_node]: eef_quat: [ 0.71310437 -0.582742   -0.24304534 -0.30466855]
[INFO] [1785510346.957650188] [rl_env_node]: eef_vel_lin: [0. 0. 0.]
[INFO] [1785510346.958082519] [rl_env_node]: eef_vel_ang: [0. 0. 0.]
[INFO] [1785510346.959690683] [rl_env_node]: robot0_contact: [0.]
[INFO] [1785510346.960165119] [rl_env_node]: robot0_contact_force: [-2.8009074 -2.867703   1.6936327]
[INFO] [1785510346.960552727] [rl_env_node]: robot0_contact_torque: [ 2.137282  -2.7146523 -1.8716396]
[INFO] [1785510346.960945064] [rl_env_node]: wipe_centroid: [ 0.55334246 -0.0897598   0.19409783]
[INFO] [1785510346.961274467] [rl_env_node]: proportion_wiped: [0.5456165]
[INFO] [1785510346.961617402] [rl_env_node]: gripper_to_wipe_centroid: [-0.11603254 -0.22186929 -0.19196849]
[INFO] [1785510347.005159009] [rl_env_node]: cos(joint_pos): [ 0.99201447  0.93158805  0.99975437  0.17204691  0.7032779  -0.07272854
  0.407062  ]
[INFO] [1785510347.005711922] [rl_env_node]: sin(joint_pos): [-0.12612423  0.36351576  0.02216296 -0.98508877  0.710915    0.99735177
  0.91340053]
[INFO] [1785510347.006099769] [rl_env_node]: joint_pos: [-0.12646103  0.37203908  0.02216478 -1.3978891   0.7907984   1.6435891
  1.1515611 ]
[INFO] [1785510347.006478821] [rl_env_node]: joint_vel: [ 0.08519741  0.03222503  0.09507177  0.07201029 -0.6195489  -0.3775708
  0.03002691]
[INFO] [1785510347.006841081] [rl_env_node]: eef_pos: [0.669375   0.1321095  0.38606632]
[INFO] [1785510347.007267998] [rl_env_node]: eef_quat: [ 0.71310437 -0.582742   -0.24304534 -0.30466855]
[INFO] [1785510347.007598129] [rl_env_node]: eef_vel_lin: [0. 0. 0.]
[INFO] [1785510347.007921567] [rl_env_node]: eef_vel_ang: [0. 0. 0.]
[INFO] [1785510347.008227858] [rl_env_node]: robot0_contact: [0.]
[INFO] [1785510347.008572806] [rl_env_node]: robot0_contact_force: [-2.8009074 -2.867703   1.6936327]
[INFO] [1785510347.008993939] [rl_env_node]: robot0_contact_torque: [ 2.137282  -2.7146523 -1.8716396]
[INFO] [1785510347.010900652] [rl_env_node]: wipe_centroid: [ 0.5535517  -0.09929457  0.19413471]
[INFO] [1785510347.011298125] [rl_env_node]: proportion_wiped: [0.5513186]
[INFO] [1785510347.011687287] [rl_env_node]: gripper_to_wipe_centroid: [-0.11582333 -0.23140407 -0.1919316 ]
[INFO] [1785510347.055336616] [rl_env_node]: cos(joint_pos): [ 0.99201447  0.93158805  0.99975437  0.17204691  0.7032779  -0.07272854
  0.407062  ]
[INFO] [1785510347.055908531] [rl_env_node]: sin(joint_pos): [-0.12612423  0.36351576  0.02216296 -0.98508877  0.710915    0.99735177
  0.91340053]
[INFO] [1785510347.056431313] [rl_env_node]: joint_pos: [-0.12646103  0.37203908  0.02216478 -1.3978891   0.7907984   1.6435891
  1.1515611 ]
[INFO] [1785510347.057036877] [rl_env_node]: joint_vel: [ 0.08519741  0.03222503  0.09507177  0.07201029 -0.6195489  -0.3775708
  0.03002691]
[INFO] [1785510347.057545240] [rl_env_node]: eef_pos: [0.669375   0.1321095  0.38606632]
[INFO] [1785510347.058074704] [rl_env_node]: eef_quat: [ 0.71310437 -0.582742   -0.24304534 -0.30466855]
[INFO] [1785510347.058568673] [rl_env_node]: eef_vel_lin: [0. 0. 0.]
[INFO] [1785510347.059035333] [rl_env_node]: eef_vel_ang: [0. 0. 0.]
[INFO] [1785510347.059481680] [rl_env_node]: robot0_contact: [0.]
[INFO] [1785510347.059986564] [rl_env_node]: robot0_contact_force: [-2.8009074 -2.867703   1.6936327]
[INFO] [1785510347.060493899] [rl_env_node]: robot0_contact_torque: [ 2.137282  -2.7146523 -1.8716396]
[INFO] [1785510347.060989407] [rl_env_node]: wipe_centroid: [ 0.5533193  -0.08870043  0.19409373]
[INFO] [1785510347.061470172] [rl_env_node]: proportion_wiped: [0.39130434]
[INFO] [1785510347.061969903] [rl_env_node]: gripper_to_wipe_centroid: [-0.11605573 -0.22080992 -0.19197258]
[INFO] [1785510347.105066567] [rl_env_node]: cos(joint_pos): [ 0.99201447  0.93158805  0.99975437  0.17204691  0.7032779  -0.07272854
  0.407062  ]
[INFO] [1785510347.105445098] [rl_env_node]: sin(joint_pos): [-0.12612423  0.36351576  0.02216296 -0.98508877  0.710915    0.99735177
  0.91340053]
[INFO] [1785510347.105804178] [rl_env_node]: joint_pos: [-0.12646103  0.37203908  0.02216478 -1.3978891   0.7907984   1.6435891
  1.1515611 ]
[INFO] [1785510347.106148022] [rl_env_node]: joint_vel: [ 0.08519741  0.03222503  0.09507177  0.07201029 -0.6195489  -0.3775708
  0.03002691]
[INFO] [1785510347.106477759] [rl_env_node]: eef_pos: [0.669375   0.1321095  0.38606632]
[INFO] [1785510347.106805294] [rl_env_node]: eef_quat: [ 0.71310437 -0.582742   -0.24304534 -0.30466855]
[INFO] [1785510347.107099871] [rl_env_node]: eef_vel_lin: [0. 0. 0.]
[INFO] [1785510347.107391823] [rl_env_node]: eef_vel_ang: [0. 0. 0.]
[INFO] [1785510347.107672826] [rl_env_node]: robot0_contact: [0.]
[INFO] [1785510347.108013567] [rl_env_node]: robot0_contact_force: [-2.8009074 -2.867703   1.6936327]
[INFO] [1785510347.108334150] [rl_env_node]: robot0_contact_torque: [ 2.137282  -2.7146523 -1.8716396]
[INFO] [1785510347.108653562] [rl_env_node]: wipe_centroid: [ 0.5533193  -0.08870043  0.19409373]
[INFO] [1785510347.108964124] [rl_env_node]: proportion_wiped: [0.39130434]
[INFO] [1785510347.109280139] [rl_env_node]: gripper_to_wipe_centroid: [-0.11605573 -0.22080992 -0.19197258]
[INFO] [1785510347.155399647] [rl_env_node]: cos(joint_pos): [ 0.99201447  0.93158805  0.99975437  0.17204691  0.7032779  -0.07272854
  0.407062  ]
[INFO] [1785510347.155985142] [rl_env_node]: sin(joint_pos): [-0.12612423  0.36351576  0.02216296 -0.98508877  0.710915    0.99735177
  0.91340053]
[INFO] [1785510347.156510921] [rl_env_node]: joint_pos: [-0.12646103  0.37203908  0.02216478 -1.3978891   0.7907984   1.6435891
  1.1515611 ]
[INFO] [1785510347.157014868] [rl_env_node]: joint_vel: [ 0.08519741  0.03222503  0.09507177  0.07201029 -0.6195489  -0.3775708
  0.03002691]
[INFO] [1785510347.157338842] [rl_env_node]: eef_pos: [0.669375   0.1321095  0.38606632]
[INFO] [1785510347.157659283] [rl_env_node]: eef_quat: [ 0.71310437 -0.582742   -0.24304534 -0.30466855]
[INFO] [1785510347.158067597] [rl_env_node]: eef_vel_lin: [0. 0. 0.]
[INFO] [1785510347.158402655] [rl_env_node]: eef_vel_ang: [0. 0. 0.]
[INFO] [1785510347.158721246] [rl_env_node]: robot0_contact: [0.]
[INFO] [1785510347.159074417] [rl_env_node]: robot0_contact_force: [-2.8009074 -2.867703   1.6936327]
[INFO] [1785510347.159431244] [rl_env_node]: robot0_contact_torque: [ 2.137282  -2.7146523 -1.8716396]
[INFO] [1785510347.159773147] [rl_env_node]: wipe_centroid: [ 0.5535284  -0.09823512  0.19413061]
[INFO] [1785510347.160120420] [rl_env_node]: proportion_wiped: [0.5534569]
[INFO] [1785510347.160457578] [rl_env_node]: gripper_to_wipe_centroid: [-0.11584657 -0.23034462 -0.1919357 ]
[INFO] [1785510347.205022333] [rl_env_node]: cos(joint_pos): [ 0.99201447  0.93158805  0.99975437  0.17204691  0.7032779  -0.07272854
  0.407062  ]
[INFO] [1785510347.205493641] [rl_env_node]: sin(joint_pos): [-0.12612423  0.36351576  0.02216296 -0.98508877  0.710915    0.99735177
  0.91340053]
[INFO] [1785510347.205864874] [rl_env_node]: joint_pos: [-0.12646103  0.37203908  0.02216478 -1.3978891   0.7907984   1.6435891
  1.1515611 ]
[INFO] [1785510347.206218440] [rl_env_node]: joint_vel: [ 0.08519741  0.03222503  0.09507177  0.07201029 -0.6195489  -0.3775708
  0.03002691]
[INFO] [1785510347.206588474] [rl_env_node]: eef_pos: [0.669375   0.1321095  0.38606632]
[INFO] [1785510347.206988051] [rl_env_node]: eef_quat: [ 0.71310437 -0.582742   -0.24304534 -0.30466855]
[INFO] [1785510347.207357102] [rl_env_node]: eef_vel_lin: [0. 0. 0.]
[INFO] [1785510347.207713769] [rl_env_node]: eef_vel_ang: [0. 0. 0.]
[INFO] [1785510347.208053222] [rl_env_node]: robot0_contact: [0.]
[INFO] [1785510347.208431232] [rl_env_node]: robot0_contact_force: [-2.8009074 -2.867703   1.6936327]
[INFO] [1785510347.208841449] [rl_env_node]: robot0_contact_torque: [ 2.137282  -2.7146523 -1.8716396]
[INFO] [1785510347.209345890] [rl_env_node]: wipe_centroid: [ 0.55334246 -0.0897598   0.19409783]
[INFO] [1785510347.209792389] [rl_env_node]: proportion_wiped: [0.42373484]
[INFO] [1785510347.210307036] [rl_env_node]: gripper_to_wipe_centroid: [-0.11603254 -0.22186929 -0.19196849]
[INFO] [1785510347.255125189] [rl_env_node]: cos(joint_pos): [ 0.99201447  0.93158805  0.99975437  0.17204691  0.7032779  -0.07272854
  0.407062  ]
[INFO] [1785510347.255641223] [rl_env_node]: sin(joint_pos): [-0.12612423  0.36351576  0.02216296 -0.98508877  0.710915    0.99735177
  0.91340053]
[INFO] [1785510347.256028386] [rl_env_node]: joint_pos: [-0.12646103  0.37203908  0.02216478 -1.3978891   0.7907984   1.6435891
  1.1515611 ]
[INFO] [1785510347.256388747] [rl_env_node]: joint_vel: [ 0.08519741  0.03222503  0.09507177  0.07201029 -0.6195489  -0.3775708
  0.03002691]
[INFO] [1785510347.256739932] [rl_env_node]: eef_pos: [0.669375   0.1321095  0.38606632]
[INFO] [1785510347.257088607] [rl_env_node]: eef_quat: [ 0.71310437 -0.582742   -0.24304534 -0.30466855]
[INFO] [1785510347.257503370] [rl_env_node]: eef_vel_lin: [0. 0. 0.]
[INFO] [1785510347.257832261] [rl_env_node]: eef_vel_ang: [0. 0. 0.]
[INFO] [1785510347.258133048] [rl_env_node]: robot0_contact: [0.]
[INFO] [1785510347.258482521] [rl_env_node]: robot0_contact_force: [-2.8009074 -2.867703   1.6936327]
[INFO] [1785510347.258831038] [rl_env_node]: robot0_contact_torque: [ 2.137282  -2.7146523 -1.8716396]
[INFO] [1785510347.259253965] [rl_env_node]: wipe_centroid: [ 0.5533193  -0.08870043  0.19409373]
[INFO] [1785510347.259637083] [rl_env_node]: proportion_wiped: [0.43086243]
[INFO] [1785510347.260009910] [rl_env_node]: gripper_to_wipe_centroid: [-0.11605573 -0.22080992 -0.19197258]
[INFO] [1785510347.305214656] [rl_env_node]: cos(joint_pos): [ 0.99201447  0.93158805  0.99975437  0.17204691  0.7032779  -0.07272854
  0.407062  ]
[INFO] [1785510347.305661806] [rl_env_node]: sin(joint_pos): [-0.12612423  0.36351576  0.02216296 -0.98508877  0.710915    0.99735177
  0.91340053]
[INFO] [1785510347.306059935] [rl_env_node]: joint_pos: [-0.12646103  0.37203908  0.02216478 -1.3978891   0.7907984   1.6435891
  1.1515611 ]
[INFO] [1785510347.306496315] [rl_env_node]: joint_vel: [ 0.08519741  0.03222503  0.09507177  0.07201029 -0.6195489  -0.3775708
  0.03002691]
[INFO] [1785510347.306931787] [rl_env_node]: eef_pos: [0.669375   0.1321095  0.38606632]
[INFO] [1785510347.307302370] [rl_env_node]: eef_quat: [ 0.71310437 -0.582742   -0.24304534 -0.30466855]
[INFO] [1785510347.307636548] [rl_env_node]: eef_vel_lin: [0. 0. 0.]
[INFO] [1785510347.307973115] [rl_env_node]: eef_vel_ang: [0. 0. 0.]
[INFO] [1785510347.308296853] [rl_env_node]: robot0_contact: [0.]
[INFO] [1785510347.308763190] [rl_env_node]: robot0_contact_force: [-2.8009074 -2.867703   1.6936327]
[INFO] [1785510347.309108991] [rl_env_node]: robot0_contact_torque: [ 2.137282  -2.7146523 -1.8716396]
[INFO] [1785510347.309445371] [rl_env_node]: wipe_centroid: [ 0.5533193  -0.08870043  0.19409373]
[INFO] [1785510347.309779336] [rl_env_node]: proportion_wiped: [0.43086243]
[INFO] [1785510347.310118185] [rl_env_node]: gripper_to_wipe_centroid: [-0.11605573 -0.22080992 -0.19197258]
[INFO] [1785510347.355344081] [rl_env_node]: cos(joint_pos): [ 0.99201447  0.93158805  0.99975437  0.17204691  0.7032779  -0.07272854
  0.407062  ]
[INFO] [1785510347.356465438] [rl_env_node]: sin(joint_pos): [-0.12612423  0.36351576  0.02216296 -0.98508877  0.710915    0.99735177
  0.91340053]
[INFO] [1785510347.356887092] [rl_env_node]: joint_pos: [-0.12646103  0.37203908  0.02216478 -1.3978891   0.7907984   1.6435891
  1.1515611 ]
[INFO] [1785510347.357281626] [rl_env_node]: joint_vel: [ 0.08519741  0.03222503  0.09507177  0.07201029 -0.6195489  -0.3775708
  0.03002691]
[INFO] [1785510347.357659211] [rl_env_node]: eef_pos: [0.669375   0.1321095  0.38606632]
[INFO] [1785510347.358107132] [rl_env_node]: eef_quat: [ 0.71310437 -0.582742   -0.24304534 -0.30466855]
[INFO] [1785510347.358425642] [rl_env_node]: eef_vel_lin: [0. 0. 0.]
[INFO] [1785510347.358735834] [rl_env_node]: eef_vel_ang: [0. 0. 0.]
[INFO] [1785510347.359033887] [rl_env_node]: robot0_contact: [0.]
[INFO] [1785510347.359372027] [rl_env_node]: robot0_contact_force: [-2.8009074 -2.867703   1.6936327]
[INFO] [1785510347.359704334] [rl_env_node]: robot0_contact_torque: [ 2.137282  -2.7146523 -1.8716396]
[INFO] [1785510347.360168428] [rl_env_node]: wipe_centroid: [ 0.5535052  -0.09717568  0.19412652]
[INFO] [1785510347.360528449] [rl_env_node]: proportion_wiped: [0.5014255]
[INFO] [1785510347.360894343] [rl_env_node]: gripper_to_wipe_centroid: [-0.11586982 -0.22928518 -0.1919398 ]
[INFO] [1785510347.405147198] [rl_env_node]: cos(joint_pos): [ 0.99201447  0.93158805  0.99975437  0.17204691  0.7032779  -0.07272854
  0.407062  ]
[INFO] [1785510347.405546293] [rl_env_node]: sin(joint_pos): [-0.12612423  0.36351576  0.02216296 -0.98508877  0.710915    0.99735177
  0.91340053]
[INFO] [1785510347.405914630] [rl_env_node]: joint_pos: [-0.12646103  0.37203908  0.02216478 -1.3978891   0.7907984   1.6435891
  1.1515611 ]
[INFO] [1785510347.406378910] [rl_env_node]: joint_vel: [ 0.08519741  0.03222503  0.09507177  0.07201029 -0.6195489  -0.3775708
  0.03002691]
[INFO] [1785510347.406785627] [rl_env_node]: eef_pos: [0.669375   0.1321095  0.38606632]
[INFO] [1785510347.407221557] [rl_env_node]: eef_quat: [ 0.71310437 -0.582742   -0.24304534 -0.30466855]
[INFO] [1785510347.407679421] [rl_env_node]: eef_vel_lin: [0. 0. 0.]
[INFO] [1785510347.408167409] [rl_env_node]: eef_vel_ang: [0. 0. 0.]
[INFO] [1785510347.408600413] [rl_env_node]: robot0_contact: [0.]
[INFO] [1785510347.409087528] [rl_env_node]: robot0_contact_force: [-2.8009074 -2.867703   1.6936327]
[INFO] [1785510347.409581799] [rl_env_node]: robot0_contact_torque: [ 2.137282  -2.7146523 -1.8716396]
[INFO] [1785510347.410075750] [rl_env_node]: wipe_centroid: [ 0.5533193  -0.08870043  0.19409373]
[INFO] [1785510347.410557187] [rl_env_node]: proportion_wiped: [0.41732004]
[INFO] [1785510347.410920531] [rl_env_node]: gripper_to_wipe_centroid: [-0.11605573 -0.22080992 -0.19197258]

