Raw delta pos: [ 0.25706863 -0.97676176  0.78752375]
Safe target pos: [0.53383786 0.00932256 0.24633616]
Target orientation (quat): [ 0.57222428 -0.47136652 -0.42197543 -0.52183303]
Stiffness (Kp_pos diag): [161.43326352340614, 133.9304750103279, 134.57620064184349]
--------------------------
[INFO] [1785517759.155253065] [rl_env_node]: cos(joint_pos): [ 0.95629835  0.90294266  0.99846697 -0.4013944   0.44262952  0.15132514
  0.25044957]
[INFO] [1785517759.155694795] [rl_env_node]: sin(joint_pos): [-0.29239267  0.42976105 -0.05535101 -0.9159053   0.8967046   0.988484
  0.96812963]
[INFO] [1785517759.156103005] [rl_env_node]: joint_pos: [-0.2967279   0.4442281  -0.05537931 -1.9838351   1.1122674   1.4188876
  1.3176517 ]
[INFO] [1785517759.156508971] [rl_env_node]: joint_vel: [ 0.02570271  0.0269652  -0.03582337 -0.08520825  0.12731034 -0.38311562
  0.69667387]
[INFO] [1785517759.156860475] [rl_env_node]: eef_pos: [0.50452039 0.1998044  0.20058507]
[INFO] [1785517759.157218501] [rl_env_node]: eef_quat: [ 0.5986053  -0.488156   -0.45148966 -0.44669062]
[INFO] [1785517759.157554664] [rl_env_node]: eef_vel_lin: [0. 0. 0.]
[INFO] [1785517759.157863492] [rl_env_node]: eef_vel_ang: [0. 0. 0.]
[INFO] [1785517759.158164821] [rl_env_node]: robot0_contact: [0.]
[INFO] [1785517759.158561867] [rl_env_node]: robot0_contact_force: [-0.6226645  0.9049638  2.0867248]
[INFO] [1785517759.158925167] [rl_env_node]: robot0_contact_torque: [-0.09391824 -1.1830027   0.3987708 ]
[INFO] [1785517759.159296007] [rl_env_node]: wipe_centroid: [ 0.66469175  0.01183457 -0.01214187]
[INFO] [1785517759.159603041] [rl_env_node]: proportion_wiped: [0.]
[INFO] [1785517759.159954739] [rl_env_node]: gripper_to_wipe_centroid: [ 0.16017136 -0.18796983 -0.21272694]
[INFO] [1785517759.161650532] [rl_env_node]: 
--- ACTION DIAGNOSTICS ---
Raw delta pos: [ 0.25706863 -0.97676176  0.78752375]
Safe target pos: [0.53383786 0.00932256 0.24633616]
Target orientation (quat): [ 0.57222428 -0.47136652 -0.42197543 -0.52183303]
Stiffness (Kp_pos diag): [161.43326352340614, 133.9304750103279, 134.57620064184349]
--------------------------
[INFO] [1785517759.205204614] [rl_env_node]: cos(joint_pos): [ 0.95629835  0.90294266  0.99846697 -0.4013944   0.44262952  0.15132514
  0.25044957]
[INFO] [1785517759.205583065] [rl_env_node]: sin(joint_pos): [-0.29239267  0.42976105 -0.05535101 -0.9159053   0.8967046   0.988484
  0.96812963]
[INFO] [1785517759.205975064] [rl_env_node]: joint_pos: [-0.2967279   0.4442281  -0.05537931 -1.9838351   1.1122674   1.4188876
  1.3176517 ]
[INFO] [1785517759.206390810] [rl_env_node]: joint_vel: [ 0.02570271  0.0269652  -0.03582337 -0.08520825  0.12731034 -0.38311562
  0.69667387]
[INFO] [1785517759.206810446] [rl_env_node]: eef_pos: [0.50452039 0.1998044  0.20058507]
[INFO] [1785517759.207148602] [rl_env_node]: eef_quat: [ 0.5986053  -0.488156   -0.45148966 -0.44669062]
[INFO] [1785517759.207472513] [rl_env_node]: eef_vel_lin: [0. 0. 0.]
[INFO] [1785517759.207857367] [rl_env_node]: eef_vel_ang: [0. 0. 0.]
[INFO] [1785517759.208174669] [rl_env_node]: robot0_contact: [0.]
[INFO] [1785517759.208540676] [rl_env_node]: robot0_contact_force: [-0.6226645  0.9049638  2.0867248]
[INFO] [1785517759.208902351] [rl_env_node]: robot0_contact_torque: [-0.09391824 -1.1830027   0.3987708 ]
[INFO] [1785517759.209259707] [rl_env_node]: wipe_centroid: [ 0.66469175  0.01183457 -0.01214187]
[INFO] [1785517759.209608054] [rl_env_node]: proportion_wiped: [0.]
[INFO] [1785517759.209921164] [rl_env_node]: gripper_to_wipe_centroid: [ 0.16017136 -0.18796983 -0.21272694]
[INFO] [1785517759.211558274] [rl_env_node]: 
--- ACTION DIAGNOSTICS ---
Raw delta pos: [ 0.25706863 -0.97676176  0.78752375]
Safe target pos: [0.53383786 0.00932256 0.24633616]
Target orientation (quat): [ 0.57222428 -0.47136652 -0.42197543 -0.52183303]
Stiffness (Kp_pos diag): [161.43326352340614, 133.9304750103279, 134.57620064184349]
--------------------------
[INFO] [1785517759.255146387] [rl_env_node]: cos(joint_pos): [ 0.95629835  0.90294266  0.99846697 -0.4013944   0.44262952  0.15132514
  0.25044957]
[INFO] [1785517759.255531602] [rl_env_node]: sin(joint_pos): [-0.29239267  0.42976105 -0.05535101 -0.9159053   0.8967046   0.988484
  0.96812963]
[INFO] [1785517759.255890336] [rl_env_node]: joint_pos: [-0.2967279   0.4442281  -0.05537931 -1.9838351   1.1122674   1.4188876
  1.3176517 ]
[INFO] [1785517759.256262347] [rl_env_node]: joint_vel: [ 0.02570271  0.0269652  -0.03582337 -0.08520825  0.12731034 -0.38311562
  0.69667387]
[INFO] [1785517759.256585428] [rl_env_node]: eef_pos: [0.50452039 0.1998044  0.20058507]
[INFO] [1785517759.256911288] [rl_env_node]: eef_quat: [ 0.5986053  -0.488156   -0.45148966 -0.44669062]
[INFO] [1785517759.257205861] [rl_env_node]: eef_vel_lin: [0. 0. 0.]
[INFO] [1785517759.257496442] [rl_env_node]: eef_vel_ang: [0. 0. 0.]
[INFO] [1785517759.257778712] [rl_env_node]: robot0_contact: [0.]
[INFO] [1785517759.258099294] [rl_env_node]: robot0_contact_force: [-0.6226645  0.9049638  2.0867248]
[INFO] [1785517759.258418573] [rl_env_node]: robot0_contact_torque: [-0.09391824 -1.1830027   0.3987708 ]
[INFO] [1785517759.258735878] [rl_env_node]: wipe_centroid: [ 0.66469175  0.01183457 -0.01214187]
[INFO] [1785517759.259017739] [rl_env_node]: proportion_wiped: [0.]
[INFO] [1785517759.259331769] [rl_env_node]: gripper_to_wipe_centroid: [ 0.16017136 -0.18796983 -0.21272694]
[INFO] [1785517759.260980072] [rl_env_node]: 
--- ACTION DIAGNOSTICS ---
Raw delta pos: [ 0.25706863 -0.97676176  0.78752375]
Safe target pos: [0.53383786 0.00932256 0.24633616]
Target orientation (quat): [ 0.57222428 -0.47136652 -0.42197543 -0.52183303]
Stiffness (Kp_pos diag): [161.43326352340614, 133.9304750103279, 134.57620064184349]
--------------------------
[INFO] [1785517759.305352695] [rl_env_node]: cos(joint_pos): [ 0.95629835  0.90294266  0.99846697 -0.4013944   0.44262952  0.15132514
  0.25044957]
[INFO] [1785517759.305832998] [rl_env_node]: sin(joint_pos): [-0.29239267  0.42976105 -0.05535101 -0.9159053   0.8967046   0.988484
  0.96812963]
[INFO] [1785517759.306246423] [rl_env_node]: joint_pos: [-0.2967279   0.4442281  -0.05537931 -1.9838351   1.1122674   1.4188876
  1.3176517 ]
[INFO] [1785517759.306598556] [rl_env_node]: joint_vel: [ 0.02570271  0.0269652  -0.03582337 -0.08520825  0.12731034 -0.38311562
  0.69667387]
[INFO] [1785517759.306910684] [rl_env_node]: eef_pos: [0.50452039 0.1998044  0.20058507]
[INFO] [1785517759.307226716] [rl_env_node]: eef_quat: [ 0.5986053  -0.488156   -0.45148966 -0.44669062]
[INFO] [1785517759.307508961] [rl_env_node]: eef_vel_lin: [0. 0. 0.]
[INFO] [1785517759.307800486] [rl_env_node]: eef_vel_ang: [0. 0. 0.]
[INFO] [1785517759.308073381] [rl_env_node]: robot0_contact: [0.]
[INFO] [1785517759.308384186] [rl_env_node]: robot0_contact_force: [-0.6226645  0.9049638  2.0867248]
[INFO] [1785517759.308694789] [rl_env_node]: robot0_contact_torque: [-0.09391824 -1.1830027   0.3987708 ]
[INFO] [1785517759.309005417] [rl_env_node]: wipe_centroid: [ 0.66469175  0.01183457 -0.01214187]
[INFO] [1785517759.309280008] [rl_env_node]: proportion_wiped: [0.]
[INFO] [1785517759.309583929] [rl_env_node]: gripper_to_wipe_centroid: [ 0.16017136 -0.18796983 -0.21272694]
[INFO] [1785517759.311222036] [rl_env_node]: 
--- ACTION DIAGNOSTICS ---
Raw delta pos: [ 0.25706863 -0.97676176  0.78752375]
Safe target pos: [0.53383786 0.00932256 0.24633616]
Target orientation (quat): [ 0.57222428 -0.47136652 -0.42197543 -0.52183303]
Stiffness (Kp_pos diag): [161.43326352340614, 133.9304750103279, 134.57620064184349]
--------------------------
[INFO] [1785517759.355340917] [rl_env_node]: cos(joint_pos): [ 0.95629835  0.90294266  0.99846697 -0.4013944   0.44262952  0.15132514
  0.25044957]
[INFO] [1785517759.355692510] [rl_env_node]: sin(joint_pos): [-0.29239267  0.42976105 -0.05535101 -0.9159053   0.8967046   0.988484
  0.96812963]
[INFO] [1785517759.356034468] [rl_env_node]: joint_pos: [-0.2967279   0.4442281  -0.05537931 -1.9838351   1.1122674   1.4188876
  1.3176517 ]
[INFO] [1785517759.356360105] [rl_env_node]: joint_vel: [ 0.02570271  0.0269652  -0.03582337 -0.08520825  0.12731034 -0.38311562
  0.69667387]
[INFO] [1785517759.356685955] [rl_env_node]: eef_pos: [0.50452039 0.1998044  0.20058507]
[INFO] [1785517759.356999044] [rl_env_node]: eef_quat: [ 0.5986053  -0.488156   -0.45148966 -0.44669062]
[INFO] [1785517759.357280836] [rl_env_node]: eef_vel_lin: [0. 0. 0.]
[INFO] [1785517759.357561082] [rl_env_node]: eef_vel_ang: [0. 0. 0.]
[INFO] [1785517759.357831532] [rl_env_node]: robot0_contact: [0.]
[INFO] [1785517759.358138719] [rl_env_node]: robot0_contact_force: [-0.6226645  0.9049638  2.0867248]
[INFO] [1785517759.358445024] [rl_env_node]: robot0_contact_torque: [-0.09391824 -1.1830027   0.3987708 ]
[INFO] [1785517759.358751553] [rl_env_node]: wipe_centroid: [ 0.66469175  0.01183457 -0.01214187]
[INFO] [1785517759.359022721] [rl_env_node]: proportion_wiped: [0.]
[INFO] [1785517759.359323853] [rl_env_node]: gripper_to_wipe_centroid: [ 0.16017136 -0.18796983 -0.21272694]
[INFO] [1785517759.360879537] [rl_env_node]: 
--- ACTION DIAGNOSTICS ---
Raw delta pos: [ 0.25706863 -0.97676176  0.78752375]
Safe target pos: [0.53383786 0.00932256 0.24633616]
Target orientation (quat): [ 0.57222428 -0.47136652 -0.42197543 -0.52183303]
Stiffness (Kp_pos diag): [161.43326352340614, 133.9304750103279, 134.57620064184349]
--------------------------
[INFO] [1785517759.405510433] [rl_env_node]: cos(joint_pos): [ 0.95629835  0.90294266  0.99846697 -0.4013944   0.44262952  0.15132514
  0.25044957]
[INFO] [1785517759.406074189] [rl_env_node]: sin(joint_pos): [-0.29239267  0.42976105 -0.05535101 -0.9159053   0.8967046   0.988484
  0.96812963]
[INFO] [1785517759.406598137] [rl_env_node]: joint_pos: [-0.2967279   0.4442281  -0.05537931 -1.9838351   1.1122674   1.4188876
  1.3176517 ]
[INFO] [1785517759.407109918] [rl_env_node]: joint_vel: [ 0.02570271  0.0269652  -0.03582337 -0.08520825  0.12731034 -0.38311562
  0.69667387]
[INFO] [1785517759.407601255] [rl_env_node]: eef_pos: [0.50452039 0.1998044  0.20058507]
[INFO] [1785517759.408116718] [rl_env_node]: eef_quat: [ 0.5986053  -0.488156   -0.45148966 -0.44669062]
[INFO] [1785517759.408567853] [rl_env_node]: eef_vel_lin: [0. 0. 0.]
[INFO] [1785517759.409023663] [rl_env_node]: eef_vel_ang: [0. 0. 0.]
[INFO] [1785517759.409460361] [rl_env_node]: robot0_contact: [0.]
[INFO] [1785517759.409953203] [rl_env_node]: robot0_contact_force: [-0.6226645  0.9049638  2.0867248]
[INFO] [1785517759.410447534] [rl_env_node]: robot0_contact_torque: [-0.09391824 -1.1830027   0.3987708 ]
[INFO] [1785517759.410941792] [rl_env_node]: wipe_centroid: [ 0.66469175  0.01183457 -0.01214187]
[INFO] [1785517759.411362130] [rl_env_node]: proportion_wiped: [0.]
[INFO] [1785517759.411857851] [rl_env_node]: gripper_to_wipe_centroid: [ 0.16017136 -0.18796983 -0.21272694]
[INFO] [1785517759.413909344] [rl_env_node]: 
--- ACTION DIAGNOSTICS ---
Raw delta pos: [ 0.25706863 -0.97676176  0.78752375]
Safe target pos: [0.53383786 0.00932256 0.24633616]
Target orientation (quat): [ 0.57222428 -0.47136652 -0.42197543 -0.52183303]
Stiffness (Kp_pos diag): [161.43326352340614, 133.9304750103279, 134.57620064184349]
--------------------------
[INFO] [1785517759.455149604] [rl_env_node]: cos(joint_pos): [ 0.95629835  0.90294266  0.99846697 -0.4013944   0.44262952  0.15132514
  0.25044957]
[INFO] [1785517759.455501175] [rl_env_node]: sin(joint_pos): [-0.29239267  0.42976105 -0.05535101 -0.9159053   0.8967046   0.988484
  0.96812963]
[INFO] [1785517759.455869867] [rl_env_node]: joint_pos: [-0.2967279   0.4442281  -0.05537931 -1.9838351   1.1122674   1.4188876
  1.3176517 ]
[INFO] [1785517759.456200465] [rl_env_node]: joint_vel: [ 0.02570271  0.0269652  -0.03582337 -0.08520825  0.12731034 -0.38311562
  0.69667387]
[INFO] [1785517759.456510866] [rl_env_node]: eef_pos: [0.50452039 0.1998044  0.20058507]
[INFO] [1785517759.456826869] [rl_env_node]: eef_quat: [ 0.5986053  -0.488156   -0.45148966 -0.44669062]
[INFO] [1785517759.457109563] [rl_env_node]: eef_vel_lin: [0. 0. 0.]
[INFO] [1785517759.457428041] [rl_env_node]: eef_vel_ang: [0. 0. 0.]
[INFO] [1785517759.457703250] [rl_env_node]: robot0_contact: [0.]
[INFO] [1785517759.458015599] [rl_env_node]: robot0_contact_force: [-0.6226645  0.9049638  2.0867248]
[INFO] [1785517759.458349359] [rl_env_node]: robot0_contact_torque: [-0.09391824 -1.1830027   0.3987708 ]
[INFO] [1785517759.458660524] [rl_env_node]: wipe_centroid: [ 0.66469175  0.01183457 -0.01214187]
[INFO] [1785517759.458936098] [rl_env_node]: proportion_wiped: [0.]
[INFO] [1785517759.459240860] [rl_env_node]: gripper_to_wipe_centroid: [ 0.16017136 -0.18796983 -0.21272694]
[INFO] [1785517759.460695766] [rl_env_node]: 
--- ACTION DIAGNOSTICS ---
Raw delta pos: [ 0.25706863 -0.97676176  0.78752375]
Safe target pos: [0.53383786 0.00932256 0.24633616]
Target orientation (quat): [ 0.57222428 -0.47136652 -0.42197543 -0.52183303]
Stiffness (Kp_pos diag): [161.43326352340614, 133.9304750103279, 134.57620064184349]
--------------------------
[INFO] [1785517759.505251516] [rl_env_node]: cos(joint_pos): [ 0.95629835  0.90294266  0.99846697 -0.4013944   0.44262952  0.15132514
  0.25044957]
[INFO] [1785517759.505664891] [rl_env_node]: sin(joint_pos): [-0.29239267  0.42976105 -0.05535101 -0.9159053   0.8967046   0.988484
  0.96812963]
[INFO] [1785517759.506052369] [rl_env_node]: joint_pos: [-0.2967279   0.4442281  -0.05537931 -1.9838351   1.1122674   1.4188876
  1.3176517 ]
[INFO] [1785517759.506422724] [rl_env_node]: joint_vel: [ 0.02570271  0.0269652  -0.03582337 -0.08520825  0.12731034 -0.38311562
  0.69667387]
[INFO] [1785517759.506774149] [rl_env_node]: eef_pos: [0.50452039 0.1998044  0.20058507]
[INFO] [1785517759.507146806] [rl_env_node]: eef_quat: [ 0.5986053  -0.488156   -0.45148966 -0.44669062]
[INFO] [1785517759.507467535] [rl_env_node]: eef_vel_lin: [0. 0. 0.]
[INFO] [1785517759.507802827] [rl_env_node]: eef_vel_ang: [0. 0. 0.]
[INFO] [1785517759.508126646] [rl_env_node]: robot0_contact: [0.]
[INFO] [1785517759.508477699] [rl_env_node]: robot0_contact_force: [-0.6226645  0.9049638  2.0867248]
[INFO] [1785517759.508845542] [rl_env_node]: robot0_contact_torque: [-0.09391824 -1.1830027   0.3987708 ]
[INFO] [1785517759.509204568] [rl_env_node]: wipe_centroid: [ 0.66469175  0.01183457 -0.01214187]
[INFO] [1785517759.509496475] [rl_env_node]: proportion_wiped: [0.]
[INFO] [1785517759.509855802] [rl_env_node]: gripper_to_wipe_centroid: [ 0.16017136 -0.18796983 -0.21272694]
[INFO] [1785517759.511476698] [rl_env_node]: 
--- ACTION DIAGNOSTICS ---
Raw delta pos: [ 0.25706863 -0.97676176  0.78752375]
Safe target pos: [0.53383786 0.00932256 0.24633616]
Target orientation (quat): [ 0.57222428 -0.47136652 -0.42197543 -0.52183303]
Stiffness (Kp_pos diag): [161.43326352340614, 133.9304750103279, 134.57620064184349]
--------------------------
[INFO] [1785517759.555304703] [rl_env_node]: cos(joint_pos): [ 0.95629835  0.90294266  0.99846697 -0.4013944   0.44262952  0.15132514
  0.25044957]
[INFO] [1785517759.555714098] [rl_env_node]: sin(joint_pos): [-0.29239267  0.42976105 -0.05535101 -0.9159053   0.8967046   0.988484
  0.96812963]
[INFO] [1785517759.556097416] [rl_env_node]: joint_pos: [-0.2967279   0.4442281  -0.05537931 -1.9838351   1.1122674   1.4188876
  1.3176517 ]
[INFO] [1785517759.556486864] [rl_env_node]: joint_vel: [ 0.02570271  0.0269652  -0.03582337 -0.08520825  0.12731034 -0.38311562
  0.69667387]
[INFO] [1785517759.556848361] [rl_env_node]: eef_pos: [0.50452039 0.1998044  0.20058507]
[INFO] [1785517759.557228078] [rl_env_node]: eef_quat: [ 0.5986053  -0.488156   -0.45148966 -0.44669062]
[INFO] [1785517759.557572579] [rl_env_node]: eef_vel_lin: [0. 0. 0.]
[INFO] [1785517759.557896654] [rl_env_node]: eef_vel_ang: [0. 0. 0.]
[INFO] [1785517759.558206638] [rl_env_node]: robot0_contact: [0.]
[INFO] [1785517759.558601139] [rl_env_node]: robot0_contact_force: [-0.6226645  0.9049638  2.0867248]
[INFO] [1785517759.558939809] [rl_env_node]: robot0_contact_torque: [-0.09391824 -1.1830027   0.3987708 ]
[INFO] [1785517759.559279669] [rl_env_node]: wipe_centroid: [ 0.66469175  0.01183457 -0.01214187]
[INFO] [1785517759.559593799] [rl_env_node]: proportion_wiped: [0.]
[INFO] [1785517759.559966455] [rl_env_node]: gripper_to_wipe_centroid: [ 0.16017136 -0.18796983 -0.21272694]
[INFO] [1785517759.561503219] [rl_env_node]: 
--- ACTION DIAGNOSTICS ---
Raw delta pos: [ 0.25706863 -0.97676176  0.78752375]
Safe target pos: [0.53383786 0.00932256 0.24633616]
Target orientation (quat): [ 0.57222428 -0.47136652 -0.42197543 -0.52183303]
Stiffness (Kp_pos diag): [161.43326352340614, 133.9304750103279, 134.57620064184349]
--------------------------
[INFO] [1785517759.605131668] [rl_env_node]: cos(joint_pos): [ 0.95629835  0.90294266  0.99846697 -0.4013944   0.44262952  0.15132514
  0.25044957]
[INFO] [1785517759.605608659] [rl_env_node]: sin(joint_pos): [-0.29239267  0.42976105 -0.05535101 -0.9159053   0.8967046   0.988484
  0.96812963]
[INFO] [1785517759.606058599] [rl_env_node]: joint_pos: [-0.2967279   0.4442281  -0.05537931 -1.9838351   1.1122674   1.4188876
  1.3176517 ]
[INFO] [1785517759.606507925] [rl_env_node]: joint_vel: [ 0.02570271  0.0269652  -0.03582337 -0.08520825  0.12731034 -0.38311562
  0.69667387]
[INFO] [1785517759.606934269] [rl_env_node]: eef_pos: [0.50452039 0.1998044  0.20058507]
[INFO] [1785517759.607368067] [rl_env_node]: eef_quat: [ 0.5986053  -0.488156   -0.45148966 -0.44669062]
[INFO] [1785517759.607757478] [rl_env_node]: eef_vel_lin: [0. 0. 0.]
[INFO] [1785517759.608155271] [rl_env_node]: eef_vel_ang: [0. 0. 0.]
[INFO] [1785517759.608528083] [rl_env_node]: robot0_contact: [0.]
[INFO] [1785517759.608949930] [rl_env_node]: robot0_contact_force: [-0.6226645  0.9049638  2.0867248]
[INFO] [1785517759.609374116] [rl_env_node]: robot0_contact_torque: [-0.09391824 -1.1830027   0.3987708 ]
[INFO] [1785517759.609798150] [rl_env_node]: wipe_centroid: [ 0.66469175  0.01183457 -0.01214187]
[INFO] [1785517759.610175725] [rl_env_node]: proportion_wiped: [0.]
[INFO] [1785517759.610593651] [rl_env_node]: gripper_to_wipe_centroid: [ 0.16017136 -0.18796983 -0.21272694]
[INFO] [1785517759.612437452] [rl_env_node]: 
--- ACTION DIAGNOSTICS ---
Raw delta pos: [ 0.25706863 -0.97676176  0.78752375]
Safe target pos: [0.53383786 0.00932256 0.24633616]
Target orientation (quat): [ 0.57222428 -0.47136652 -0.42197543 -0.52183303]
Stiffness (Kp_pos diag): [161.43326352340614, 133.9304750103279, 134.57620064184349]
--------------------------
[INFO] [1785517759.655234636] [rl_env_node]: cos(joint_pos): [ 0.95629835  0.90294266  0.99846697 -0.4013944   0.44262952  0.15132514
  0.25044957]
[INFO] [1785517759.655627931] [rl_env_node]: sin(joint_pos): [-0.29239267  0.42976105 -0.05535101 -0.9159053   0.8967046   0.988484
  0.96812963]
[INFO] [1785517759.656006851] [rl_env_node]: joint_pos: [-0.2967279   0.4442281  -0.05537931 -1.9838351   1.1122674   1.4188876
  1.3176517 ]
[INFO] [1785517759.656397105] [rl_env_node]: joint_vel: [ 0.02570271  0.0269652  -0.03582337 -0.08520825  0.12731034 -0.38311562
  0.69667387]
[INFO] [1785517759.656767875] [rl_env_node]: eef_pos: [0.50452039 0.1998044  0.20058507]
[INFO] [1785517759.657173223] [rl_env_node]: eef_quat: [ 0.5986053  -0.488156   -0.45148966 -0.44669062]
[INFO] [1785517759.657548151] [rl_env_node]: eef_vel_lin: [0. 0. 0.]
[INFO] [1785517759.657901124] [rl_env_node]: eef_vel_ang: [0. 0. 0.]
[INFO] [1785517759.658226929] [rl_env_node]: robot0_contact: [0.]
[INFO] [1785517759.658593408] [rl_env_node]: robot0_contact_force: [-0.6226645  0.9049638  2.0867248]
[INFO] [1785517759.658929406] [rl_env_node]: robot0_contact_torque: [-0.09391824 -1.1830027   0.3987708 ]
[INFO] [1785517759.659263119] [rl_env_node]: wipe_centroid: [ 0.66469175  0.01183457 -0.01214187]
[INFO] [1785517759.659589623] [rl_env_node]: proportion_wiped: [0.]
[INFO] [1785517759.659941163] [rl_env_node]: gripper_to_wipe_centroid: [ 0.16017136 -0.18796983 -0.21272694]
[INFO] [1785517759.661424683] [rl_env_node]: 
--- ACTION DIAGNOSTICS ---
Raw delta pos: [ 0.25706863 -0.97676176  0.78752375]
Safe target pos: [0.53383786 0.00932256 0.24633616]
Target orientation (quat): [ 0.57222428 -0.47136652 -0.42197543 -0.52183303]
Stiffness (Kp_pos diag): [161.43326352340614, 133.9304750103279, 134.57620064184349]
--------------------------
[INFO] [1785517759.705131198] [rl_env_node]: cos(joint_pos): [ 0.95629835  0.90294266  0.99846697 -0.4013944   0.44262952  0.15132514
  0.25044957]
[INFO] [1785517759.705508287] [rl_env_node]: sin(joint_pos): [-0.29239267  0.42976105 -0.05535101 -0.9159053   0.8967046   0.988484
  0.96812963]
[INFO] [1785517759.705845023] [rl_env_node]: joint_pos: [-0.2967279   0.4442281  -0.05537931 -1.9838351   1.1122674   1.4188876
  1.3176517 ]
[INFO] [1785517759.706181677] [rl_env_node]: joint_vel: [ 0.02570271  0.0269652  -0.03582337 -0.08520825  0.12731034 -0.38311562
  0.69667387]
[INFO] [1785517759.706499233] [rl_env_node]: eef_pos: [0.50452039 0.1998044  0.20058507]
[INFO] [1785517759.706820202] [rl_env_node]: eef_quat: [ 0.5986053  -0.488156   -0.45148966 -0.44669062]
[INFO] [1785517759.707110406] [rl_env_node]: eef_vel_lin: [0. 0. 0.]
[INFO] [1785517759.707398003] [rl_env_node]: eef_vel_ang: [0. 0. 0.]
[INFO] [1785517759.707678351] [rl_env_node]: robot0_contact: [0.]
[INFO] [1785517759.708005863] [rl_env_node]: robot0_contact_force: [-0.6226645  0.9049638  2.0867248]
[INFO] [1785517759.708324416] [rl_env_node]: robot0_contact_torque: [-0.09391824 -1.1830027   0.3987708 ]
[INFO] [1785517759.708641225] [rl_env_node]: wipe_centroid: [ 0.66469175  0.01183457 -0.01214187]
[INFO] [1785517759.708920496] [rl_env_node]: proportion_wiped: [0.]
[INFO] [1785517759.709230617] [rl_env_node]: gripper_to_wipe_centroid: [ 0.16017136 -0.18796983 -0.21272694]
[INFO] [1785517759.710647204] [rl_env_node]: 
--- ACTION DIAGNOSTICS ---
Raw delta pos: [ 0.25706863 -0.97676176  0.78752375]
Safe target pos: [0.53383786 0.00932256 0.24633616]
Target orientation (quat): [ 0.57222428 -0.47136652 -0.42197543 -0.52183303]
Stiffness (Kp_pos diag): [161.43326352340614, 133.9304750103279, 134.57620064184349]
--------------------------
[INFO] [1785517759.755249304] [rl_env_node]: cos(joint_pos): [ 0.95629835  0.90294266  0.99846697 -0.4013944   0.44262952  0.15132514
  0.25044957]
[INFO] [1785517759.755641396] [rl_env_node]: sin(joint_pos): [-0.29239267  0.42976105 -0.05535101 -0.9159053   0.8967046   0.988484
  0.96812963]
[INFO] [1785517759.756029360] [rl_env_node]: joint_pos: [-0.2967279   0.4442281  -0.05537931 -1.9838351   1.1122674   1.4188876
  1.3176517 ]
[INFO] [1785517759.756408018] [rl_env_node]: joint_vel: [ 0.02570271  0.0269652  -0.03582337 -0.08520825  0.12731034 -0.38311562
  0.69667387]
[INFO] [1785517759.756767235] [rl_env_node]: eef_pos: [0.50452039 0.1998044  0.20058507]
[INFO] [1785517759.757131089] [rl_env_node]: eef_quat: [ 0.5986053  -0.488156   -0.45148966 -0.44669062]
[INFO] [1785517759.757460335] [rl_env_node]: eef_vel_lin: [0. 0. 0.]
[INFO] [1785517759.757768757] [rl_env_node]: eef_vel_ang: [0. 0. 0.]
[INFO] [1785517759.758069560] [rl_env_node]: robot0_contact: [0.]
[INFO] [1785517759.758420137] [rl_env_node]: robot0_contact_force: [-0.6226645  0.9049638  2.0867248]
[INFO] [1785517759.758760485] [rl_env_node]: robot0_contact_torque: [-0.09391824 -1.1830027   0.3987708 ]
[INFO] [1785517759.759097951] [rl_env_node]: wipe_centroid: [ 0.66469175  0.01183457 -0.01214187]
[INFO] [1785517759.759407961] [rl_env_node]: proportion_wiped: [0.]
[INFO] [1785517759.759741356] [rl_env_node]: gripper_to_wipe_centroid: [ 0.16017136 -0.18796983 -0.21272694]
[INFO] [1785517759.761413945] [rl_env_node]: 
--- ACTION DIAGNOSTICS ---
Raw delta pos: [ 0.25706863 -0.97676176  0.78752375]
Safe target pos: [0.53383786 0.00932256 0.24633616]
Target orientation (quat): [ 0.57222428 -0.47136652 -0.42197543 -0.52183303]
Stiffness (Kp_pos diag): [161.43326352340614, 133.9304750103279, 134.57620064184349]
--------------------------
[INFO] [1785517759.805175908] [rl_env_node]: cos(joint_pos): [ 0.95629835  0.90294266  0.99846697 -0.4013944   0.44262952  0.15132514
  0.25044957]
[INFO] [1785517759.805542732] [rl_env_node]: sin(joint_pos): [-0.29239267  0.42976105 -0.05535101 -0.9159053   0.8967046   0.988484
  0.96812963]
[INFO] [1785517759.805880125] [rl_env_node]: joint_pos: [-0.2967279   0.4442281  -0.05537931 -1.9838351   1.1122674   1.4188876
  1.3176517 ]
[INFO] [1785517759.806215724] [rl_env_node]: joint_vel: [ 0.02570271  0.0269652  -0.03582337 -0.08520825  0.12731034 -0.38311562
  0.69667387]
[INFO] [1785517759.806556091] [rl_env_node]: eef_pos: [0.50452039 0.1998044  0.20058507]
[INFO] [1785517759.806879263] [rl_env_node]: eef_quat: [ 0.5986053  -0.488156   -0.45148966 -0.44669062]
[INFO] [1785517759.807170595] [rl_env_node]: eef_vel_lin: [0. 0. 0.]
[INFO] [1785517759.807456966] [rl_env_node]: eef_vel_ang: [0. 0. 0.]
[INFO] [1785517759.807735218] [rl_env_node]: robot0_contact: [0.]
[INFO] [1785517759.808068156] [rl_env_node]: robot0_contact_force: [-0.6226645  0.9049638  2.0867248]
[INFO] [1785517759.808387287] [rl_env_node]: robot0_contact_torque: [-0.09391824 -1.1830027   0.3987708 ]
[INFO] [1785517759.808705024] [rl_env_node]: wipe_centroid: [ 0.66469175  0.01183457 -0.01214187]
[INFO] [1785517759.808986809] [rl_env_node]: proportion_wiped: [0.]
[INFO] [1785517759.809299637] [rl_env_node]: gripper_to_wipe_centroid: [ 0.16017136 -0.18796983 -0.21272694]
[INFO] [1785517759.810980917] [rl_env_node]: 
--- ACTION DIAGNOSTICS ---
Raw delta pos: [ 0.25706863 -0.97676176  0.78752375]
Safe target pos: [0.53383786 0.00932256 0.24633616]
Target orientation (quat): [ 0.57222428 -0.47136652 -0.42197543 -0.52183303]
Stiffness (Kp_pos diag): [161.43326352340614, 133.9304750103279, 134.57620064184349]
--------------------------
[INFO] [1785517759.855245931] [rl_env_node]: cos(joint_pos): [ 0.95629835  0.90294266  0.99846697 -0.4013944   0.44262952  0.15132514
  0.25044957]
[INFO] [1785517759.855633925] [rl_env_node]: sin(joint_pos): [-0.29239267  0.42976105 -0.05535101 -0.9159053   0.8967046   0.988484
  0.96812963]
[INFO] [1785517759.856017596] [rl_env_node]: joint_pos: [-0.2967279   0.4442281  -0.05537931 -1.9838351   1.1122674   1.4188876
  1.3176517 ]
[INFO] [1785517759.856423450] [rl_env_node]: joint_vel: [ 0.02570271  0.0269652  -0.03582337 -0.08520825  0.12731034 -0.38311562
  0.69667387]
[INFO] [1785517759.856795220] [rl_env_node]: eef_pos: [0.50452039 0.1998044  0.20058507]
[INFO] [1785517759.857158467] [rl_env_node]: eef_quat: [ 0.5986053  -0.488156   -0.45148966 -0.44669062]
[INFO] [1785517759.857475805] [rl_env_node]: eef_vel_lin: [0. 0. 0.]
[INFO] [1785517759.857789954] [rl_env_node]: eef_vel_ang: [0. 0. 0.]
[INFO] [1785517759.858101709] [rl_env_node]: robot0_contact: [0.]
[INFO] [1785517759.858424000] [rl_env_node]: robot0_contact_force: [-0.6226645  0.9049638  2.0867248]
[INFO] [1785517759.858744277] [rl_env_node]: robot0_contact_torque: [-0.09391824 -1.1830027   0.3987708 ]
[INFO] [1785517759.859064220] [rl_env_node]: wipe_centroid: [ 0.66469175  0.01183457 -0.01214187]
[INFO] [1785517759.859345846] [rl_env_node]: proportion_wiped: [0.]
[INFO] [1785517759.859658482] [rl_env_node]: gripper_to_wipe_centroid: [ 0.16017136 -0.18796983 -0.21272694]
[INFO] [1785517759.861512139] [rl_env_node]: 
--- ACTION DIAGNOSTICS ---
Raw delta pos: [ 0.25706863 -0.97676176  0.78752375]
Safe target pos: [0.53383786 0.00932256 0.24633616]
Target orientation (quat): [ 0.57222428 -0.47136652 -0.42197543 -0.52183303]
Stiffness (Kp_pos diag): [161.43326352340614, 133.9304750103279, 134.57620064184349]
--------------------------
[INFO] [1785517759.905413710] [rl_env_node]: cos(joint_pos): [ 0.95629835  0.90294266  0.99846697 -0.4013944   0.44262952  0.15132514
  0.25044957]
[INFO] [1785517759.905919064] [rl_env_node]: sin(joint_pos): [-0.29239267  0.42976105 -0.05535101 -0.9159053   0.8967046   0.988484
  0.96812963]
[INFO] [1785517759.906387413] [rl_env_node]: joint_pos: [-0.2967279   0.4442281  -0.05537931 -1.9838351   1.1122674   1.4188876
  1.3176517 ]
[INFO] [1785517759.906856951] [rl_env_node]: joint_vel: [ 0.02570271  0.0269652  -0.03582337 -0.08520825  0.12731034 -0.38311562
  0.69667387]
[INFO] [1785517759.907301619] [rl_env_node]: eef_pos: [0.50452039 0.1998044  0.20058507]
[INFO] [1785517759.907750296] [rl_env_node]: eef_quat: [ 0.5986053  -0.488156   -0.45148966 -0.44669062]
[INFO] [1785517759.908062367] [rl_env_node]: eef_vel_lin: [0. 0. 0.]
[INFO] [1785517759.908350348] [rl_env_node]: eef_vel_ang: [0. 0. 0.]
[INFO] [1785517759.908628650] [rl_env_node]: robot0_contact: [0.]
[INFO] [1785517759.909090587] [rl_env_node]: robot0_contact_force: [-0.6226645  0.9049638  2.0867248]
[INFO] [1785517759.909552033] [rl_env_node]: robot0_contact_torque: [-0.09391824 -1.1830027   0.3987708 ]
[INFO] [1785517759.910008565] [rl_env_node]: wipe_centroid: [ 0.66469175  0.01183457 -0.01214187]
[INFO] [1785517759.910417202] [rl_env_node]: proportion_wiped: [0.]
[INFO] [1785517759.910864942] [rl_env_node]: gripper_to_wipe_centroid: [ 0.16017136 -0.18796983 -0.21272694]
[INFO] [1785517759.912859364] [rl_env_node]: 
--- ACTION DIAGNOSTICS ---
Raw delta pos: [ 0.25706863 -0.97676176  0.78752375]
Safe target pos: [0.53383786 0.00932256 0.24633616]
Target orientation (quat): [ 0.57222428 -0.47136652 -0.42197543 -0.52183303]
Stiffness (Kp_pos diag): [161.43326352340614, 133.9304750103279, 134.57620064184349]
