[INFO] [1785517426.755727608] [rl_env_node]: wipe_centroid: [ 0.65977013  0.00851194 -0.00934819]
[INFO] [1785517426.756009232] [rl_env_node]: proportion_wiped: [0.]
[INFO] [1785517426.756316441] [rl_env_node]: gripper_to_wipe_centroid: [-0.21499391  0.13534298 -0.23139349]
[INFO] [1785517426.757886194] [rl_env_node]: 
--- ACTION DIAGNOSTICS ---
Raw delta pos: [-0.5779763  0.8096962 -0.9999281]
Safe target pos: [ 0.699198   -0.09862028  0.29255154]
Target orientation (quat): [0.64620684 0.4964101  0.36110239 0.45343004]
Stiffness (Kp_pos diag): [18.512405, 106.1979, 159.79044]
--------------------------
[INFO] [1785517426.801966087] [rl_env_node]: cos(joint_pos): [ 0.9999907   0.9042518   0.96970993 -0.50767684  0.95992523 -0.85839975
  0.9256576 ]
[INFO] [1785517426.802530142] [rl_env_node]: sin(joint_pos): [ 0.00431121  0.4269996  -0.24425939 -0.8615476  -0.2802562  -0.51298136
 -0.37836233]
[INFO] [1785517426.802898778] [rl_env_node]: joint_pos: [ 0.00431123  0.44117206 -0.24675587 -2.1032825  -0.284061    3.680247
 -0.38802645]
[INFO] [1785517426.803263659] [rl_env_node]: joint_vel: [-9.3565816e-03  1.0845097e-02 -7.5379265e-03  1.4989273e-04
 -3.1530697e-02  9.7547807e-02 -3.2777289e-01]
[INFO] [1785517426.803609876] [rl_env_node]: eef_pos: [ 0.87476404 -0.12683104  0.2220453 ]
[INFO] [1785517426.803983902] [rl_env_node]: eef_quat: [0.6596713 0.5314303 0.3749118 0.3766387]
[INFO] [1785517426.804308654] [rl_env_node]: eef_vel_lin: [0. 0. 0.]
[INFO] [1785517426.804628216] [rl_env_node]: eef_vel_ang: [0. 0. 0.]
[INFO] [1785517426.805040615] [rl_env_node]: robot0_contact: [0.]
[INFO] [1785517426.805852254] [rl_env_node]: robot0_contact_force: [ 0.7066001  -0.4858029   0.14388593]
[INFO] [1785517426.806402292] [rl_env_node]: robot0_contact_torque: [-0.4586429  -0.48051053 -0.13521844]
[INFO] [1785517426.806992202] [rl_env_node]: wipe_centroid: [ 0.65977013  0.00851194 -0.00934819]
[INFO] [1785517426.807468166] [rl_env_node]: proportion_wiped: [0.]
[INFO] [1785517426.807907911] [rl_env_node]: gripper_to_wipe_centroid: [-0.21499391  0.13534298 -0.23139349]
[INFO] [1785517426.809530909] [rl_env_node]: 
--- ACTION DIAGNOSTICS ---
Raw delta pos: [-0.5779763  0.8096962 -0.9999281]
Safe target pos: [ 0.699198   -0.09862028  0.29255154]
Target orientation (quat): [0.64620684 0.4964101  0.36110239 0.45343004]
Stiffness (Kp_pos diag): [18.512405, 106.1979, 159.79044]
--------------------------
[INFO] [1785517426.851947280] [rl_env_node]: cos(joint_pos): [ 0.9999907   0.9042518   0.96970993 -0.50767684  0.95992523 -0.85839975
  0.9256576 ]
[INFO] [1785517426.852377104] [rl_env_node]: sin(joint_pos): [ 0.00431121  0.4269996  -0.24425939 -0.8615476  -0.2802562  -0.51298136
 -0.37836233]
[INFO] [1785517426.852818200] [rl_env_node]: joint_pos: [ 0.00431123  0.44117206 -0.24675587 -2.1032825  -0.284061    3.680247
 -0.38802645]
[INFO] [1785517426.853184640] [rl_env_node]: joint_vel: [-9.3565816e-03  1.0845097e-02 -7.5379265e-03  1.4989273e-04
 -3.1530697e-02  9.7547807e-02 -3.2777289e-01]
[INFO] [1785517426.853528646] [rl_env_node]: eef_pos: [ 0.87476404 -0.12683104  0.2220453 ]
[INFO] [1785517426.853878027] [rl_env_node]: eef_quat: [0.6596713 0.5314303 0.3749118 0.3766387]
[INFO] [1785517426.854187571] [rl_env_node]: eef_vel_lin: [0. 0. 0.]
[INFO] [1785517426.854588445] [rl_env_node]: eef_vel_ang: [0. 0. 0.]
[INFO] [1785517426.854920307] [rl_env_node]: robot0_contact: [0.]
[INFO] [1785517426.855288721] [rl_env_node]: robot0_contact_force: [ 0.7066001  -0.4858029   0.14388593]
[INFO] [1785517426.855784459] [rl_env_node]: robot0_contact_torque: [-0.4586429  -0.48051053 -0.13521844]
[INFO] [1785517426.856286774] [rl_env_node]: wipe_centroid: [ 0.65977013  0.00851194 -0.00934819]
[INFO] [1785517426.856608595] [rl_env_node]: proportion_wiped: [0.]
[INFO] [1785517426.857296375] [rl_env_node]: gripper_to_wipe_centroid: [-0.21499391  0.13534298 -0.23139349]
[INFO] [1785517426.859335879] [rl_env_node]: 
--- ACTION DIAGNOSTICS ---
Raw delta pos: [-0.5779763  0.8096962 -0.9999281]
Safe target pos: [ 0.699198   -0.09862028  0.29255154]
Target orientation (quat): [0.64620684 0.4964101  0.36110239 0.45343004]
Stiffness (Kp_pos diag): [18.512405, 106.1979, 159.79044]
--------------------------
[INFO] [1785517426.902111224] [rl_env_node]: cos(joint_pos): [ 0.9999907   0.9042518   0.96970993 -0.50767684  0.95992523 -0.85839975
  0.9256576 ]
[INFO] [1785517426.902754106] [rl_env_node]: sin(joint_pos): [ 0.00431121  0.4269996  -0.24425939 -0.8615476  -0.2802562  -0.51298136
 -0.37836233]
[INFO] [1785517426.903312377] [rl_env_node]: joint_pos: [ 0.00431123  0.44117206 -0.24675587 -2.1032825  -0.284061    3.680247
 -0.38802645]
[INFO] [1785517426.903862732] [rl_env_node]: joint_vel: [-9.3565816e-03  1.0845097e-02 -7.5379265e-03  1.4989273e-04
 -3.1530697e-02  9.7547807e-02 -3.2777289e-01]
[INFO] [1785517426.904212863] [rl_env_node]: eef_pos: [ 0.87476404 -0.12683104  0.2220453 ]
[INFO] [1785517426.904567341] [rl_env_node]: eef_quat: [0.6596713 0.5314303 0.3749118 0.3766387]
[INFO] [1785517426.904879193] [rl_env_node]: eef_vel_lin: [0. 0. 0.]
[INFO] [1785517426.905190740] [rl_env_node]: eef_vel_ang: [0. 0. 0.]
[INFO] [1785517426.905489071] [rl_env_node]: robot0_contact: [0.]
[INFO] [1785517426.905887293] [rl_env_node]: robot0_contact_force: [ 0.7066001  -0.4858029   0.14388593]
[INFO] [1785517426.906289586] [rl_env_node]: robot0_contact_torque: [-0.4586429  -0.48051053 -0.13521844]
[INFO] [1785517426.906654970] [rl_env_node]: wipe_centroid: [ 0.65977013  0.00851194 -0.00934819]
[INFO] [1785517426.907022390] [rl_env_node]: proportion_wiped: [0.]
[INFO] [1785517426.907375531] [rl_env_node]: gripper_to_wipe_centroid: [-0.21499391  0.13534298 -0.23139349]
[INFO] [1785517426.913092104] [rl_env_node]: 
--- ACTION DIAGNOSTICS ---
Raw delta pos: [-0.5779763  0.8096962 -0.9999281]
Safe target pos: [ 0.699198   -0.09862028  0.29255154]
Target orientation (quat): [0.64620684 0.4964101  0.36110239 0.45343004]
Stiffness (Kp_pos diag): [18.512405, 106.1979, 159.79044]
--------------------------
[INFO] [1785517426.952008461] [rl_env_node]: cos(joint_pos): [ 0.9999907   0.9042518   0.96970993 -0.50767684  0.95992523 -0.85839975
  0.9256576 ]
[INFO] [1785517426.952413956] [rl_env_node]: sin(joint_pos): [ 0.00431121  0.4269996  -0.24425939 -0.8615476  -0.2802562  -0.51298136
 -0.37836233]
[INFO] [1785517426.952782607] [rl_env_node]: joint_pos: [ 0.00431123  0.44117206 -0.24675587 -2.1032825  -0.284061    3.680247
 -0.38802645]
[INFO] [1785517426.953149601] [rl_env_node]: joint_vel: [-9.3565816e-03  1.0845097e-02 -7.5379265e-03  1.4989273e-04
 -3.1530697e-02  9.7547807e-02 -3.2777289e-01]
[INFO] [1785517426.953543746] [rl_env_node]: eef_pos: [ 0.87476404 -0.12683104  0.2220453 ]
[INFO] [1785517426.953970830] [rl_env_node]: eef_quat: [0.6596713 0.5314303 0.3749118 0.3766387]
[INFO] [1785517426.954314412] [rl_env_node]: eef_vel_lin: [0. 0. 0.]
[INFO] [1785517426.954664062] [rl_env_node]: eef_vel_ang: [0. 0. 0.]
[INFO] [1785517426.954986878] [rl_env_node]: robot0_contact: [0.]
[INFO] [1785517426.955364975] [rl_env_node]: robot0_contact_force: [ 0.7066001  -0.4858029   0.14388593]
[INFO] [1785517426.955855524] [rl_env_node]: robot0_contact_torque: [-0.4586429  -0.48051053 -0.13521844]
[INFO] [1785517426.956220488] [rl_env_node]: wipe_centroid: [ 0.65977013  0.00851194 -0.00934819]
[INFO] [1785517426.956585871] [rl_env_node]: proportion_wiped: [0.]
[INFO] [1785517426.957053400] [rl_env_node]: gripper_to_wipe_centroid: [-0.21499391  0.13534298 -0.23139349]
[INFO] [1785517426.961296213] [rl_env_node]: 
--- ACTION DIAGNOSTICS ---
Raw delta pos: [-0.5779763  0.8096962 -0.9999281]
Safe target pos: [ 0.699198   -0.09862028  0.29255154]
Target orientation (quat): [0.64620684 0.4964101  0.36110239 0.45343004]
Stiffness (Kp_pos diag): [18.512405, 106.1979, 159.79044]
--------------------------
[INFO] [1785517427.002036409] [rl_env_node]: cos(joint_pos): [ 0.9999907   0.9042518   0.96970993 -0.50767684  0.95992523 -0.85839975
  0.9256576 ]
[INFO] [1785517427.002558404] [rl_env_node]: sin(joint_pos): [ 0.00431121  0.4269996  -0.24425939 -0.8615476  -0.2802562  -0.51298136
 -0.37836233]
[INFO] [1785517427.002958069] [rl_env_node]: joint_pos: [ 0.00431123  0.44117206 -0.24675587 -2.1032825  -0.284061    3.680247
 -0.38802645]
[INFO] [1785517427.003324647] [rl_env_node]: joint_vel: [-9.3565816e-03  1.0845097e-02 -7.5379265e-03  1.4989273e-04
 -3.1530697e-02  9.7547807e-02 -3.2777289e-01]
[INFO] [1785517427.003669393] [rl_env_node]: eef_pos: [ 0.87476404 -0.12683104  0.2220453 ]
[INFO] [1785517427.004050011] [rl_env_node]: eef_quat: [0.6596713 0.5314303 0.3749118 0.3766387]
[INFO] [1785517427.004391540] [rl_env_node]: eef_vel_lin: [0. 0. 0.]
[INFO] [1785517427.004761568] [rl_env_node]: eef_vel_ang: [0. 0. 0.]
[INFO] [1785517427.005068403] [rl_env_node]: robot0_contact: [0.]
[INFO] [1785517427.005409970] [rl_env_node]: robot0_contact_force: [ 0.7066001  -0.4858029   0.14388593]
[INFO] [1785517427.005747774] [rl_env_node]: robot0_contact_torque: [-0.4586429  -0.48051053 -0.13521844]
[INFO] [1785517427.006092851] [rl_env_node]: wipe_centroid: [ 0.65977013  0.00851194 -0.00934819]
[INFO] [1785517427.006512536] [rl_env_node]: proportion_wiped: [0.]
[INFO] [1785517427.006853944] [rl_env_node]: gripper_to_wipe_centroid: [-0.21499391  0.13534298 -0.23139349]
[INFO] [1785517427.008430831] [rl_env_node]: 
--- ACTION DIAGNOSTICS ---
Raw delta pos: [-0.5779763  0.8096962 -0.9999281]
Safe target pos: [ 0.699198   -0.09862028  0.29255154]
Target orientation (quat): [0.64620684 0.4964101  0.36110239 0.45343004]
Stiffness (Kp_pos diag): [18.512405, 106.1979, 159.79044]
--------------------------
[INFO] [1785517427.052169358] [rl_env_node]: cos(joint_pos): [ 0.9999907   0.9042518   0.96970993 -0.50767684  0.95992523 -0.85839975
  0.9256576 ]
[INFO] [1785517427.052631845] [rl_env_node]: sin(joint_pos): [ 0.00431121  0.4269996  -0.24425939 -0.8615476  -0.2802562  -0.51298136
 -0.37836233]
[INFO] [1785517427.053030020] [rl_env_node]: joint_pos: [ 0.00431123  0.44117206 -0.24675587 -2.1032825  -0.284061    3.680247
 -0.38802645]
[INFO] [1785517427.053626784] [rl_env_node]: joint_vel: [-9.3565816e-03  1.0845097e-02 -7.5379265e-03  1.4989273e-04
 -3.1530697e-02  9.7547807e-02 -3.2777289e-01]
[INFO] [1785517427.053981399] [rl_env_node]: eef_pos: [ 0.87476404 -0.12683104  0.2220453 ]
[INFO] [1785517427.054338544] [rl_env_node]: eef_quat: [0.6596713 0.5314303 0.3749118 0.3766387]
[INFO] [1785517427.054662558] [rl_env_node]: eef_vel_lin: [0. 0. 0.]
[INFO] [1785517427.054981768] [rl_env_node]: eef_vel_ang: [0. 0. 0.]
[INFO] [1785517427.055374325] [rl_env_node]: robot0_contact: [0.]
[INFO] [1785517427.055815827] [rl_env_node]: robot0_contact_force: [ 0.7066001  -0.4858029   0.14388593]
[INFO] [1785517427.056208402] [rl_env_node]: robot0_contact_torque: [-0.4586429  -0.48051053 -0.13521844]
[INFO] [1785517427.056564713] [rl_env_node]: wipe_centroid: [ 0.65977013  0.00851194 -0.00934819]
[INFO] [1785517427.056856024] [rl_env_node]: proportion_wiped: [0.]
[INFO] [1785517427.057197392] [rl_env_node]: gripper_to_wipe_centroid: [-0.21499391  0.13534298 -0.23139349]
[INFO] [1785517427.058853245] [rl_env_node]: 
--- ACTION DIAGNOSTICS ---
Raw delta pos: [-0.5779763  0.8096962 -0.9999281]
Safe target pos: [ 0.699198   -0.09862028  0.29255154]
Target orientation (quat): [0.64620684 0.4964101  0.36110239 0.45343004]
Stiffness (Kp_pos diag): [18.512405, 106.1979, 159.79044]
--------------------------
[INFO] [1785517427.102135528] [rl_env_node]: cos(joint_pos): [ 0.9999907   0.9042518   0.96970993 -0.50767684  0.95992523 -0.85839975
  0.9256576 ]
[INFO] [1785517427.102674277] [rl_env_node]: sin(joint_pos): [ 0.00431121  0.4269996  -0.24425939 -0.8615476  -0.2802562  -0.51298136
 -0.37836233]
[INFO] [1785517427.103164310] [rl_env_node]: joint_pos: [ 0.00431123  0.44117206 -0.24675587 -2.1032825  -0.284061    3.680247
 -0.38802645]
[INFO] [1785517427.103656826] [rl_env_node]: joint_vel: [-9.3565816e-03  1.0845097e-02 -7.5379265e-03  1.4989273e-04
 -3.1530697e-02  9.7547807e-02 -3.2777289e-01]
[INFO] [1785517427.104129750] [rl_env_node]: eef_pos: [ 0.87476404 -0.12683104  0.2220453 ]
[INFO] [1785517427.104602834] [rl_env_node]: eef_quat: [0.6596713 0.5314303 0.3749118 0.3766387]
[INFO] [1785517427.105077524] [rl_env_node]: eef_vel_lin: [0. 0. 0.]
[INFO] [1785517427.106344114] [rl_env_node]: eef_vel_ang: [0. 0. 0.]
[INFO] [1785517427.106763741] [rl_env_node]: robot0_contact: [0.]
[INFO] [1785517427.107241998] [rl_env_node]: robot0_contact_force: [ 0.7066001  -0.4858029   0.14388593]
[INFO] [1785517427.107743263] [rl_env_node]: robot0_contact_torque: [-0.4586429  -0.48051053 -0.13521844]
[INFO] [1785517427.108212693] [rl_env_node]: wipe_centroid: [ 0.65977013  0.00851194 -0.00934819]
[INFO] [1785517427.108629821] [rl_env_node]: proportion_wiped: [0.]
[INFO] [1785517427.109087843] [rl_env_node]: gripper_to_wipe_centroid: [-0.21499391  0.13534298 -0.23139349]
[INFO] [1785517427.110937249] [rl_env_node]: 
--- ACTION DIAGNOSTICS ---
Raw delta pos: [-0.5779763  0.8096962 -0.9999281]
Safe target pos: [ 0.699198   -0.09862028  0.29255154]
Target orientation (quat): [0.64620684 0.4964101  0.36110239 0.45343004]
Stiffness (Kp_pos diag): [18.512405, 106.1979, 159.79044]
--------------------------
[INFO] [1785517427.152044988] [rl_env_node]: cos(joint_pos): [ 0.9999907   0.9042518   0.96970993 -0.50767684  0.95992523 -0.85839975
  0.9256576 ]
[INFO] [1785517427.152438434] [rl_env_node]: sin(joint_pos): [ 0.00431121  0.4269996  -0.24425939 -0.8615476  -0.2802562  -0.51298136
 -0.37836233]
[INFO] [1785517427.152794767] [rl_env_node]: joint_pos: [ 0.00431123  0.44117206 -0.24675587 -2.1032825  -0.284061    3.680247
 -0.38802645]
[INFO] [1785517427.153158202] [rl_env_node]: joint_vel: [-9.3565816e-03  1.0845097e-02 -7.5379265e-03  1.4989273e-04
 -3.1530697e-02  9.7547807e-02 -3.2777289e-01]
[INFO] [1785517427.153637357] [rl_env_node]: eef_pos: [ 0.87476404 -0.12683104  0.2220453 ]
[INFO] [1785517427.154092577] [rl_env_node]: eef_quat: [0.6596713 0.5314303 0.3749118 0.3766387]
[INFO] [1785517427.154511352] [rl_env_node]: eef_vel_lin: [0. 0. 0.]
[INFO] [1785517427.154829588] [rl_env_node]: eef_vel_ang: [0. 0. 0.]
[INFO] [1785517427.155144729] [rl_env_node]: robot0_contact: [0.]
[INFO] [1785517427.155494364] [rl_env_node]: robot0_contact_force: [ 0.7066001  -0.4858029   0.14388593]
[INFO] [1785517427.157087801] [rl_env_node]: robot0_contact_torque: [-0.4586429  -0.48051053 -0.13521844]
[INFO] [1785517427.157432727] [rl_env_node]: wipe_centroid: [ 0.65977013  0.00851194 -0.00934819]
[INFO] [1785517427.157856481] [rl_env_node]: proportion_wiped: [0.]
[INFO] [1785517427.158192556] [rl_env_node]: gripper_to_wipe_centroid: [-0.21499391  0.13534298 -0.23139349]
[INFO] [1785517427.159779065] [rl_env_node]: 
--- ACTION DIAGNOSTICS ---
Raw delta pos: [-0.5779763  0.8096962 -0.9999281]
Safe target pos: [ 0.699198   -0.09862028  0.29255154]
Target orientation (quat): [0.64620684 0.4964101  0.36110239 0.45343004]
Stiffness (Kp_pos diag): [18.512405, 106.1979, 159.79044]
--------------------------
[INFO] [1785517427.202115694] [rl_env_node]: cos(joint_pos): [ 0.9999907   0.9042518   0.96970993 -0.50767684  0.95992523 -0.85839975
  0.9256576 ]
[INFO] [1785517427.202569957] [rl_env_node]: sin(joint_pos): [ 0.00431121  0.4269996  -0.24425939 -0.8615476  -0.2802562  -0.51298136
 -0.37836233]
[INFO] [1785517427.202913387] [rl_env_node]: joint_pos: [ 0.00431123  0.44117206 -0.24675587 -2.1032825  -0.284061    3.680247
 -0.38802645]
[INFO] [1785517427.203256753] [rl_env_node]: joint_vel: [-9.3565816e-03  1.0845097e-02 -7.5379265e-03  1.4989273e-04
 -3.1530697e-02  9.7547807e-02 -3.2777289e-01]
[INFO] [1785517427.203579113] [rl_env_node]: eef_pos: [ 0.87476404 -0.12683104  0.2220453 ]
[INFO] [1785517427.204061226] [rl_env_node]: eef_quat: [0.6596713 0.5314303 0.3749118 0.3766387]
[INFO] [1785517427.204380380] [rl_env_node]: eef_vel_lin: [0. 0. 0.]
[INFO] [1785517427.204694647] [rl_env_node]: eef_vel_ang: [0. 0. 0.]
[INFO] [1785517427.204998266] [rl_env_node]: robot0_contact: [0.]
[INFO] [1785517427.205336866] [rl_env_node]: robot0_contact_force: [ 0.7066001  -0.4858029   0.14388593]
[INFO] [1785517427.205745913] [rl_env_node]: robot0_contact_torque: [-0.4586429  -0.48051053 -0.13521844]
[INFO] [1785517427.206146700] [rl_env_node]: wipe_centroid: [ 0.65977013  0.00851194 -0.00934819]
[INFO] [1785517427.206489053] [rl_env_node]: proportion_wiped: [0.]
[INFO] [1785517427.206851166] [rl_env_node]: gripper_to_wipe_centroid: [-0.21499391  0.13534298 -0.23139349]
[INFO] [1785517427.208455643] [rl_env_node]: 
--- ACTION DIAGNOSTICS ---
Raw delta pos: [-0.5779763  0.8096962 -0.9999281]
Safe target pos: [ 0.699198   -0.09862028  0.29255154]
Target orientation (quat): [0.64620684 0.4964101  0.36110239 0.45343004]
Stiffness (Kp_pos diag): [18.512405, 106.1979, 159.79044]
--------------------------
[INFO] [1785517427.251988522] [rl_env_node]: cos(joint_pos): [ 0.9999907   0.9042518   0.96970993 -0.50767684  0.95992523 -0.85839975
  0.9256576 ]
[INFO] [1785517427.252372094] [rl_env_node]: sin(joint_pos): [ 0.00431121  0.4269996  -0.24425939 -0.8615476  -0.2802562  -0.51298136
 -0.37836233]
[INFO] [1785517427.252726101] [rl_env_node]: joint_pos: [ 0.00431123  0.44117206 -0.24675587 -2.1032825  -0.284061    3.680247
 -0.38802645]
[INFO] [1785517427.253205641] [rl_env_node]: joint_vel: [-9.3565816e-03  1.0845097e-02 -7.5379265e-03  1.4989273e-04
 -3.1530697e-02  9.7547807e-02 -3.2777289e-01]
[INFO] [1785517427.253554128] [rl_env_node]: eef_pos: [ 0.87476404 -0.12683104  0.2220453 ]
[INFO] [1785517427.253888889] [rl_env_node]: eef_quat: [0.6596713 0.5314303 0.3749118 0.3766387]
[INFO] [1785517427.254207509] [rl_env_node]: eef_vel_lin: [0. 0. 0.]
[INFO] [1785517427.254521994] [rl_env_node]: eef_vel_ang: [0. 0. 0.]
[INFO] [1785517427.254826903] [rl_env_node]: robot0_contact: [0.]
[INFO] [1785517427.255309377] [rl_env_node]: robot0_contact_force: [ 0.7066001  -0.4858029   0.14388593]
[INFO] [1785517427.255637353] [rl_env_node]: robot0_contact_torque: [-0.4586429  -0.48051053 -0.13521844]
[INFO] [1785517427.255987031] [rl_env_node]: wipe_centroid: [ 0.65977013  0.00851194 -0.00934819]
[INFO] [1785517427.256275603] [rl_env_node]: proportion_wiped: [0.]
[INFO] [1785517427.256603507] [rl_env_node]: gripper_to_wipe_centroid: [-0.21499391  0.13534298 -0.23139349]
[INFO] [1785517427.265288563] [rl_env_node]: 
--- ACTION DIAGNOSTICS ---
Raw delta pos: [-0.5779763  0.8096962 -0.9999281]
Safe target pos: [ 0.699198   -0.09862028  0.29255154]
Target orientation (quat): [0.64620684 0.4964101  0.36110239 0.45343004]
Stiffness (Kp_pos diag): [18.512405, 106.1979, 159.79044]
--------------------------
[INFO] [1785517427.302605489] [rl_env_node]: cos(joint_pos): [ 0.9999907   0.9042518   0.96970993 -0.50767684  0.95992523 -0.85839975
  0.9256576 ]
[INFO] [1785517427.303049479] [rl_env_node]: sin(joint_pos): [ 0.00431121  0.4269996  -0.24425939 -0.8615476  -0.2802562  -0.51298136
 -0.37836233]
[INFO] [1785517427.303425555] [rl_env_node]: joint_pos: [ 0.00431123  0.44117206 -0.24675587 -2.1032825  -0.284061    3.680247
 -0.38802645]
[INFO] [1785517427.303813600] [rl_env_node]: joint_vel: [-9.3565816e-03  1.0845097e-02 -7.5379265e-03  1.4989273e-04
 -3.1530697e-02  9.7547807e-02 -3.2777289e-01]
[INFO] [1785517427.304162183] [rl_env_node]: eef_pos: [ 0.87476404 -0.12683104  0.2220453 ]
[INFO] [1785517427.304628382] [rl_env_node]: eef_quat: [0.6596713 0.5314303 0.3749118 0.3766387]
[INFO] [1785517427.304952689] [rl_env_node]: eef_vel_lin: [0. 0. 0.]
[INFO] [1785517427.305275345] [rl_env_node]: eef_vel_ang: [0. 0. 0.]
[INFO] [1785517427.305596264] [rl_env_node]: robot0_contact: [0.]
[INFO] [1785517427.305957720] [rl_env_node]: robot0_contact_force: [ 0.7066001  -0.4858029   0.14388593]
[INFO] [1785517427.306317715] [rl_env_node]: robot0_contact_torque: [-0.4586429  -0.48051053 -0.13521844]
[INFO] [1785517427.306811952] [rl_env_node]: wipe_centroid: [ 0.65977013  0.00851194 -0.00934819]
[INFO] [1785517427.307117340] [rl_env_node]: proportion_wiped: [0.]
[INFO] [1785517427.307447222] [rl_env_node]: gripper_to_wipe_centroid: [-0.21499391  0.13534298 -0.23139349]
[INFO] [1785517427.309027586] [rl_env_node]: 
--- ACTION DIAGNOSTICS ---
Raw delta pos: [-0.5779763  0.8096962 -0.9999281]
Safe target pos: [ 0.699198   -0.09862028  0.29255154]
Target orientation (quat): [0.64620684 0.4964101  0.36110239 0.45343004]
Stiffness (Kp_pos diag): [18.512405, 106.1979, 159.79044]
--------------------------
[INFO] [1785517427.352267664] [rl_env_node]: cos(joint_pos): [ 0.9999907   0.9042518   0.96970993 -0.50767684  0.95992523 -0.85839975
  0.9256576 ]
[INFO] [1785517427.354118169] [rl_env_node]: sin(joint_pos): [ 0.00431121  0.4269996  -0.24425939 -0.8615476  -0.2802562  -0.51298136
 -0.37836233]
[INFO] [1785517427.354523823] [rl_env_node]: joint_pos: [ 0.00431123  0.44117206 -0.24675587 -2.1032825  -0.284061    3.680247
 -0.38802645]
[INFO] [1785517427.354911650] [rl_env_node]: joint_vel: [-9.3565816e-03  1.0845097e-02 -7.5379265e-03  1.4989273e-04
 -3.1530697e-02  9.7547807e-02 -3.2777289e-01]
[INFO] [1785517427.355275781] [rl_env_node]: eef_pos: [ 0.87476404 -0.12683104  0.2220453 ]
[INFO] [1785517427.355744906] [rl_env_node]: eef_quat: [0.6596713 0.5314303 0.3749118 0.3766387]
[INFO] [1785517427.356072091] [rl_env_node]: eef_vel_lin: [0. 0. 0.]
[INFO] [1785517427.356390531] [rl_env_node]: eef_vel_ang: [0. 0. 0.]
[INFO] [1785517427.356690923] [rl_env_node]: robot0_contact: [0.]
[INFO] [1785517427.357037347] [rl_env_node]: robot0_contact_force: [ 0.7066001  -0.4858029   0.14388593]
[INFO] [1785517427.357433280] [rl_env_node]: robot0_contact_torque: [-0.4586429  -0.48051053 -0.13521844]
[INFO] [1785517427.357836097] [rl_env_node]: wipe_centroid: [ 0.65977013  0.00851194 -0.00934819]
[INFO] [1785517427.358309008] [rl_env_node]: proportion_wiped: [0.]
[INFO] [1785517427.358706771] [rl_env_node]: gripper_to_wipe_centroid: [-0.21499391  0.13534298 -0.23139349]
[INFO] [1785517427.361116594] [rl_env_node]: 
--- ACTION DIAGNOSTICS ---
Raw delta pos: [-0.5779763  0.8096962 -0.9999281]
Safe target pos: [ 0.699198   -0.09862028  0.29255154]
Target orientation (quat): [0.64620684 0.4964101  0.36110239 0.45343004]
Stiffness (Kp_pos diag): [18.512405, 106.1979, 159.79044]
--------------------------
[INFO] [1785517427.402181211] [rl_env_node]: cos(joint_pos): [ 0.9999907   0.9042518   0.96970993 -0.50767684  0.95992523 -0.85839975
  0.9256576 ]
[INFO] [1785517427.402697800] [rl_env_node]: sin(joint_pos): [ 0.00431121  0.4269996  -0.24425939 -0.8615476  -0.2802562  -0.51298136
 -0.37836233]
[INFO] [1785517427.403169225] [rl_env_node]: joint_pos: [ 0.00431123  0.44117206 -0.24675587 -2.1032825  -0.284061    3.680247
 -0.38802645]
[INFO] [1785517427.403645888] [rl_env_node]: joint_vel: [-9.3565816e-03  1.0845097e-02 -7.5379265e-03  1.4989273e-04
 -3.1530697e-02  9.7547807e-02 -3.2777289e-01]
[INFO] [1785517427.404102851] [rl_env_node]: eef_pos: [ 0.87476404 -0.12683104  0.2220453 ]
[INFO] [1785517427.404557077] [rl_env_node]: eef_quat: [0.6596713 0.5314303 0.3749118 0.3766387]
[INFO] [1785517427.404972267] [rl_env_node]: eef_vel_lin: [0. 0. 0.]
[INFO] [1785517427.405380925] [rl_env_node]: eef_vel_ang: [0. 0. 0.]
[INFO] [1785517427.405766894] [rl_env_node]: robot0_contact: [0.]
[INFO] [1785517427.406092939] [rl_env_node]: robot0_contact_force: [ 0.7066001  -0.4858029   0.14388593]
[INFO] [1785517427.406645203] [rl_env_node]: robot0_contact_torque: [-0.4586429  -0.48051053 -0.13521844]
[INFO] [1785517427.407454191] [rl_env_node]: wipe_centroid: [ 0.65977013  0.00851194 -0.00934819]
[INFO] [1785517427.407845958] [rl_env_node]: proportion_wiped: [0.]
[INFO] [1785517427.408167211] [rl_env_node]: gripper_to_wipe_centroid: [-0.21499391  0.13534298 -0.23139349]
[INFO] [1785517427.417037589] [rl_env_node]: 
--- ACTION DIAGNOSTICS ---
Raw delta pos: [-0.5779763  0.8096962 -0.9999281]
Safe target pos: [ 0.699198   -0.09862028  0.29255154]
Target orientation (quat): [0.64620684 0.4964101  0.36110239 0.45343004]
Stiffness (Kp_pos diag): [18.512405, 106.1979, 159.79044]
--------------------------
[INFO] [1785517427.451911784] [rl_env_node]: cos(joint_pos): [ 0.9999907   0.9042518   0.96970993 -0.50767684  0.95992523 -0.85839975
  0.9256576 ]
[INFO] [1785517427.452348974] [rl_env_node]: sin(joint_pos): [ 0.00431121  0.4269996  -0.24425939 -0.8615476  -0.2802562  -0.51298136
 -0.37836233]
[INFO] [1785517427.452690165] [rl_env_node]: joint_pos: [ 0.00431123  0.44117206 -0.24675587 -2.1032825  -0.284061    3.680247
 -0.38802645]
[INFO] [1785517427.453031723] [rl_env_node]: joint_vel: [-9.3565816e-03  1.0845097e-02 -7.5379265e-03  1.4989273e-04
 -3.1530697e-02  9.7547807e-02 -3.2777289e-01]
[INFO] [1785517427.453349551] [rl_env_node]: eef_pos: [ 0.87476404 -0.12683104  0.2220453 ]
[INFO] [1785517427.453699173] [rl_env_node]: eef_quat: [0.6596713 0.5314303 0.3749118 0.3766387]
[INFO] [1785517427.454042237] [rl_env_node]: eef_vel_lin: [0. 0. 0.]
[INFO] [1785517427.454366166] [rl_env_node]: eef_vel_ang: [0. 0. 0.]
[INFO] [1785517427.454698028] [rl_env_node]: robot0_contact: [0.]
[INFO] [1785517427.455061632] [rl_env_node]: robot0_contact_force: [ 0.7066001  -0.4858029   0.14388593]
[INFO] [1785517427.455424621] [rl_env_node]: robot0_contact_torque: [-0.4586429  -0.48051053 -0.13521844]
[INFO] [1785517427.455796158] [rl_env_node]: wipe_centroid: [ 0.65977013  0.00851194 -0.00934819]
[INFO] [1785517427.456111247] [rl_env_node]: proportion_wiped: [0.]
[INFO] [1785517427.456465220] [rl_env_node]: gripper_to_wipe_centroid: [-0.21499391  0.13534298 -0.23139349]
[INFO] [1785517427.458228981] [rl_env_node]: 
--- ACTION DIAGNOSTICS ---
Raw delta pos: [-0.5779763  0.8096962 -0.9999281]
Safe target pos: [ 0.699198   -0.09862028  0.29255154]
Target orientation (quat): [0.64620684 0.4964101  0.36110239 0.45343004]
Stiffness (Kp_pos diag): [18.512405, 106.1979, 159.79044]
--------------------------
[INFO] [1785517427.502023747] [rl_env_node]: cos(joint_pos): [ 0.9999907   0.9042518   0.96970993 -0.50767684  0.95992523 -0.85839975
  0.9256576 ]
[INFO] [1785517427.502395300] [rl_env_node]: sin(joint_pos): [ 0.00431121  0.4269996  -0.24425939 -0.8615476  -0.2802562  -0.51298136
 -0.37836233]
[INFO] [1785517427.502737156] [rl_env_node]: joint_pos: [ 0.00431123  0.44117206 -0.24675587 -2.1032825  -0.284061    3.680247
 -0.38802645]
[INFO] [1785517427.503112610] [rl_env_node]: joint_vel: [-9.3565816e-03  1.0845097e-02 -7.5379265e-03  1.4989273e-04
 -3.1530697e-02  9.7547807e-02 -3.2777289e-01]
[INFO] [1785517427.503588794] [rl_env_node]: eef_pos: [ 0.87476404 -0.12683104  0.2220453 ]
[INFO] [1785517427.503957025] [rl_env_node]: eef_quat: [0.6596713 0.5314303 0.3749118 0.3766387]
[INFO] [1785517427.504277362] [rl_env_node]: eef_vel_lin: [0. 0. 0.]
[INFO] [1785517427.504592568] [rl_env_node]: eef_vel_ang: [0. 0. 0.]
[INFO] [1785517427.504901910] [rl_env_node]: robot0_contact: [0.]
[INFO] [1785517427.505370276] [rl_env_node]: robot0_contact_force: [ 0.7066001  -0.4858029   0.14388593]
[INFO] [1785517427.505701359] [rl_env_node]: robot0_contact_torque: [-0.4586429  -0.48051053 -0.13521844]
[INFO] [1785517427.506015763] [rl_env_node]: wipe_centroid: [ 0.65977013  0.00851194 -0.00934819]
[INFO] [1785517427.506291813] [rl_env_node]: proportion_wiped: [0.]
[INFO] [1785517427.506601216] [rl_env_node]: gripper_to_wipe_centroid: [-0.21499391  0.13534298 -0.23139349]
[INFO] [1785517427.508151109] [rl_env_node]: 
--- ACTION DIAGNOSTICS ---
Raw delta pos: [-0.5779763  0.8096962 -0.9999281]
Safe target pos: [ 0.699198   -0.09862028  0.29255154]
Target orientation (quat): [0.64620684 0.4964101  0.36110239 0.45343004]
Stiffness (Kp_pos diag): [18.512405, 106.1979, 159.79044]
--------------------------
[INFO] [1785517427.552247525] [rl_env_node]: cos(joint_pos): [ 0.9999907   0.9042518   0.96970993 -0.50767684  0.95992523 -0.85839975
  0.9256576 ]
[INFO] [1785517427.552852337] [rl_env_node]: sin(joint_pos): [ 0.00431121  0.4269996  -0.24425939 -0.8615476  -0.2802562  -0.51298136
 -0.37836233]
[INFO] [1785517427.553371181] [rl_env_node]: joint_pos: [ 0.00431123  0.44117206 -0.24675587 -2.1032825  -0.284061    3.680247
 -0.38802645]
[INFO] [1785517427.553987241] [rl_env_node]: joint_vel: [-9.3565816e-03  1.0845097e-02 -7.5379265e-03  1.4989273e-04
 -3.1530697e-02  9.7547807e-02 -3.2777289e-01]
[INFO] [1785517427.554478534] [rl_env_node]: eef_pos: [ 0.87476404 -0.12683104  0.2220453 ]
[INFO] [1785517427.554973614] [rl_env_node]: eef_quat: [0.6596713 0.5314303 0.3749118 0.3766387]
[INFO] [1785517427.555468278] [rl_env_node]: eef_vel_lin: [0. 0. 0.]
[INFO] [1785517427.555918156] [rl_env_node]: eef_vel_ang: [0. 0. 0.]
[INFO] [1785517427.556329676] [rl_env_node]: robot0_contact: [0.]
[INFO] [1785517427.556797363] [rl_env_node]: robot0_contact_force: [ 0.7066001  -0.4858029   0.14388593]
[INFO] [1785517427.557415495] [rl_env_node]: robot0_contact_torque: [-0.4586429  -0.48051053 -0.13521844]
[INFO] [1785517427.557941191] [rl_env_node]: wipe_centroid: [ 0.65977013  0.00851194 -0.00934819]
[INFO] [1785517427.558393869] [rl_env_node]: proportion_wiped: [0.]
[INFO] [1785517427.558876002] [rl_env_node]: gripper_to_wipe_centroid: [-0.21499391  0.13534298 -0.23139349]
^CTraceback (most recent call last):
