Stiffness (Kp_ori): [15.206918, 49.74994, 16.980085]
--------------------------
[INFO] [1788542684.808884080] [rl_env_node]: 
--- ACTION DIAGNOSTICS ---
Raw delta pos: [-0.5334882 -0.883729   0.9805541]
Safe target pos: [ 0.43715    -0.04906683  0.14871624]
Target orientation (quat): [0.85097131 0.41890125 0.27943141 0.14929054]
Stiffness (Kp_pos diag): [37.354267, 157.70493, 157.03217]
Stiffness (Kp_ori): [15.20051, 49.75009, 16.897682]
--------------------------
[INFO] [1788542684.861282234] [rl_env_node]: 
--- ACTION DIAGNOSTICS ---
Raw delta pos: [-0.53801244 -0.8777648   0.98081946]
Safe target pos: [ 0.43963667 -0.0466038   0.16917774]
Target orientation (quat): [0.85138273 0.41731742 0.2805612  0.14926164]
Stiffness (Kp_pos diag): [35.75206, 157.55647, 157.45505]
Stiffness (Kp_ori): [15.209759, 49.733738, 16.99095]
--------------------------
[INFO] [1788542684.903442583] [rl_env_node]: 
--- ACTION DIAGNOSTICS ---
Raw delta pos: [-0.5345797 -0.8837873  0.9803678]
Safe target pos: [ 0.44212228 -0.04413971  0.16617774]
Target orientation (quat): [0.85176382 0.4156353  0.28187921 0.1492977 ]
Stiffness (Kp_pos diag): [37.07937, 157.6515, 157.14882]
Stiffness (Kp_ori): [15.20611, 49.742504, 16.971838]
--------------------------
[INFO] [1788542684.953550895] [rl_env_node]: 
--- ACTION DIAGNOSTICS ---
Raw delta pos: [-0.54371166 -0.8835255   0.98026276]
Safe target pos: [ 0.44463323 -0.04170145  0.16317774]
Target orientation (quat): [0.85204141 0.4142165  0.28311327 0.1493218 ]
Stiffness (Kp_pos diag): [36.641907, 157.64424, 157.35886]
Stiffness (Kp_ori): [15.203166, 49.73232, 16.939201]
--------------------------
[INFO] [1788542685.005087563] [rl_env_node]: 
--- ACTION DIAGNOSTICS ---
Raw delta pos: [-0.5489825  -0.8843015   0.98081994]
Safe target pos: [ 0.44720575 -0.03932823  0.16017774]
Target orientation (quat): [0.85227946 0.41292592 0.284301   0.1492811 ]
Stiffness (Kp_pos diag): [37.765892, 157.81348, 157.06796]
Stiffness (Kp_ori): [15.201711, 49.748516, 16.935915]
--------------------------
[INFO] [1788542685.057088549] [rl_env_node]: 
--- ACTION DIAGNOSTICS ---
Raw delta pos: [-0.54092014 -0.88944334  0.9802995 ]
Safe target pos: [ 0.44987505 -0.03706443  0.15717774]
Target orientation (quat): [0.85258109 0.41140259 0.28569067 0.14911147]
Stiffness (Kp_pos diag): [38.334522, 157.83624, 157.08138]
Stiffness (Kp_ori): [15.193588, 49.74522, 16.870647]
--------------------------
[INFO] [1788542685.102847209] [rl_env_node]: 
--- ACTION DIAGNOSTICS ---
Raw delta pos: [-0.552007   -0.8825314   0.98101425]
Safe target pos: [ 0.45265221 -0.03493432  0.15417774]
Target orientation (quat): [0.852906   0.41001193 0.28687649 0.14880675]
Stiffness (Kp_pos diag): [38.339508, 157.88441, 156.964]
Stiffness (Kp_ori): [15.192624, 49.751965, 16.844093]
--------------------------
[INFO] [1788542685.153159908] [rl_env_node]: 
--- ACTION DIAGNOSTICS ---
Raw delta pos: [-0.54737383 -0.8832957   0.9813323 ]
Safe target pos: [ 0.45552769 -0.03293892  0.15117774]
Target orientation (quat): [0.85316645 0.40886006 0.28791025 0.14848623]
Stiffness (Kp_pos diag): [38.315502, 157.8751, 156.94696]
Stiffness (Kp_ori): [15.193659, 49.75247, 16.817904]
--------------------------
[INFO] [1788542685.203504551] [rl_env_node]: 
--- ACTION DIAGNOSTICS ---
Raw delta pos: [-0.55728316 -0.88137335  0.98191833]
Safe target pos: [ 0.4585109  -0.03110848  0.14817774]
Target orientation (quat): [0.85343379 0.40778721 0.28886936 0.14803667]
Stiffness (Kp_pos diag): [39.11664, 157.99074, 156.86073]
Stiffness (Kp_ori): [15.192995, 49.7561, 16.788874]
--------------------------
[INFO] [1788542685.251628253] [rl_env_node]: 
================================================================ OBS SNAPSHOT ================================================================
  [00:06]  joint_pos      = [-0.0826  +0.1887  -0.0828  -2.7284  -0.1793  +3.4873  +0.5748]
  [07:13]  cos(jnt_pos)   = [+0.9966  +0.9823  +0.9966  -0.9159  +0.9840  -0.9408  +0.8393]
  [14:20]  sin(jnt_pos)   = [-0.0825  +0.1876  -0.0827  -0.4015  -0.1783  -0.3389  +0.5437]
  [21:27]  joint_vel      = [+0.0048  +0.0279  +0.0229  -0.0006  -0.0002  +0.0491  +0.0880]
  [28:34]  joint_acc      = [+0.0172  +0.2905  +0.0320  +0.1672  -0.0165  +0.0854  +0.3398]
  [35:37]  eef_pos(TCP)   = [+0.4658  -0.0541  +0.1782]  (eraser tip)
  [38:41]  eef_quat       = [+0.8374  +0.4694  +0.2332  +0.1548]  (flange xyzw)
  [42:45]  eef_quat_site  = [+0.7429  +0.4221  -0.1568  -0.4953]  (grip-site xyzw)
  [46]     contact        = 1  (|Fz|>2N)
  [47:81]  markers (active=1):
    M0 (WIPED  )  pos=[+0.4551  -0.0916  +0.1242]  g2m=[-0.0107  -0.0376  -0.0540]
    M1 (active )  pos=[+0.4742  -0.0495  +0.1101]  g2m=[+0.0085  +0.0045  -0.0681]
    M2 (pending)  pos=[+0.5030  -0.0051  +0.0889]  g2m=[+0.0373  +0.0490  -0.0893]
    M3 (pending)  pos=[+0.5355  +0.0643  +0.0649]  g2m=[+0.0697  +0.1184  -0.1133]
    M4 (pending)  pos=[+0.5722  +0.1253  +0.0379]  g2m=[+0.1064  +0.1794  -0.1403]
  [82:84]  g2active_wp    = [+0.0085  +0.0045  -0.0681]
  ICRA FORCE METRICS      : Fz_mean= 3.31N  Fz_peak= 9.36N  Fz_violations(>5N)=2 (10.0%)
  obs_dim  = 85
=============================================================================================================================================
[INFO] [1788542685.268376255] [rl_env_node]: 
--- ACTION DIAGNOSTICS ---
Raw delta pos: [-0.5765488 -0.8790618  0.9824195]
Safe target pos: [ 0.46159827 -0.02945981  0.14517774]
Target orientation (quat): [0.8538097  0.40648835 0.28987967 0.14746526]
Stiffness (Kp_pos diag): [38.87476, 158.01297, 156.45657]
Stiffness (Kp_ori): [15.195448, 49.76739, 16.747412]
--------------------------
[INFO] [1788542685.303373246] [rl_env_node]: 
--- ACTION DIAGNOSTICS ---
Raw delta pos: [-0.5946695  -0.8738836   0.98237276]
Safe target pos: [ 0.46479822 -0.02804194  0.14217774]
Target orientation (quat): [0.85410445 0.4051182  0.29119004 0.14694622]
Stiffness (Kp_pos diag): [37.62287, 157.97005, 156.75311]
Stiffness (Kp_ori): [15.202463, 49.764755, 16.862295]
--------------------------
[INFO] [1788542685.361240950] [rl_env_node]: 
--- ACTION DIAGNOSTICS ---
Raw delta pos: [-0.6196693  -0.8740656   0.98288727]
Safe target pos: [ 0.46810423 -0.0268929   0.13917774]
Target orientation (quat): [0.85442249 0.40347203 0.29278436 0.14645767]
Stiffness (Kp_pos diag): [36.79182, 157.96147, 156.08212]
Stiffness (Kp_ori): [15.207583, 49.78835, 16.838135]
--------------------------
[INFO] [1788542685.402721768] [rl_env_node]: 
--- ACTION DIAGNOSTICS ---
Raw delta pos: [-0.62373906 -0.8790893   0.98215985]
Safe target pos: [ 0.47149781 -0.0260364   0.13617774]
Target orientation (quat): [0.85467043 0.40191624 0.29438881 0.146072  ]
Stiffness (Kp_pos diag): [37.16681, 157.97684, 156.11824]
Stiffness (Kp_ori): [15.203289, 49.776047, 16.80985]
--------------------------
[INFO] [1788542685.452728613] [rl_env_node]: 
--- ACTION DIAGNOSTICS ---
Raw delta pos: [-0.6347449 -0.8805793  0.9830849]
Safe target pos: [ 0.47495553 -0.02549403  0.13317774]
Target orientation (quat): [0.8548905  0.40041249 0.29596749 0.14572344]
Stiffness (Kp_pos diag): [37.654728, 158.08884, 156.11519]
Stiffness (Kp_ori): [15.208609, 49.781548, 16.77585]
--------------------------
[INFO] [1788542685.503485372] [rl_env_node]: 
--- ACTION DIAGNOSTICS ---
Raw delta pos: [-0.63837    -0.88818896  0.98354447]
Safe target pos: [ 0.47844979 -0.02529367  0.13017774]
Target orientation (quat): [0.85518187 0.39881336 0.29749851 0.14528081]
Stiffness (Kp_pos diag): [39.791397, 158.30235, 155.67734]
Stiffness (Kp_ori): [15.201428, 49.788742, 16.664042]
--------------------------
[INFO] [1788542685.554511874] [rl_env_node]: 
--- ACTION DIAGNOSTICS ---
Raw delta pos: [-0.6508779 -0.8809284  0.9834057]
Safe target pos: [ 0.4819473  -0.02542567  0.12717774]
Target orientation (quat): [0.85546836 0.39727973 0.29893556 0.14484557]
Stiffness (Kp_pos diag): [38.160545, 158.12726, 155.81903]
Stiffness (Kp_ori): [15.211288, 49.78151, 16.666378]
--------------------------
[INFO] [1788542685.608270513] [rl_env_node]: 
--- ACTION DIAGNOSTICS ---
Raw delta pos: [-0.65434736 -0.8814964   0.9837594 ]
Safe target pos: [ 0.48541737 -0.02588245  0.12417774]
Target orientation (quat): [0.85577612 0.39559778 0.30047993 0.14443487]
Stiffness (Kp_pos diag): [38.56786, 158.13704, 155.83925]
Stiffness (Kp_ori): [15.221945, 49.780247, 16.691088]
--------------------------
[INFO] [1788542685.653500489] [rl_env_node]: 
--- ACTION DIAGNOSTICS ---
Raw delta pos: [-0.66286355 -0.8893559   0.98326397]
Safe target pos: [ 0.48883378 -0.0266428   0.12117774]
Target orientation (quat): [0.85607619 0.39408206 0.30180595 0.14403494]
Stiffness (Kp_pos diag): [39.15283, 158.10829, 155.3444]
Stiffness (Kp_ori): [15.217685, 49.776134, 16.623941]
--------------------------
[INFO] [1788542685.709080276] [rl_env_node]: 
--- ACTION DIAGNOSTICS ---
Raw delta pos: [-0.6795339 -0.8898042  0.9830512]
Safe target pos: [ 0.49216293 -0.02772297  0.11817774]
Target orientation (quat): [0.85655623 0.39243549 0.30289946 0.14337967]
Stiffness (Kp_pos diag): [40.550884, 158.29747, 154.80101]
Stiffness (Kp_ori): [15.203233, 49.78397, 16.604702]
--------------------------
[INFO] [1788542685.753303519] [rl_env_node]: 
--- ACTION DIAGNOSTICS ---
Raw delta pos: [-0.691035   -0.88791275  0.9841511 ]
Safe target pos: [ 0.49536837 -0.02912837  0.11517774]
Target orientation (quat): [0.85709035 0.39068915 0.30401315 0.14259777]
Stiffness (Kp_pos diag): [39.32743, 158.28963, 155.03986]
Stiffness (Kp_ori): [15.210878, 49.777435, 16.475754]
--------------------------
[INFO] [1788542685.801808747] [rl_env_node]: 
================================================================ OBS SNAPSHOT ================================================================
  [00:06]  joint_pos      = [-0.0782  +0.2159  -0.0724  -2.7245  -0.1793  +3.5321  +0.6251]
  [07:13]  cos(jnt_pos)   = [+0.9969  +0.9768  +0.9974  -0.9143  +0.9840  -0.9247  +0.8109]
  [14:20]  sin(jnt_pos)   = [-0.0782  +0.2142  -0.0723  -0.4051  -0.1783  -0.3806  +0.5852]
  [21:27]  joint_vel      = [+0.0045  +0.0768  +0.0159  +0.0194  -0.0011  +0.0885  +0.0885]
  [28:34]  joint_acc      = [+0.0229  +0.2674  -0.0967  +0.1781  -0.0056  +0.2901  -0.3790]
  [35:37]  eef_pos(TCP)   = [+0.4683  -0.0463  +0.1736]  (eraser tip)
  [38:41]  eef_quat       = [+0.8430  +0.4527  +0.2489  +0.1497]  (flange xyzw)
  [42:45]  eef_quat_site  = [+0.7420  +0.4208  -0.1344  -0.5043]  (grip-site xyzw)
  [46]     contact        = 1  (|Fz|>2N)
  [47:81]  markers (active=1):
    M0 (WIPED  )  pos=[+0.4551  -0.0916  +0.1242]  g2m=[-0.0133  -0.0453  -0.0494]
    M1 (active )  pos=[+0.4742  -0.0495  +0.1101]  g2m=[+0.0059  -0.0032  -0.0635]
    M2 (pending)  pos=[+0.5030  -0.0051  +0.0889]  g2m=[+0.0347  +0.0413  -0.0847]
    M3 (pending)  pos=[+0.5355  +0.0643  +0.0649]  g2m=[+0.0672  +0.1106  -0.1087]
    M4 (pending)  pos=[+0.5722  +0.1253  +0.0379]  g2m=[+0.1038  +0.1717  -0.1357]
  [82:84]  g2active_wp    = [+0.0059  -0.0032  -0.0635]
  ICRA FORCE METRICS      : Fz_mean= 4.19N  Fz_peak= 9.36N  Fz_violations(>5N)=11 (35.5%)
  obs_dim  = 85
=============================================================================================================================================
[INFO] [1788542685.807968267] [rl_env_node]: 
--- ACTION DIAGNOSTICS ---
Raw delta pos: [-0.69567335 -0.8809354   0.9837804 ]
Safe target pos: [ 0.49844853 -0.03079048  0.11217774]
Target orientation (quat): [0.85753218 0.38898137 0.30521545 0.14204077]
Stiffness (Kp_pos diag): [37.360985, 157.94527, 155.41005]
Stiffness (Kp_ori): [15.23617, 49.7627, 16.515238]
--------------------------
[INFO] [1788542685.853194059] [rl_env_node]: 
--- ACTION DIAGNOSTICS ---
Raw delta pos: [-0.6889987 -0.8902842  0.9854139]
Safe target pos: [ 0.50135323 -0.03274311  0.10917774]
Target orientation (quat): [0.85786755 0.38712789 0.30675526 0.14176204]
Stiffness (Kp_pos diag): [37.65754, 157.99394, 154.70003]
Stiffness (Kp_ori): [15.2599745, 49.77896, 16.470682]
--------------------------
[INFO] [1788542685.903298421] [rl_env_node]: 
--- ACTION DIAGNOSTICS ---
Raw delta pos: [-0.71148694 -0.8963886   0.9839132 ]
Safe target pos: [ 0.50401895 -0.03501112  0.10617774]
Target orientation (quat): [0.85829313 0.38517978 0.30815001 0.14146734]
Stiffness (Kp_pos diag): [38.560974, 157.92809, 154.08981]
Stiffness (Kp_ori): [15.241194, 49.7677, 16.476149]
--------------------------
[INFO] [1788542685.953545899] [rl_env_node]: 
--- ACTION DIAGNOSTICS ---
Raw delta pos: [-0.71614563 -0.889317    0.98483133]
Safe target pos: [ 0.50637243 -0.03760171  0.10317774]
Target orientation (quat): [0.85873737 0.38326199 0.30941883 0.14121038]
Stiffness (Kp_pos diag): [35.106533, 157.54166, 154.71883]
Stiffness (Kp_ori): [15.277143, 49.753445, 16.286745]
--------------------------
[INFO] [1788542686.003079502] [rl_env_node]: 
--- ACTION DIAGNOSTICS ---
Raw delta pos: [-0.73392195 -0.8948082   0.9834703 ]
Safe target pos: [ 0.50637243 -0.03760171  0.10017774]
Target orientation (quat): [0.85912597 0.38134379 0.3107683  0.14107636]
Stiffness (Kp_pos diag): [35.804577, 157.58498, 154.1352]
Stiffness (Kp_ori): [15.26534, 49.749893, 16.415546]
--------------------------
[INFO] [1788542686.052880475] [rl_env_node]: 
--- ACTION DIAGNOSTICS ---
Raw delta pos: [-0.7201043  -0.9035429   0.98366284]
Safe target pos: [ 0.50637243 -0.03760171  0.15912515]
Target orientation (quat): [0.85953377 0.37938353 0.31207724 0.14098808]
Stiffness (Kp_pos diag): [36.449497, 157.50984, 153.65424]
Stiffness (Kp_ori): [15.272705, 49.75072, 16.376684]
--------------------------
[INFO] [1788542686.102895207] [rl_env_node]: 
--- ACTION DIAGNOSTICS ---
Raw delta pos: [-0.7195069  -0.89620274  0.983798  ]
Safe target pos: [ 0.50637243 -0.03760171  0.15612515]
Target orientation (quat): [0.8599376  0.37761108 0.31314048 0.14092634]
Stiffness (Kp_pos diag): [35.02916, 157.15062, 154.17238]
Stiffness (Kp_ori): [15.290456, 49.744755, 16.368786]
--------------------------
[INFO] [1788542686.154252218] [rl_env_node]: 
--- ACTION DIAGNOSTICS ---
Raw delta pos: [-0.7562699  -0.89341867  0.98121893]
Safe target pos: [ 0.50637243 -0.03760171  0.15312515]
Target orientation (quat): [0.86033587 0.37614238 0.31390413 0.14072418]
Stiffness (Kp_pos diag): [33.555065, 156.88632, 154.20216]
Stiffness (Kp_ori): [15.265153, 49.712074, 16.168722]
--------------------------
[INFO] [1788542686.209157229] [rl_env_node]: 
--- ACTION DIAGNOSTICS ---
Raw delta pos: [-0.7503559  -0.89381236  0.9818938 ]
Safe target pos: [ 0.50637243 -0.03760171  0.15012515]
Target orientation (quat): [0.86059736 0.37452033 0.31514606 0.14067575]
Stiffness (Kp_pos diag): [35.953316, 157.16954, 153.75264]
Stiffness (Kp_ori): [15.281797, 49.745518, 16.422144]
--------------------------
[INFO] [1788542686.253778178] [rl_env_node]: 
--- ACTION DIAGNOSTICS ---
Raw delta pos: [-0.75730646 -0.90402275  0.9798101 ]
Safe target pos: [ 0.50637243 -0.03760171  0.14712515]
Target orientation (quat): [0.86080523 0.37295554 0.3164363  0.14066483]
Stiffness (Kp_pos diag): [37.165287, 157.14789, 153.60786]
Stiffness (Kp_ori): [15.247476, 49.72771, 16.338774]
--------------------------
[INFO] [1788542686.302618883] [rl_env_node]: 
--- ACTION DIAGNOSTICS ---
Raw delta pos: [-0.742359   -0.9063693   0.98195755]
Safe target pos: [ 0.50637243 -0.03760171  0.14412515]
Target orientation (quat): [0.86096562 0.37145889 0.31774135 0.14070159]
Stiffness (Kp_pos diag): [37.131878, 157.21744, 153.88947]
Stiffness (Kp_ori): [15.268681, 49.741356, 16.14353]
--------------------------
[INFO] [1788542686.351400507] [rl_env_node]: 
================================================================ OBS SNAPSHOT ================================================================
  [00:06]  joint_pos      = [-0.0780  +0.2735  -0.0708  -2.6910  -0.1793  +3.5822  +0.6694]
  [07:13]  cos(jnt_pos)   = [+0.9970  +0.9628  +0.9975  -0.9002  +0.9840  -0.9045  +0.7842]
  [14:20]  sin(jnt_pos)   = [-0.0779  +0.2701  -0.0707  -0.4355  -0.1783  -0.4265  +0.6205]
  [21:27]  joint_vel      = [-0.0001  +0.0563  -0.0006  +0.0186  -0.0007  +0.1012  +0.0501]
  [28:34]  joint_acc      = [+0.0321  -0.1528  -0.0206  -0.2306  -0.0093  +0.3586  -0.2146]
  [35:37]  eef_pos(TCP)   = [+0.4782  -0.0464  +0.1657]  (eraser tip)
  [38:41]  eef_quat       = [+0.8482  +0.4346  +0.2635  +0.1489]  (flange xyzw)
  [42:45]  eef_quat_site  = [+0.7436  +0.4179  -0.1115  -0.5099]  (grip-site xyzw)
  [46]     contact        = 1  (|Fz|>2N)
  [47:81]  markers (active=1):
    M0 (WIPED  )  pos=[+0.4551  -0.0916  +0.1242]  g2m=[-0.0232  -0.0452  -0.0415]
    M1 (active )  pos=[+0.4742  -0.0495  +0.1101]  g2m=[-0.0040  -0.0031  -0.0556]
    M2 (pending)  pos=[+0.5030  -0.0051  +0.0889]  g2m=[+0.0248  +0.0413  -0.0768]
    M3 (pending)  pos=[+0.5355  +0.0643  +0.0649]  g2m=[+0.0573  +0.1107  -0.1008]
    M4 (pending)  pos=[+0.5722  +0.1253  +0.0379]  g2m=[+0.0939  +0.1717  -0.1278]
  [82:84]  g2active_wp    = [-0.0040  -0.0031  -0.0556]
  ICRA FORCE METRICS      : Fz_mean= 4.77N  Fz_peak= 9.36N  Fz_violations(>5N)=17 (40.5%)
  obs_dim  = 85
=============================================================================================================================================
[INFO] [1788542686.352858066] [rl_env_node]: 
--- ACTION DIAGNOSTICS ---
Raw delta pos: [-0.74853915 -0.90029     0.98102903]
Safe target pos: [ 0.50362164 -0.03976577  0.14112515]
Target orientation (quat): [0.86103076 0.37005779 0.31914582 0.14081622]
Stiffness (Kp_pos diag): [36.041904, 156.88501, 154.30347]
Stiffness (Kp_ori): [15.277794, 49.73238, 16.18029]
--------------------------
[INFO] [1788542686.403241683] [rl_env_node]: 
--- ACTION DIAGNOSTICS ---
Raw delta pos: [-0.74885064 -0.9118529   0.98136926]
Safe target pos: [ 0.5008511  -0.04190449  0.13812515]
Target orientation (quat): [0.86110237 0.36869023 0.32049643 0.14089806]
Stiffness (Kp_pos diag): [38.164845, 157.26582, 153.46164]
Stiffness (Kp_ori): [15.257882, 49.74272, 16.110592]
--------------------------
[INFO] [1788542686.457121127] [rl_env_node]: 
--- ACTION DIAGNOSTICS ---
Raw delta pos: [-0.7464764  -0.91214424  0.98178804]
Safe target pos: [ 0.49808591 -0.04405012  0.13512515]
Target orientation (quat): [0.8612614  0.3672647  0.32171571 0.1408703 ]
Stiffness (Kp_pos diag): [38.507023, 157.31947, 153.61984]
Stiffness (Kp_ori): [15.258239, 49.73973, 16.0661]
--------------------------
[INFO] [1788542686.506063386] [rl_env_node]: 
--- ACTION DIAGNOSTICS ---
Raw delta pos: [-0.7418184 -0.9111476  0.9821191]
Safe target pos: [ 0.49532505 -0.04620131  0.13212515]
Target orientation (quat): [0.86144878 0.36596173 0.32273205 0.14079073]
Stiffness (Kp_pos diag): [37.86314, 157.22334, 153.95363]
Stiffness (Kp_ori): [15.264901, 49.73176, 16.016983]
--------------------------
[INFO] [1788542686.559345253] [rl_env_node]: 
--- ACTION DIAGNOSTICS ---
Raw delta pos: [-0.745978   -0.9129294   0.98238134]
Safe target pos: [ 0.49257116 -0.04836142  0.12912515]
Target orientation (quat): [0.86171723 0.36459813 0.32363495 0.14061307]
Stiffness (Kp_pos diag): [38.534496, 157.3743, 153.63393]
Stiffness (Kp_ori): [15.259059, 49.733555, 15.98782]
--------------------------
[INFO] [1788542686.603380639] [rl_env_node]: 
--- ACTION DIAGNOSTICS ---
Raw delta pos: [-0.74793416 -0.9093434   0.982316  ]
Safe target pos: [ 0.48982127 -0.05052663  0.12612515]
Target orientation (quat): [0.86195273 0.36328333 0.32454923 0.14046534]
Stiffness (Kp_pos diag): [36.914577, 157.16609, 154.22728]
Stiffness (Kp_ori): [15.270345, 49.72127, 15.985129]
--------------------------
[INFO] [1788542686.653461524] [rl_env_node]: 
--- ACTION DIAGNOSTICS ---
Raw delta pos: [-0.7492576  -0.91335267  0.98267317]
Safe target pos: [ 0.48706147 -0.05267919  0.12312515]
Target orientation (quat): [0.8622698  0.36175881 0.32549192 0.14027244]
Stiffness (Kp_pos diag): [37.99871, 157.31715, 153.56499]
Stiffness (Kp_ori): [15.26567, 49.728558, 15.976986]
--------------------------
[INFO] [1788542686.703394850] [rl_env_node]: 
--- ACTION DIAGNOSTICS ---
Raw delta pos: [-0.74755    -0.91276747  0.9824501 ]
Safe target pos: [ 0.48428294 -0.05480751  0.12012515]
Target orientation (quat): [0.86253843 0.36030556 0.32644698 0.14014182]
Stiffness (Kp_pos diag): [37.486904, 157.17769, 154.15237]
Stiffness (Kp_ori): [15.2732525, 49.712902, 15.985557]
--------------------------
[INFO] [1788542686.752863729] [rl_env_node]: 
--- ACTION DIAGNOSTICS ---
Raw delta pos: [-0.74876356 -0.9138011   0.9824741 ]
Safe target pos: [ 0.48147012 -0.05689031  0.11712515]
Target orientation (quat): [0.86288119 0.35869169 0.32738736 0.13997798]
Stiffness (Kp_pos diag): [36.72694, 157.08986, 153.89192]
Stiffness (Kp_ori): [15.27323, 49.711132, 15.947801]
--------------------------
[INFO] [1788542686.803464897] [rl_env_node]: 
--- ACTION DIAGNOSTICS ---
Raw delta pos: [-0.7520435 -0.9189357  0.9826462]
Safe target pos: [ 0.47862455 -0.05892813  0.15354353]
Target orientation (quat): [0.86332552 0.35690004 0.3282878  0.1397087 ]
Stiffness (Kp_pos diag): [37.702217, 157.3579, 153.38748]
Stiffness (Kp_ori): [15.261169, 49.71742, 15.9384575]
--------------------------
[INFO] [1788542686.851741843] [rl_env_node]: 
================================================================ OBS SNAPSHOT ================================================================
  [00:06]  joint_pos      = [-0.0789  +0.2887  -0.0712  -2.6905  -0.1792  +3.6163  +0.6992]
  [07:13]  cos(jnt_pos)   = [+0.9969  +0.9586  +0.9975  -0.9000  +0.9840  -0.8894  +0.7654]
  [14:20]  sin(jnt_pos)   = [-0.0788  +0.2847  -0.0711  -0.4359  -0.1783  -0.4571  +0.6436]
  [21:27]  joint_vel      = [-0.0064  +0.0189  -0.0041  -0.0021  +0.0009  +0.0528  +0.0632]
  [28:34]  joint_acc      = [-0.0491  -0.1404  -0.0588  -0.0535  +0.0193  -0.0341  -0.2839]
  [35:37]  eef_pos(TCP)   = [+0.4787  -0.0466  +0.1644]  (eraser tip)
  [38:41]  eef_quat       = [+0.8522  +0.4203  +0.2742  +0.1480]  (flange xyzw)
  [42:45]  eef_quat_site  = [+0.7447  +0.4149  -0.0940  -0.5143]  (grip-site xyzw)
  [46]     contact        = 1  (|Fz|>2N)
  [47:81]  markers (active=1):
    M0 (WIPED  )  pos=[+0.4551  -0.0916  +0.1242]  g2m=[-0.0236  -0.0450  -0.0401]
    M1 (active )  pos=[+0.4742  -0.0495  +0.1101]  g2m=[-0.0044  -0.0029  -0.0543]
    M2 (pending)  pos=[+0.5030  -0.0051  +0.0889]  g2m=[+0.0244  +0.0415  -0.0755]
    M3 (pending)  pos=[+0.5355  +0.0643  +0.0649]  g2m=[+0.0569  +0.1109  -0.0994]
    M4 (pending)  pos=[+0.5722  +0.1253  +0.0379]  g2m=[+0.0935  +0.1719  -0.1265]
  [82:84]  g2active_wp    = [-0.0044  -0.0029  -0.0543]
  ICRA FORCE METRICS      : Fz_mean= 4.82N  Fz_peak= 9.36N  Fz_violations(>5N)=22 (42.3%)
  obs_dim  = 85
=============================================================================================================================================
[INFO] [1788542686.856455247] [rl_env_node]: 
--- ACTION DIAGNOSTICS ---
Raw delta pos: [-0.74637604 -0.9135903   0.9819963 ]
Safe target pos: [ 0.47571189 -0.06086887  0.15054353]
Target orientation (quat): [0.86369145 0.35508995 0.32932892 0.13960901]
Stiffness (Kp_pos diag): [36.30675, 156.98613, 154.46442]
Stiffness (Kp_ori): [15.272934, 49.680325, 15.934733]
--------------------------
[INFO] [1788542686.912243711] [rl_env_node]: 
--- ACTION DIAGNOSTICS ---
Raw delta pos: [-0.74234575 -0.9153231   0.9822849 ]
Safe target pos: [ 0.47269556 -0.06264417  0.14754353]
Target orientation (quat): [0.86400357 0.35360393 0.33009898 0.13963079]
Stiffness (Kp_pos diag): [36.47987, 157.00055, 154.44116]
Stiffness (Kp_ori): [15.280215, 49.685104, 15.923705]
--------------------------
[INFO] [1788542686.953927680] [rl_env_node]: 
--- ACTION DIAGNOSTICS ---
Raw delta pos: [-0.72888345 -0.91380525  0.98237944]
Safe target pos: [ 0.47269556 -0.06264417  0.14454353]
Target orientation (quat): [0.86424609 0.35220138 0.3308529  0.13989008]
Stiffness (Kp_pos diag): [35.738064, 156.78056, 155.33871]
Stiffness (Kp_ori): [15.307279, 49.64559, 15.842551]
--------------------------
[INFO] [1788542687.004875057] [rl_env_node]: 
--- ACTION DIAGNOSTICS ---
Raw delta pos: [-0.7271947 -0.919137   0.9818871]
Safe target pos: [ 0.47269556 -0.06264417  0.14154353]
Target orientation (quat): [0.86453902 0.35075865 0.33148259 0.1402139 ]
Stiffness (Kp_pos diag): [36.249588, 156.9322, 154.94647]
Stiffness (Kp_ori): [15.305474, 49.64979, 15.87367]
--------------------------
[INFO] [1788542687.056164871] [rl_env_node]: 
--- ACTION DIAGNOSTICS ---
Raw delta pos: [-0.7222304  -0.91903484  0.98195446]
Safe target pos: [ 0.47269556 -0.06264417  0.13854353]
Target orientation (quat): [0.86480113 0.3492429  0.33223697 0.14059517]
Stiffness (Kp_pos diag): [34.765793, 156.82324, 155.12819]
Stiffness (Kp_ori): [15.316372, 49.63966, 15.866581]
--------------------------
[INFO] [1788542687.105020053] [rl_env_node]: 
--- ACTION DIAGNOSTICS ---
Raw delta pos: [-0.7149357 -0.9212682  0.9823195]
Safe target pos: [ 0.47269556 -0.06264417  0.13554353]
Target orientation (quat): [0.86506439 0.34778229 0.33294428 0.14092266]
Stiffness (Kp_pos diag): [34.45577, 156.86275, 155.42966]
Stiffness (Kp_ori): [15.329069, 49.62073, 15.836792]
--------------------------
[INFO] [1788542687.161087065] [rl_env_node]: 
--- ACTION DIAGNOSTICS ---
Raw delta pos: [-0.7147854  -0.92215025  0.98196995]
Safe target pos: [ 0.47269556 -0.06264417  0.13254353]
Target orientation (quat): [0.86528697 0.34623116 0.33384501 0.14124427]
Stiffness (Kp_pos diag): [32.767433, 156.7376, 155.29431]
Stiffness (Kp_ori): [15.33563, 49.620766, 15.873845]
--------------------------
[INFO] [1788542687.204010097] [rl_env_node]: 
--- ACTION DIAGNOSTICS ---
Raw delta pos: [-0.7148644  -0.92497706  0.98122036]
Safe target pos: [ 0.47269556 -0.06264417  0.12954353]
Target orientation (quat): [0.86549333 0.3446432  0.3348562  0.14146973]
Stiffness (Kp_pos diag): [31.676706, 156.5906, 155.12799]
Stiffness (Kp_ori): [15.32516, 49.607964, 15.869639]
