[0.091s] DEBUG:colcon:Command line arguments: ['/usr/bin/colcon', 'build', '--packages-select', 'franka_example_controllers']
[0.091s] DEBUG:colcon:Parsed command line arguments: Namespace(log_base=None, log_level=None, verb_name='build', build_base='build', install_base='install', merge_install=False, symlink_install=False, test_result_base=None, continue_on_error=False, executor='parallel', parallel_workers=16, event_handlers=None, ignore_user_meta=False, metas=['./colcon.meta'], base_paths=['.'], packages_ignore=None, packages_ignore_regex=None, paths=None, packages_up_to=None, packages_up_to_regex=None, packages_above=None, packages_above_and_dependencies=None, packages_above_depth=None, packages_select_by_dep=None, packages_skip_by_dep=None, packages_skip_up_to=None, packages_select_build_failed=False, packages_skip_build_finished=False, packages_select_test_failures=False, packages_skip_test_passed=False, packages_select=['franka_example_controllers'], packages_skip=None, packages_select_regex=None, packages_skip_regex=None, packages_start=None, packages_end=None, allow_overriding=[], cmake_args=None, cmake_target=None, cmake_target_skip_unavailable=False, cmake_clean_cache=False, cmake_clean_first=False, cmake_force_configure=False, ament_cmake_args=None, catkin_cmake_args=None, catkin_skip_building_tests=False, mixin_files=None, mixin=None, verb_parser=<colcon_mixin.mixin.mixin_argument.MixinArgumentDecorator object at 0x7f66ef409450>, verb_extension=<colcon_core.verb.build.BuildVerb object at 0x7f66ef408400>, main=<bound method BuildVerb.main of <colcon_core.verb.build.BuildVerb object at 0x7f66ef408400>>, mixin_verb=('build',))
[0.305s] Level 1:colcon.colcon_core.package_discovery:discover_packages(colcon_meta) check parameters
[0.306s] Level 1:colcon.colcon_core.package_discovery:discover_packages(recursive) check parameters
[0.306s] Level 1:colcon.colcon_core.package_discovery:discover_packages(ignore) check parameters
[0.306s] Level 1:colcon.colcon_core.package_discovery:discover_packages(path) check parameters
[0.306s] Level 1:colcon.colcon_core.package_discovery:discover_packages(colcon_meta) discover
[0.306s] Level 1:colcon.colcon_core.package_discovery:discover_packages(recursive) discover
[0.306s] INFO:colcon.colcon_core.package_discovery:Crawling recursively for packages in '/home/userlab/cjimenez/riemannian_rl'
[0.306s] Level 1:colcon.colcon_core.package_identification:_identify(.) by extensions ['ignore', 'ignore_ament_install']
[0.306s] Level 1:colcon.colcon_core.package_identification:_identify(.) by extension 'ignore'
[0.306s] Level 1:colcon.colcon_core.package_identification:_identify(.) by extension 'ignore_ament_install'
[0.306s] Level 1:colcon.colcon_core.package_identification:_identify(.) by extensions ['colcon_pkg']
[0.306s] Level 1:colcon.colcon_core.package_identification:_identify(.) by extension 'colcon_pkg'
[0.306s] Level 1:colcon.colcon_core.package_identification:_identify(.) by extensions ['colcon_meta']
[0.306s] Level 1:colcon.colcon_core.package_identification:_identify(.) by extension 'colcon_meta'
[0.306s] Level 1:colcon.colcon_core.package_identification:_identify(.) by extensions ['ros']
[0.306s] Level 1:colcon.colcon_core.package_identification:_identify(.) by extension 'ros'
[0.326s] Level 1:colcon.colcon_core.package_identification:_identify(.) by extensions ['cmake', 'python']
[0.326s] Level 1:colcon.colcon_core.package_identification:_identify(.) by extension 'cmake'
[0.326s] Level 1:colcon.colcon_core.package_identification:_identify(.) by extension 'python'
[0.326s] Level 1:colcon.colcon_core.package_identification:_identify(.) by extensions ['python_setup_py']
[0.326s] Level 1:colcon.colcon_core.package_identification:_identify(.) by extension 'python_setup_py'
[0.326s] Level 1:colcon.colcon_core.package_identification:_identify(Log) by extensions ['ignore', 'ignore_ament_install']
[0.327s] Level 1:colcon.colcon_core.package_identification:_identify(Log) by extension 'ignore'
[0.327s] Level 1:colcon.colcon_core.package_identification:_identify(Log) by extension 'ignore_ament_install'
[0.327s] Level 1:colcon.colcon_core.package_identification:_identify(Log) by extensions ['colcon_pkg']
[0.327s] Level 1:colcon.colcon_core.package_identification:_identify(Log) by extension 'colcon_pkg'
[0.327s] Level 1:colcon.colcon_core.package_identification:_identify(Log) by extensions ['colcon_meta']
[0.327s] Level 1:colcon.colcon_core.package_identification:_identify(Log) by extension 'colcon_meta'
[0.327s] Level 1:colcon.colcon_core.package_identification:_identify(Log) by extensions ['ros']
[0.327s] Level 1:colcon.colcon_core.package_identification:_identify(Log) by extension 'ros'
[0.327s] Level 1:colcon.colcon_core.package_identification:_identify(Log) by extensions ['cmake', 'python']
[0.327s] Level 1:colcon.colcon_core.package_identification:_identify(Log) by extension 'cmake'
[0.327s] Level 1:colcon.colcon_core.package_identification:_identify(Log) by extension 'python'
[0.327s] Level 1:colcon.colcon_core.package_identification:_identify(Log) by extensions ['python_setup_py']
[0.327s] Level 1:colcon.colcon_core.package_identification:_identify(Log) by extension 'python_setup_py'
[0.327s] Level 1:colcon.colcon_core.package_identification:_identify(__pycache__) by extensions ['ignore', 'ignore_ament_install']
[0.327s] Level 1:colcon.colcon_core.package_identification:_identify(__pycache__) by extension 'ignore'
[0.327s] Level 1:colcon.colcon_core.package_identification:_identify(__pycache__) by extension 'ignore_ament_install'
[0.327s] Level 1:colcon.colcon_core.package_identification:_identify(__pycache__) by extensions ['colcon_pkg']
[0.327s] Level 1:colcon.colcon_core.package_identification:_identify(__pycache__) by extension 'colcon_pkg'
[0.327s] Level 1:colcon.colcon_core.package_identification:_identify(__pycache__) by extensions ['colcon_meta']
[0.327s] Level 1:colcon.colcon_core.package_identification:_identify(__pycache__) by extension 'colcon_meta'
[0.327s] Level 1:colcon.colcon_core.package_identification:_identify(__pycache__) by extensions ['ros']
[0.328s] Level 1:colcon.colcon_core.package_identification:_identify(__pycache__) by extension 'ros'
[0.328s] Level 1:colcon.colcon_core.package_identification:_identify(__pycache__) by extensions ['cmake', 'python']
[0.328s] Level 1:colcon.colcon_core.package_identification:_identify(__pycache__) by extension 'cmake'
[0.328s] Level 1:colcon.colcon_core.package_identification:_identify(__pycache__) by extension 'python'
[0.328s] Level 1:colcon.colcon_core.package_identification:_identify(__pycache__) by extensions ['python_setup_py']
[0.328s] Level 1:colcon.colcon_core.package_identification:_identify(__pycache__) by extension 'python_setup_py'
[0.328s] Level 1:colcon.colcon_core.package_identification:_identify(build) by extensions ['ignore', 'ignore_ament_install']
[0.328s] Level 1:colcon.colcon_core.package_identification:_identify(build) by extension 'ignore'
[0.328s] Level 1:colcon.colcon_core.package_identification:_identify(build) ignored
[0.328s] Level 1:colcon.colcon_core.package_identification:_identify(checkpoints) by extensions ['ignore', 'ignore_ament_install']
[0.328s] Level 1:colcon.colcon_core.package_identification:_identify(checkpoints) by extension 'ignore'
[0.328s] Level 1:colcon.colcon_core.package_identification:_identify(checkpoints) by extension 'ignore_ament_install'
[0.328s] Level 1:colcon.colcon_core.package_identification:_identify(checkpoints) by extensions ['colcon_pkg']
[0.328s] Level 1:colcon.colcon_core.package_identification:_identify(checkpoints) by extension 'colcon_pkg'
[0.328s] Level 1:colcon.colcon_core.package_identification:_identify(checkpoints) by extensions ['colcon_meta']
[0.328s] Level 1:colcon.colcon_core.package_identification:_identify(checkpoints) by extension 'colcon_meta'
[0.328s] Level 1:colcon.colcon_core.package_identification:_identify(checkpoints) by extensions ['ros']
[0.328s] Level 1:colcon.colcon_core.package_identification:_identify(checkpoints) by extension 'ros'
[0.328s] Level 1:colcon.colcon_core.package_identification:_identify(checkpoints) by extensions ['cmake', 'python']
[0.329s] Level 1:colcon.colcon_core.package_identification:_identify(checkpoints) by extension 'cmake'
[0.329s] Level 1:colcon.colcon_core.package_identification:_identify(checkpoints) by extension 'python'
[0.329s] Level 1:colcon.colcon_core.package_identification:_identify(checkpoints) by extensions ['python_setup_py']
[0.329s] Level 1:colcon.colcon_core.package_identification:_identify(checkpoints) by extension 'python_setup_py'
[0.329s] Level 1:colcon.colcon_core.package_identification:_identify(checkpoints/SAC_WIPE_ICRA_BASELINE) by extensions ['ignore', 'ignore_ament_install']
[0.329s] Level 1:colcon.colcon_core.package_identification:_identify(checkpoints/SAC_WIPE_ICRA_BASELINE) by extension 'ignore'
[0.329s] Level 1:colcon.colcon_core.package_identification:_identify(checkpoints/SAC_WIPE_ICRA_BASELINE) by extension 'ignore_ament_install'
[0.329s] Level 1:colcon.colcon_core.package_identification:_identify(checkpoints/SAC_WIPE_ICRA_BASELINE) by extensions ['colcon_pkg']
[0.329s] Level 1:colcon.colcon_core.package_identification:_identify(checkpoints/SAC_WIPE_ICRA_BASELINE) by extension 'colcon_pkg'
[0.329s] Level 1:colcon.colcon_core.package_identification:_identify(checkpoints/SAC_WIPE_ICRA_BASELINE) by extensions ['colcon_meta']
[0.329s] Level 1:colcon.colcon_core.package_identification:_identify(checkpoints/SAC_WIPE_ICRA_BASELINE) by extension 'colcon_meta'
[0.329s] Level 1:colcon.colcon_core.package_identification:_identify(checkpoints/SAC_WIPE_ICRA_BASELINE) by extensions ['ros']
[0.329s] Level 1:colcon.colcon_core.package_identification:_identify(checkpoints/SAC_WIPE_ICRA_BASELINE) by extension 'ros'
[0.329s] Level 1:colcon.colcon_core.package_identification:_identify(checkpoints/SAC_WIPE_ICRA_BASELINE) by extensions ['cmake', 'python']
[0.329s] Level 1:colcon.colcon_core.package_identification:_identify(checkpoints/SAC_WIPE_ICRA_BASELINE) by extension 'cmake'
[0.329s] Level 1:colcon.colcon_core.package_identification:_identify(checkpoints/SAC_WIPE_ICRA_BASELINE) by extension 'python'
[0.329s] Level 1:colcon.colcon_core.package_identification:_identify(checkpoints/SAC_WIPE_ICRA_BASELINE) by extensions ['python_setup_py']
[0.329s] Level 1:colcon.colcon_core.package_identification:_identify(checkpoints/SAC_WIPE_ICRA_BASELINE) by extension 'python_setup_py'
[0.329s] Level 1:colcon.colcon_core.package_identification:_identify(checkpoints/SAC_WIPE_ICRA_BASELINE_DR) by extensions ['ignore', 'ignore_ament_install']
[0.329s] Level 1:colcon.colcon_core.package_identification:_identify(checkpoints/SAC_WIPE_ICRA_BASELINE_DR) by extension 'ignore'
[0.330s] Level 1:colcon.colcon_core.package_identification:_identify(checkpoints/SAC_WIPE_ICRA_BASELINE_DR) by extension 'ignore_ament_install'
[0.330s] Level 1:colcon.colcon_core.package_identification:_identify(checkpoints/SAC_WIPE_ICRA_BASELINE_DR) by extensions ['colcon_pkg']
[0.330s] Level 1:colcon.colcon_core.package_identification:_identify(checkpoints/SAC_WIPE_ICRA_BASELINE_DR) by extension 'colcon_pkg'
[0.330s] Level 1:colcon.colcon_core.package_identification:_identify(checkpoints/SAC_WIPE_ICRA_BASELINE_DR) by extensions ['colcon_meta']
[0.330s] Level 1:colcon.colcon_core.package_identification:_identify(checkpoints/SAC_WIPE_ICRA_BASELINE_DR) by extension 'colcon_meta'
[0.330s] Level 1:colcon.colcon_core.package_identification:_identify(checkpoints/SAC_WIPE_ICRA_BASELINE_DR) by extensions ['ros']
[0.330s] Level 1:colcon.colcon_core.package_identification:_identify(checkpoints/SAC_WIPE_ICRA_BASELINE_DR) by extension 'ros'
[0.330s] Level 1:colcon.colcon_core.package_identification:_identify(checkpoints/SAC_WIPE_ICRA_BASELINE_DR) by extensions ['cmake', 'python']
[0.330s] Level 1:colcon.colcon_core.package_identification:_identify(checkpoints/SAC_WIPE_ICRA_BASELINE_DR) by extension 'cmake'
[0.330s] Level 1:colcon.colcon_core.package_identification:_identify(checkpoints/SAC_WIPE_ICRA_BASELINE_DR) by extension 'python'
[0.330s] Level 1:colcon.colcon_core.package_identification:_identify(checkpoints/SAC_WIPE_ICRA_BASELINE_DR) by extensions ['python_setup_py']
[0.330s] Level 1:colcon.colcon_core.package_identification:_identify(checkpoints/SAC_WIPE_ICRA_BASELINE_DR) by extension 'python_setup_py'
[0.330s] Level 1:colcon.colcon_core.package_identification:_identify(checkpoints/SAC_WIPE_ICRA_SPD) by extensions ['ignore', 'ignore_ament_install']
[0.330s] Level 1:colcon.colcon_core.package_identification:_identify(checkpoints/SAC_WIPE_ICRA_SPD) by extension 'ignore'
[0.330s] Level 1:colcon.colcon_core.package_identification:_identify(checkpoints/SAC_WIPE_ICRA_SPD) by extension 'ignore_ament_install'
[0.330s] Level 1:colcon.colcon_core.package_identification:_identify(checkpoints/SAC_WIPE_ICRA_SPD) by extensions ['colcon_pkg']
[0.330s] Level 1:colcon.colcon_core.package_identification:_identify(checkpoints/SAC_WIPE_ICRA_SPD) by extension 'colcon_pkg'
[0.330s] Level 1:colcon.colcon_core.package_identification:_identify(checkpoints/SAC_WIPE_ICRA_SPD) by extensions ['colcon_meta']
[0.330s] Level 1:colcon.colcon_core.package_identification:_identify(checkpoints/SAC_WIPE_ICRA_SPD) by extension 'colcon_meta'
[0.330s] Level 1:colcon.colcon_core.package_identification:_identify(checkpoints/SAC_WIPE_ICRA_SPD) by extensions ['ros']
[0.330s] Level 1:colcon.colcon_core.package_identification:_identify(checkpoints/SAC_WIPE_ICRA_SPD) by extension 'ros'
[0.330s] Level 1:colcon.colcon_core.package_identification:_identify(checkpoints/SAC_WIPE_ICRA_SPD) by extensions ['cmake', 'python']
[0.331s] Level 1:colcon.colcon_core.package_identification:_identify(checkpoints/SAC_WIPE_ICRA_SPD) by extension 'cmake'
[0.331s] Level 1:colcon.colcon_core.package_identification:_identify(checkpoints/SAC_WIPE_ICRA_SPD) by extension 'python'
[0.331s] Level 1:colcon.colcon_core.package_identification:_identify(checkpoints/SAC_WIPE_ICRA_SPD) by extensions ['python_setup_py']
[0.331s] Level 1:colcon.colcon_core.package_identification:_identify(checkpoints/SAC_WIPE_ICRA_SPD) by extension 'python_setup_py'
[0.331s] Level 1:colcon.colcon_core.package_identification:_identify(checkpoints/SAC_WIPE_ICRA_SPD_DR) by extensions ['ignore', 'ignore_ament_install']
[0.331s] Level 1:colcon.colcon_core.package_identification:_identify(checkpoints/SAC_WIPE_ICRA_SPD_DR) by extension 'ignore'
[0.331s] Level 1:colcon.colcon_core.package_identification:_identify(checkpoints/SAC_WIPE_ICRA_SPD_DR) by extension 'ignore_ament_install'
[0.331s] Level 1:colcon.colcon_core.package_identification:_identify(checkpoints/SAC_WIPE_ICRA_SPD_DR) by extensions ['colcon_pkg']
[0.331s] Level 1:colcon.colcon_core.package_identification:_identify(checkpoints/SAC_WIPE_ICRA_SPD_DR) by extension 'colcon_pkg'
[0.331s] Level 1:colcon.colcon_core.package_identification:_identify(checkpoints/SAC_WIPE_ICRA_SPD_DR) by extensions ['colcon_meta']
[0.331s] Level 1:colcon.colcon_core.package_identification:_identify(checkpoints/SAC_WIPE_ICRA_SPD_DR) by extension 'colcon_meta'
[0.332s] Level 1:colcon.colcon_core.package_identification:_identify(checkpoints/SAC_WIPE_ICRA_SPD_DR) by extensions ['ros']
[0.332s] Level 1:colcon.colcon_core.package_identification:_identify(checkpoints/SAC_WIPE_ICRA_SPD_DR) by extension 'ros'
[0.332s] Level 1:colcon.colcon_core.package_identification:_identify(checkpoints/SAC_WIPE_ICRA_SPD_DR) by extensions ['cmake', 'python']
[0.332s] Level 1:colcon.colcon_core.package_identification:_identify(checkpoints/SAC_WIPE_ICRA_SPD_DR) by extension 'cmake'
[0.332s] Level 1:colcon.colcon_core.package_identification:_identify(checkpoints/SAC_WIPE_ICRA_SPD_DR) by extension 'python'
[0.332s] Level 1:colcon.colcon_core.package_identification:_identify(checkpoints/SAC_WIPE_ICRA_SPD_DR) by extensions ['python_setup_py']
[0.332s] Level 1:colcon.colcon_core.package_identification:_identify(checkpoints/SAC_WIPE_ICRA_SPD_DR) by extension 'python_setup_py'
[0.332s] Level 1:colcon.colcon_core.package_identification:_identify(franka_experiments_metrics) by extensions ['ignore', 'ignore_ament_install']
[0.332s] Level 1:colcon.colcon_core.package_identification:_identify(franka_experiments_metrics) by extension 'ignore'
[0.332s] Level 1:colcon.colcon_core.package_identification:_identify(franka_experiments_metrics) by extension 'ignore_ament_install'
[0.333s] Level 1:colcon.colcon_core.package_identification:_identify(franka_experiments_metrics) by extensions ['colcon_pkg']
[0.333s] Level 1:colcon.colcon_core.package_identification:_identify(franka_experiments_metrics) by extension 'colcon_pkg'
[0.333s] Level 1:colcon.colcon_core.package_identification:_identify(franka_experiments_metrics) by extensions ['colcon_meta']
[0.333s] Level 1:colcon.colcon_core.package_identification:_identify(franka_experiments_metrics) by extension 'colcon_meta'
[0.333s] Level 1:colcon.colcon_core.package_identification:_identify(franka_experiments_metrics) by extensions ['ros']
[0.333s] Level 1:colcon.colcon_core.package_identification:_identify(franka_experiments_metrics) by extension 'ros'
[0.333s] Level 1:colcon.colcon_core.package_identification:_identify(franka_experiments_metrics) by extensions ['cmake', 'python']
[0.333s] Level 1:colcon.colcon_core.package_identification:_identify(franka_experiments_metrics) by extension 'cmake'
[0.333s] Level 1:colcon.colcon_core.package_identification:_identify(franka_experiments_metrics) by extension 'python'
[0.333s] Level 1:colcon.colcon_core.package_identification:_identify(franka_experiments_metrics) by extensions ['python_setup_py']
[0.333s] Level 1:colcon.colcon_core.package_identification:_identify(franka_experiments_metrics) by extension 'python_setup_py'
[0.333s] Level 1:colcon.colcon_core.package_identification:_identify(franka_experiments_metrics/baseline) by extensions ['ignore', 'ignore_ament_install']
[0.333s] Level 1:colcon.colcon_core.package_identification:_identify(franka_experiments_metrics/baseline) by extension 'ignore'
[0.333s] Level 1:colcon.colcon_core.package_identification:_identify(franka_experiments_metrics/baseline) by extension 'ignore_ament_install'
[0.333s] Level 1:colcon.colcon_core.package_identification:_identify(franka_experiments_metrics/baseline) by extensions ['colcon_pkg']
[0.333s] Level 1:colcon.colcon_core.package_identification:_identify(franka_experiments_metrics/baseline) by extension 'colcon_pkg'
[0.333s] Level 1:colcon.colcon_core.package_identification:_identify(franka_experiments_metrics/baseline) by extensions ['colcon_meta']
[0.333s] Level 1:colcon.colcon_core.package_identification:_identify(franka_experiments_metrics/baseline) by extension 'colcon_meta'
[0.333s] Level 1:colcon.colcon_core.package_identification:_identify(franka_experiments_metrics/baseline) by extensions ['ros']
[0.333s] Level 1:colcon.colcon_core.package_identification:_identify(franka_experiments_metrics/baseline) by extension 'ros'
[0.333s] Level 1:colcon.colcon_core.package_identification:_identify(franka_experiments_metrics/baseline) by extensions ['cmake', 'python']
[0.333s] Level 1:colcon.colcon_core.package_identification:_identify(franka_experiments_metrics/baseline) by extension 'cmake'
[0.334s] Level 1:colcon.colcon_core.package_identification:_identify(franka_experiments_metrics/baseline) by extension 'python'
[0.334s] Level 1:colcon.colcon_core.package_identification:_identify(franka_experiments_metrics/baseline) by extensions ['python_setup_py']
[0.334s] Level 1:colcon.colcon_core.package_identification:_identify(franka_experiments_metrics/baseline) by extension 'python_setup_py'
[0.335s] Level 1:colcon.colcon_core.package_identification:_identify(franka_experiments_metrics/spd) by extensions ['ignore', 'ignore_ament_install']
[0.335s] Level 1:colcon.colcon_core.package_identification:_identify(franka_experiments_metrics/spd) by extension 'ignore'
[0.335s] Level 1:colcon.colcon_core.package_identification:_identify(franka_experiments_metrics/spd) by extension 'ignore_ament_install'
[0.335s] Level 1:colcon.colcon_core.package_identification:_identify(franka_experiments_metrics/spd) by extensions ['colcon_pkg']
[0.335s] Level 1:colcon.colcon_core.package_identification:_identify(franka_experiments_metrics/spd) by extension 'colcon_pkg'
[0.335s] Level 1:colcon.colcon_core.package_identification:_identify(franka_experiments_metrics/spd) by extensions ['colcon_meta']
[0.335s] Level 1:colcon.colcon_core.package_identification:_identify(franka_experiments_metrics/spd) by extension 'colcon_meta'
[0.335s] Level 1:colcon.colcon_core.package_identification:_identify(franka_experiments_metrics/spd) by extensions ['ros']
[0.335s] Level 1:colcon.colcon_core.package_identification:_identify(franka_experiments_metrics/spd) by extension 'ros'
[0.335s] Level 1:colcon.colcon_core.package_identification:_identify(franka_experiments_metrics/spd) by extensions ['cmake', 'python']
[0.335s] Level 1:colcon.colcon_core.package_identification:_identify(franka_experiments_metrics/spd) by extension 'cmake'
[0.335s] Level 1:colcon.colcon_core.package_identification:_identify(franka_experiments_metrics/spd) by extension 'python'
[0.335s] Level 1:colcon.colcon_core.package_identification:_identify(franka_experiments_metrics/spd) by extensions ['python_setup_py']
[0.335s] Level 1:colcon.colcon_core.package_identification:_identify(franka_experiments_metrics/spd) by extension 'python_setup_py'
[0.335s] Level 1:colcon.colcon_core.package_identification:_identify(franka_impedance_controller) by extensions ['ignore', 'ignore_ament_install']
[0.335s] Level 1:colcon.colcon_core.package_identification:_identify(franka_impedance_controller) by extension 'ignore'
[0.335s] Level 1:colcon.colcon_core.package_identification:_identify(franka_impedance_controller) by extension 'ignore_ament_install'
[0.336s] Level 1:colcon.colcon_core.package_identification:_identify(franka_impedance_controller) by extensions ['colcon_pkg']
[0.336s] Level 1:colcon.colcon_core.package_identification:_identify(franka_impedance_controller) by extension 'colcon_pkg'
[0.336s] Level 1:colcon.colcon_core.package_identification:_identify(franka_impedance_controller) by extensions ['colcon_meta']
[0.336s] Level 1:colcon.colcon_core.package_identification:_identify(franka_impedance_controller) by extension 'colcon_meta'
[0.336s] Level 1:colcon.colcon_core.package_identification:_identify(franka_impedance_controller) by extensions ['ros']
[0.336s] Level 1:colcon.colcon_core.package_identification:_identify(franka_impedance_controller) by extension 'ros'
[0.336s] Level 1:colcon.colcon_core.package_identification:_identify(franka_impedance_controller) by extensions ['cmake', 'python']
[0.336s] Level 1:colcon.colcon_core.package_identification:_identify(franka_impedance_controller) by extension 'cmake'
[0.336s] Level 1:colcon.colcon_core.package_identification:_identify(franka_impedance_controller) by extension 'python'
[0.336s] Level 1:colcon.colcon_core.package_identification:_identify(franka_impedance_controller) by extensions ['python_setup_py']
[0.336s] Level 1:colcon.colcon_core.package_identification:_identify(franka_impedance_controller) by extension 'python_setup_py'
[0.336s] Level 1:colcon.colcon_core.package_identification:_identify(install) by extensions ['ignore', 'ignore_ament_install']
[0.336s] Level 1:colcon.colcon_core.package_identification:_identify(install) by extension 'ignore'
[0.336s] Level 1:colcon.colcon_core.package_identification:_identify(install) ignored
[0.336s] Level 1:colcon.colcon_core.package_identification:_identify(log) by extensions ['ignore', 'ignore_ament_install']
[0.337s] Level 1:colcon.colcon_core.package_identification:_identify(log) by extension 'ignore'
[0.337s] Level 1:colcon.colcon_core.package_identification:_identify(log) ignored
[0.337s] Level 1:colcon.colcon_core.package_identification:_identify(scripts) by extensions ['ignore', 'ignore_ament_install']
[0.337s] Level 1:colcon.colcon_core.package_identification:_identify(scripts) by extension 'ignore'
[0.337s] Level 1:colcon.colcon_core.package_identification:_identify(scripts) by extension 'ignore_ament_install'
[0.337s] Level 1:colcon.colcon_core.package_identification:_identify(scripts) by extensions ['colcon_pkg']
[0.337s] Level 1:colcon.colcon_core.package_identification:_identify(scripts) by extension 'colcon_pkg'
[0.337s] Level 1:colcon.colcon_core.package_identification:_identify(scripts) by extensions ['colcon_meta']
[0.337s] Level 1:colcon.colcon_core.package_identification:_identify(scripts) by extension 'colcon_meta'
[0.337s] Level 1:colcon.colcon_core.package_identification:_identify(scripts) by extensions ['ros']
[0.337s] Level 1:colcon.colcon_core.package_identification:_identify(scripts) by extension 'ros'
[0.337s] Level 1:colcon.colcon_core.package_identification:_identify(scripts) by extensions ['cmake', 'python']
[0.337s] Level 1:colcon.colcon_core.package_identification:_identify(scripts) by extension 'cmake'
[0.337s] Level 1:colcon.colcon_core.package_identification:_identify(scripts) by extension 'python'
[0.337s] Level 1:colcon.colcon_core.package_identification:_identify(scripts) by extensions ['python_setup_py']
[0.337s] Level 1:colcon.colcon_core.package_identification:_identify(scripts) by extension 'python_setup_py'
[0.338s] Level 1:colcon.colcon_core.package_discovery:discover_packages(recursive) using defaults
[0.338s] Level 1:colcon.colcon_core.package_discovery:discover_packages(ignore) discover
[0.338s] Level 1:colcon.colcon_core.package_discovery:discover_packages(ignore) using defaults
[0.338s] Level 1:colcon.colcon_core.package_discovery:discover_packages(path) discover
[0.338s] Level 1:colcon.colcon_core.package_discovery:discover_packages(path) using defaults
[0.338s] WARNING:colcon.colcon_core.package_selection:ignoring unknown package 'franka_example_controllers' in --packages-select
[0.356s] Level 1:colcon.colcon_core.package_discovery:discover_packages(prefix_path) check parameters
[0.356s] Level 1:colcon.colcon_core.package_discovery:discover_packages(prefix_path) discover
[0.358s] DEBUG:colcon.colcon_installed_package_information.package_discovery:Found 19 installed packages in /home/userlab/cjimenez/ros2_ws/install
[0.358s] DEBUG:colcon.colcon_installed_package_information.package_discovery:Found 0 installed packages in /home/userlab/cjimenez/riemannian_rl/install
[0.359s] DEBUG:colcon.colcon_installed_package_information.package_discovery:Found 346 installed packages in /opt/ros/humble
[0.361s] Level 1:colcon.colcon_core.package_discovery:discover_packages(prefix_path) using defaults
[0.400s] INFO:colcon.colcon_core.executor:Executing jobs using 'parallel' executor
[0.401s] DEBUG:colcon.colcon_parallel_executor.executor.parallel:run_until_complete
[0.401s] DEBUG:colcon.colcon_parallel_executor.executor.parallel:closing loop
[0.401s] DEBUG:colcon.colcon_parallel_executor.executor.parallel:loop closed
[0.401s] DEBUG:colcon.colcon_parallel_executor.executor.parallel:run_until_complete finished with '0'
[0.401s] DEBUG:colcon.colcon_core.event_reactor:joining thread
[0.405s] INFO:colcon.colcon_core.plugin_system:Skipping extension 'colcon_notification.desktop_notification.terminal_notifier': Not used on non-Darwin systems
[0.405s] INFO:colcon.colcon_core.plugin_system:Skipping extension 'colcon_notification.desktop_notification.win32': Not used on non-Windows systems
[0.405s] INFO:colcon.colcon_notification.desktop_notification:Sending desktop notification using 'notify2'
[0.413s] DEBUG:colcon.colcon_core.event_reactor:joined thread
[0.414s] INFO:colcon.colcon_core.plugin_system:Skipping extension 'colcon_core.shell.bat': Not used on non-Windows systems
[0.414s] INFO:colcon.colcon_core.shell:Creating prefix script '/home/userlab/cjimenez/riemannian_rl/install/local_setup.ps1'
[0.415s] INFO:colcon.colcon_core.shell:Creating prefix util module '/home/userlab/cjimenez/riemannian_rl/install/_local_setup_util_ps1.py'
[0.417s] INFO:colcon.colcon_core.shell:Creating prefix chain script '/home/userlab/cjimenez/riemannian_rl/install/setup.ps1'
[0.419s] INFO:colcon.colcon_core.shell:Creating prefix script '/home/userlab/cjimenez/riemannian_rl/install/local_setup.sh'
[0.420s] INFO:colcon.colcon_core.shell:Creating prefix util module '/home/userlab/cjimenez/riemannian_rl/install/_local_setup_util_sh.py'
[0.420s] INFO:colcon.colcon_core.shell:Creating prefix chain script '/home/userlab/cjimenez/riemannian_rl/install/setup.sh'
[0.422s] INFO:colcon.colcon_core.shell:Creating prefix script '/home/userlab/cjimenez/riemannian_rl/install/local_setup.bash'
[0.422s] INFO:colcon.colcon_core.shell:Creating prefix chain script '/home/userlab/cjimenez/riemannian_rl/install/setup.bash'
[0.426s] INFO:colcon.colcon_core.shell:Creating prefix script '/home/userlab/cjimenez/riemannian_rl/install/local_setup.zsh'
[0.426s] INFO:colcon.colcon_core.shell:Creating prefix chain script '/home/userlab/cjimenez/riemannian_rl/install/setup.zsh'
