TIMESTAMP: 2026-09-04_20-53-09

╔══════════════════════════════════════════════════════════════════════╗
║                ICRA REAL-WORLD ROLLOUT METRICS REPORT                ║
╠══════════════════════════════════════════════════════════════════════╣
║ Config: BASELINE_DR           Method: BASELINE  Duration: 18.55s  ║
╟──────────────────────────────────────────────────────────────────────╢
║ CONTACT FORCE METRICS (Surface Contact Threshold: > 3.0 N)           ║
║   • Mean Normal Force (Fz_mean)     :   4.38 N                      ║
║   • Peak Normal Force (Fz_peak)     :   9.58 N                      ║
║   • Optimal Window (5N <= Fz <= 10N):   28.9 %                      ║
║   • Safety Violations  (Fz > 10N)   :    0.0 %                      ║
║   • Hardware Violations(Fz > 15N)   :    0.0 %                      ║
╟──────────────────────────────────────────────────────────────────────╢
║ STIFFNESS / IMPEDANCE METRICS                                        ║
║   • Physical SPD Validity Rate      :  100.0 %                      ║
║   • Mean Stiffness Ellipsoid Volume : 5135.231                        ║
║   • Mean Anisotropy (Cond Number k) :   1.90                        ║
║   • Mean Riemannian Jerk (AIRM d)   : 0.0476                        ║
╚══════════════════════════════════════════════════════════════════════╝

RAW METRICS JSON:
{
    "config": "BASELINE_DR",
    "obs_mode": "MULTI_MARKER_85D",
    "method": "BASELINE",
    "timestamp": "2026-09-04_20-53-09",
    "task_duration_sec": 18.55,
    "active_contact_step_count": 301,
    "contact_force_threshold_N": 3.0,
    "force_metrics": {
        "Fz_mean_N": 4.38,
        "Fz_peak_N": 9.58,
        "optimal_force_window_5_to_10N_pct": 28.9,
        "safety_violations_gt_10N_pct": 0.0,
        "hardware_violations_gt_15N_pct": 0.0
    },
    "impedance_metrics": {
        "spd_validity_rate_pct": 100.0,
        "mean_ellipsoid_volume": 5135.231,
        "mean_anisotropy_condition_number": 1.9,
        "mean_airm_riemannian_jerk": 0.0476
    }
}