TIMESTAMP: 2026-09-04_20-49-54

╔══════════════════════════════════════════════════════════════════════╗
║                ICRA REAL-WORLD ROLLOUT METRICS REPORT                ║
╠══════════════════════════════════════════════════════════════════════╣
║ Config: SPD_DR                Method: SPD       Duration: 16.45s  ║
╟──────────────────────────────────────────────────────────────────────╢
║ CONTACT FORCE METRICS (Surface Contact Threshold: > 3.0 N)           ║
║   • Mean Normal Force (Fz_mean)     :   6.59 N                      ║
║   • Peak Normal Force (Fz_peak)     :  12.05 N                      ║
║   • Optimal Window (5N <= Fz <= 10N):   72.4 %                      ║
║   • Safety Violations  (Fz > 10N)   :    4.9 %                      ║
║   • Hardware Violations(Fz > 15N)   :    0.0 %                      ║
╟──────────────────────────────────────────────────────────────────────╢
║ STIFFNESS / IMPEDANCE METRICS                                        ║
║   • Physical SPD Validity Rate      :  100.0 %                      ║
║   • Mean Stiffness Ellipsoid Volume : 6178.649                        ║
║   • Mean Anisotropy (Cond Number k) :   2.03                        ║
║   • Mean Riemannian Jerk (AIRM d)   : 0.0574                        ║
╚══════════════════════════════════════════════════════════════════════╝

RAW METRICS JSON:
{
    "config": "SPD_DR",
    "obs_mode": "MULTI_MARKER_85D",
    "method": "SPD",
    "timestamp": "2026-09-04_20-49-54",
    "task_duration_sec": 16.45,
    "active_contact_step_count": 283,
    "contact_force_threshold_N": 3.0,
    "force_metrics": {
        "Fz_mean_N": 6.59,
        "Fz_peak_N": 12.05,
        "optimal_force_window_5_to_10N_pct": 72.4,
        "safety_violations_gt_10N_pct": 4.9,
        "hardware_violations_gt_15N_pct": 0.0
    },
    "impedance_metrics": {
        "spd_validity_rate_pct": 100.0,
        "mean_ellipsoid_volume": 6178.649,
        "mean_anisotropy_condition_number": 2.03,
        "mean_airm_riemannian_jerk": 0.0574
    }
}