TIMESTAMP: 2026-09-08_20-54-28

╔══════════════════════════════════════════════════════════════════════╗
║                ICRA REAL-WORLD ROLLOUT METRICS REPORT                ║
╠══════════════════════════════════════════════════════════════════════╣
║ Config: SPD_DR                Method: SPD       Duration: 17.15s  ║
╟──────────────────────────────────────────────────────────────────────╢
║ CONTACT FORCE METRICS (Surface Contact Threshold: > 3.0 N)           ║
║   • Mean Normal Force (Fz_mean)     :   7.35 N                      ║
║   • Peak Normal Force (Fz_peak)     :  17.69 N                      ║
║   • Optimal Window (5N <= Fz <= 10N):   36.2 %                      ║
║   • Safety Violations  (Fz > 10N)   :   26.7 %                      ║
║   • Hardware Violations(Fz > 15N)   :    3.0 %                      ║
╟──────────────────────────────────────────────────────────────────────╢
║ STIFFNESS / IMPEDANCE METRICS                                        ║
║   • Physical SPD Validity Rate      :  100.0 %                      ║
║   • Mean Stiffness Ellipsoid Volume : 6734.853                        ║
║   • Mean Anisotropy (Cond Number k) :   1.78                        ║
║   • Mean Riemannian Jerk (AIRM d)   : 0.1263                        ║
╚══════════════════════════════════════════════════════════════════════╝

RAW METRICS JSON:
{
    "config": "SPD_DR",
    "obs_mode": "MULTI_MARKER_85D",
    "method": "SPD",
    "timestamp": "2026-09-08_20-54-28",
    "task_duration_sec": 17.15,
    "active_contact_step_count": 232,
    "contact_force_threshold_N": 3.0,
    "force_metrics": {
        "Fz_mean_N": 7.35,
        "Fz_peak_N": 17.69,
        "optimal_force_window_5_to_10N_pct": 36.2,
        "safety_violations_gt_10N_pct": 26.7,
        "hardware_violations_gt_15N_pct": 3.0
    },
    "impedance_metrics": {
        "spd_validity_rate_pct": 100.0,
        "mean_ellipsoid_volume": 6734.853,
        "mean_anisotropy_condition_number": 1.78,
        "mean_airm_riemannian_jerk": 0.1263
    }
}