TIMESTAMP: 2026-09-04_21-20-23

╔══════════════════════════════════════════════════════════════════════╗
║                ICRA REAL-WORLD ROLLOUT METRICS REPORT                ║
╠══════════════════════════════════════════════════════════════════════╣
║ Config: SPD_DR                Method: SPD       Duration: 25.05s  ║
╟──────────────────────────────────────────────────────────────────────╢
║ CONTACT FORCE METRICS (Surface Contact Threshold: > 3.0 N)           ║
║   • Mean Normal Force (Fz_mean)     :   8.28 N                      ║
║   • Peak Normal Force (Fz_peak)     :  19.09 N                      ║
║   • Optimal Window (5N <= Fz <= 10N):   31.8 %                      ║
║   • Safety Violations  (Fz > 10N)   :   36.7 %                      ║
║   • Hardware Violations(Fz > 15N)   :   10.0 %                      ║
╟──────────────────────────────────────────────────────────────────────╢
║ STIFFNESS / IMPEDANCE METRICS                                        ║
║   • Physical SPD Validity Rate      :  100.0 %                      ║
║   • Mean Stiffness Ellipsoid Volume : 6638.045                        ║
║   • Mean Anisotropy (Cond Number k) :   1.62                        ║
║   • Mean Riemannian Jerk (AIRM d)   : 0.0834                        ║
╚══════════════════════════════════════════════════════════════════════╝

RAW METRICS JSON:
{
    "config": "SPD_DR",
    "obs_mode": "MULTI_MARKER_85D",
    "method": "SPD",
    "timestamp": "2026-09-04_21-20-23",
    "task_duration_sec": 25.05,
    "active_contact_step_count": 412,
    "contact_force_threshold_N": 3.0,
    "force_metrics": {
        "Fz_mean_N": 8.28,
        "Fz_peak_N": 19.09,
        "optimal_force_window_5_to_10N_pct": 31.8,
        "safety_violations_gt_10N_pct": 36.7,
        "hardware_violations_gt_15N_pct": 10.0
    },
    "impedance_metrics": {
        "spd_validity_rate_pct": 100.0,
        "mean_ellipsoid_volume": 6638.045,
        "mean_anisotropy_condition_number": 1.62,
        "mean_airm_riemannian_jerk": 0.0834
    }
}