TIMESTAMP: 2026-09-07_21-39-17

╔══════════════════════════════════════════════════════════════════════╗
║                ICRA REAL-WORLD ROLLOUT METRICS REPORT                ║
╠══════════════════════════════════════════════════════════════════════╣
║ Config: SPD_DR                Method: SPD       Duration: 18.00s  ║
╟──────────────────────────────────────────────────────────────────────╢
║ CONTACT FORCE METRICS (Surface Contact Threshold: > 3.0 N)           ║
║   • Mean Normal Force (Fz_mean)     :   6.94 N                      ║
║   • Peak Normal Force (Fz_peak)     :  18.03 N                      ║
║   • Optimal Window (5N <= Fz <= 10N):   36.3 %                      ║
║   • Safety Violations  (Fz > 10N)   :   23.1 %                      ║
║   • Hardware Violations(Fz > 15N)   :    2.6 %                      ║
╟──────────────────────────────────────────────────────────────────────╢
║ STIFFNESS / IMPEDANCE METRICS                                        ║
║   • Physical SPD Validity Rate      :  100.0 %                      ║
║   • Mean Stiffness Ellipsoid Volume : 6307.841                        ║
║   • Mean Anisotropy (Cond Number k) :   1.90                        ║
║   • Mean Riemannian Jerk (AIRM d)   : 0.1145                        ║
╚══════════════════════════════════════════════════════════════════════╝

RAW METRICS JSON:
{
    "config": "SPD_DR",
    "obs_mode": "MULTI_MARKER_85D",
    "method": "SPD",
    "timestamp": "2026-09-07_21-39-17",
    "task_duration_sec": 18.0,
    "active_contact_step_count": 273,
    "contact_force_threshold_N": 3.0,
    "force_metrics": {
        "Fz_mean_N": 6.94,
        "Fz_peak_N": 18.03,
        "optimal_force_window_5_to_10N_pct": 36.3,
        "safety_violations_gt_10N_pct": 23.1,
        "hardware_violations_gt_15N_pct": 2.6
    },
    "impedance_metrics": {
        "spd_validity_rate_pct": 100.0,
        "mean_ellipsoid_volume": 6307.841,
        "mean_anisotropy_condition_number": 1.9,
        "mean_airm_riemannian_jerk": 0.1145
    }
}